Component: ARM Compiler 6.16 Tool: armlink [5dfeaa00]

==============================================================================

Section Cross References

    startup_stm32f407xx.o(RESET) refers to startup_stm32f407xx.o(STACK) for __initial_sp
    startup_stm32f407xx.o(RESET) refers to startup_stm32f407xx.o(.text) for Reset_Handler
    startup_stm32f407xx.o(RESET) refers to stm32f4xx_it.o(.text.NMI_Handler) for NMI_Handler
    startup_stm32f407xx.o(RESET) refers to stm32f4xx_it.o(.text.HardFault_Handler) for HardFault_Handler
    startup_stm32f407xx.o(RESET) refers to stm32f4xx_it.o(.text.MemManage_Handler) for MemManage_Handler
    startup_stm32f407xx.o(RESET) refers to stm32f4xx_it.o(.text.BusFault_Handler) for BusFault_Handler
    startup_stm32f407xx.o(RESET) refers to stm32f4xx_it.o(.text.UsageFault_Handler) for UsageFault_Handler
    startup_stm32f407xx.o(RESET) refers to port.o(.text.SVC_Handler) for SVC_Handler
    startup_stm32f407xx.o(RESET) refers to stm32f4xx_it.o(.text.DebugMon_Handler) for DebugMon_Handler
    startup_stm32f407xx.o(RESET) refers to port.o(.text.PendSV_Handler) for PendSV_Handler
    startup_stm32f407xx.o(RESET) refers to cmsis_os2.o(.text.SysTick_Handler) for SysTick_Handler
    startup_stm32f407xx.o(RESET) refers to stm32f4xx_it.o(.text.EXTI3_IRQHandler) for EXTI3_IRQHandler
    startup_stm32f407xx.o(RESET) refers to stm32f4xx_it.o(.text.EXTI4_IRQHandler) for EXTI4_IRQHandler
    startup_stm32f407xx.o(RESET) refers to stm32f4xx_it.o(.text.ADC_IRQHandler) for ADC_IRQHandler
    startup_stm32f407xx.o(RESET) refers to stm32f4xx_it.o(.text.TIM7_IRQHandler) for TIM7_IRQHandler
    startup_stm32f407xx.o(RESET) refers to stm32f4xx_it.o(.text.DMA2_Stream2_IRQHandler) for DMA2_Stream2_IRQHandler
    startup_stm32f407xx.o(.text) refers to system_stm32f4xx.o(.text.SystemInit) for SystemInit
    startup_stm32f407xx.o(.text) refers to entry.o(.ARM.Collect$$$$00000000) for __main
    main.o(.text.main) refers to stm32f4xx_hal.o(.text.HAL_Init) for HAL_Init
    main.o(.text.main) refers to main.o(.text.SystemClock_Config) for SystemClock_Config
    main.o(.text.main) refers to gpio.o(.text.MX_GPIO_Init) for MX_GPIO_Init
    main.o(.text.main) refers to dma.o(.text.MX_DMA_Init) for MX_DMA_Init
    main.o(.text.main) refers to usart.o(.text.MX_USART1_UART_Init) for MX_USART1_UART_Init
    main.o(.text.main) refers to i2c.o(.text.MX_I2C1_Init) for MX_I2C1_Init
    main.o(.text.main) refers to spi.o(.text.MX_SPI1_Init) for MX_SPI1_Init
    main.o(.text.main) refers to adc.o(.text.MX_ADC2_Init) for MX_ADC2_Init
    main.o(.text.main) refers to tim.o(.text.MX_TIM3_Init) for MX_TIM3_Init
    main.o(.text.main) refers to a7131.o(.text.InitA7131) for InitA7131
    main.o(.text.main) refers to oled.o(.text.OLED_Init) for OLED_Init
    main.o(.text.main) refers to tim.o(.bss.htim3) for htim3
    main.o(.text.main) refers to stm32f4xx_hal_tim.o(.text.HAL_TIM_PWM_Start) for HAL_TIM_PWM_Start
    main.o(.text.main) refers to cmsis_os2.o(.text.osKernelInitialize) for osKernelInitialize
    main.o(.text.main) refers to freertos.o(.text.MX_FREERTOS_Init) for MX_FREERTOS_Init
    main.o(.text.main) refers to cmsis_os2.o(.text.osKernelStart) for osKernelStart
    main.o(.ARM.exidx.text.main) refers to main.o(.text.main) for [Anonymous Symbol]
    main.o(.text.SystemClock_Config) refers to memseta.o(.text) for __aeabi_memclr4
    main.o(.text.SystemClock_Config) refers to stm32f4xx_hal_rcc.o(.text.HAL_RCC_OscConfig) for HAL_RCC_OscConfig
    main.o(.text.SystemClock_Config) refers to stm32f4xx_hal_rcc.o(.text.HAL_RCC_ClockConfig) for HAL_RCC_ClockConfig
    main.o(.text.SystemClock_Config) refers to main.o(.text.Error_Handler) for Error_Handler
    main.o(.ARM.exidx.text.SystemClock_Config) refers to main.o(.text.SystemClock_Config) for [Anonymous Symbol]
    main.o(.ARM.exidx.text.Error_Handler) refers to main.o(.text.Error_Handler) for [Anonymous Symbol]
    main.o(.text.HAL_TIM_PeriodElapsedCallback) refers to stm32f4xx_hal.o(.text.HAL_IncTick) for HAL_IncTick
    main.o(.ARM.exidx.text.HAL_TIM_PeriodElapsedCallback) refers to main.o(.text.HAL_TIM_PeriodElapsedCallback) for [Anonymous Symbol]
    gpio.o(.text.MX_GPIO_Init) refers to stm32f4xx_hal_gpio.o(.text.HAL_GPIO_WritePin) for HAL_GPIO_WritePin
    gpio.o(.text.MX_GPIO_Init) refers to stm32f4xx_hal_gpio.o(.text.HAL_GPIO_Init) for HAL_GPIO_Init
    gpio.o(.text.MX_GPIO_Init) refers to stm32f4xx_hal_cortex.o(.text.HAL_NVIC_SetPriority) for HAL_NVIC_SetPriority
    gpio.o(.text.MX_GPIO_Init) refers to stm32f4xx_hal_cortex.o(.text.HAL_NVIC_EnableIRQ) for HAL_NVIC_EnableIRQ
    gpio.o(.ARM.exidx.text.MX_GPIO_Init) refers to gpio.o(.text.MX_GPIO_Init) for [Anonymous Symbol]
    freertos.o(.text.MX_FREERTOS_Init) refers to freertos.o(.rodata.xx_attributes) for xx_attributes
    freertos.o(.text.MX_FREERTOS_Init) refers to cmsis_os2.o(.text.osSemaphoreNew) for osSemaphoreNew
[...]
    [Anonymous Symbol]                       0x20004a18   Section        0  cmsis_os2.o(.bss.vApplicationGetIdleTaskMemory.Idle_TCB)
    vApplicationGetTimerTaskMemory.Timer_Stack 0x20004a74   Data        1024  cmsis_os2.o(.bss.vApplicationGetTimerTaskMemory.Timer_Stack)
    [Anonymous Symbol]                       0x20004a74   Section        0  cmsis_os2.o(.bss.vApplicationGetTimerTaskMemory.Timer_Stack)
    vApplicationGetTimerTaskMemory.Timer_TCB 0x20004e74   Data          92  cmsis_os2.o(.bss.vApplicationGetTimerTaskMemory.Timer_TCB)
    [Anonymous Symbol]                       0x20004e74   Section        0  cmsis_os2.o(.bss.vApplicationGetTimerTaskMemory.Timer_TCB)
    xActiveTimerList1                        0x20004ed0   Data          20  timers.o(.bss.xActiveTimerList1)
    [Anonymous Symbol]                       0x20004ed0   Section        0  timers.o(.bss.xActiveTimerList1)
    xActiveTimerList2                        0x20004ee4   Data          20  timers.o(.bss.xActiveTimerList2)
    [Anonymous Symbol]                       0x20004ee4   Section        0  timers.o(.bss.xActiveTimerList2)
    xBlockAllocatedBit                       0x20004ef8   Data           1  heap_4.o(.bss.xBlockAllocatedBit)
    [Anonymous Symbol]                       0x20004ef8   Section        0  heap_4.o(.bss.xBlockAllocatedBit)
    xDelayedTaskList1                        0x20004efc   Data          20  tasks.o(.bss.xDelayedTaskList1)
    [Anonymous Symbol]                       0x20004efc   Section        0  tasks.o(.bss.xDelayedTaskList1)
    xDelayedTaskList2                        0x20004f10   Data          20  tasks.o(.bss.xDelayedTaskList2)
    [Anonymous Symbol]                       0x20004f10   Section        0  tasks.o(.bss.xDelayedTaskList2)
    xFreeBytesRemaining                      0x20004f24   Data           4  heap_4.o(.bss.xFreeBytesRemaining)
    [Anonymous Symbol]                       0x20004f24   Section        0  heap_4.o(.bss.xFreeBytesRemaining)
    xIdleTaskHandle                          0x20004f28   Data           4  tasks.o(.bss.xIdleTaskHandle)
    [Anonymous Symbol]                       0x20004f28   Section        0  tasks.o(.bss.xIdleTaskHandle)
    xMinimumEverFreeBytesRemaining           0x20004f2c   Data           4  heap_4.o(.bss.xMinimumEverFreeBytesRemaining)
    [Anonymous Symbol]                       0x20004f2c   Section        0  heap_4.o(.bss.xMinimumEverFreeBytesRemaining)
    xNextTaskUnblockTime                     0x20004f30   Data           4  tasks.o(.bss.xNextTaskUnblockTime)
    [Anonymous Symbol]                       0x20004f30   Section        0  tasks.o(.bss.xNextTaskUnblockTime)
    xNumOfOverflows                          0x20004f34   Data           4  tasks.o(.bss.xNumOfOverflows)
    [Anonymous Symbol]                       0x20004f34   Section        0  tasks.o(.bss.xNumOfOverflows)
    xNumberOfSuccessfulAllocations           0x20004f38   Data           4  heap_4.o(.bss.xNumberOfSuccessfulAllocations)
    [Anonymous Symbol]                       0x20004f38   Section        0  heap_4.o(.bss.xNumberOfSuccessfulAllocations)
    xNumberOfSuccessfulFrees                 0x20004f3c   Data           4  heap_4.o(.bss.xNumberOfSuccessfulFrees)
    [Anonymous Symbol]                       0x20004f3c   Section        0  heap_4.o(.bss.xNumberOfSuccessfulFrees)
    xPendedTicks                             0x20004f40   Data           4  tasks.o(.bss.xPendedTicks)
    [Anonymous Symbol]                       0x20004f40   Section        0  tasks.o(.bss.xPendedTicks)
    xPendingReadyList                        0x20004f44   Data          20  tasks.o(.bss.xPendingReadyList)
    [Anonymous Symbol]                       0x20004f44   Section        0  tasks.o(.bss.xPendingReadyList)
    xSchedulerRunning                        0x20004f98   Data           4  tasks.o(.bss.xSchedulerRunning)
    [Anonymous Symbol]                       0x20004f98   Section        0  tasks.o(.bss.xSchedulerRunning)
    xStart                                   0x20004f9c   Data           8  heap_4.o(.bss.xStart)
    [Anonymous Symbol]                       0x20004f9c   Section        0  heap_4.o(.bss.xStart)
    xSuspendedTaskList                       0x20004fa4   Data          20  tasks.o(.bss.xSuspendedTaskList)
    [Anonymous Symbol]                       0x20004fa4   Section        0  tasks.o(.bss.xSuspendedTaskList)
    xTasksWaitingTermination                 0x20004fb8   Data          20  tasks.o(.bss.xTasksWaitingTermination)
    [Anonymous Symbol]                       0x20004fb8   Section        0  tasks.o(.bss.xTasksWaitingTermination)
    xTickCount                               0x20004fcc   Data           4  tasks.o(.bss.xTickCount)
    [Anonymous Symbol]                       0x20004fcc   Section        0  tasks.o(.bss.xTickCount)
    xTimerQueue                              0x20004fd0   Data           4  timers.o(.bss.xTimerQueue)
    [Anonymous Symbol]                       0x20004fd0   Section        0  timers.o(.bss.xTimerQueue)
    xTimerTaskHandle                         0x20004fd4   Data           4  timers.o(.bss.xTimerTaskHandle)
    [Anonymous Symbol]                       0x20004fd4   Section        0  timers.o(.bss.xTimerTaskHandle)
    xYieldPending                            0x20004fd8   Data           4  tasks.o(.bss.xYieldPending)
    [Anonymous Symbol]                       0x20004fd8   Section        0  tasks.o(.bss.xYieldPending)
    STACK                                    0x20004fe0   Section     1536  startup_stm32f407xx.o(STACK)

    Global Symbols

    Symbol Name                              Value     Ov Type        Size  Object(Section)

    BuildAttributes$$THM_ISAv4$E$P$D$K$B$S$7EM$VFPi3$EXTD16$VFPS$VFMA$PE$A:L22UL41UL21$X:L11$S22US41US21$IEEE1$IW$~IW$USESV6$~STKCKD$USESV7$~SHL$OTIME$ROPI$EBA8$MICROLIB$REQ8$PRES8$EABIv2 0x00000000   Number         0  anon$$obj.o ABSOLUTE
    _printf_a                                0x00000000   Number         0  printfstubs.o ABSOLUTE
    _printf_c                                0x00000000   Number         0  printfstubs.o ABSOLUTE
    _printf_charcount                        0x00000000   Number         0  printfstubs.o ABSOLUTE
    _printf_d                                0x00000000   Number         0  printfstubs.o ABSOLUTE
    _printf_e                                0x00000000   Number         0  printfstubs.o ABSOLUTE
    _printf_f                                0x00000000   Number         0  printfstubs.o ABSOLUTE
    _printf_flags                            0x00000000   Number         0  printfstubs.o ABSOLUTE
    _printf_fp_dec                           0x00000000   Number         0  printfstubs.o ABSOLUTE
    _printf_fp_hex                           0x00000000   Number         0  printfstubs.o ABSOLUTE
    _printf_g                                0x00000000   Number         0  printfstubs.o ABSOLUTE
    _printf_i                                0x00000000   Number         0  printfstubs.o ABSOLUTE
    _printf_int_dec                          0x00000000   Number         0  printfstubs.o ABSOLUTE
    _printf_l                                0x00000000   Number         0  printfstubs.o ABSOLUTE
    _printf_lc                               0x00000000   Number         0  printfstubs.o ABSOLUTE
    _printf_ll                               0x00000000   Number         0  printfstubs.o ABSOLUTE
    _printf_lld                              0x00000000   Number         0  printfstubs.o ABSOLUTE
    _printf_lli                              0x00000000   Number         0  printfstubs.o ABSOLUTE
    _printf_llo                              0x00000000   Number         0  printfstubs.o ABSOLUTE
    _printf_llu                              0x00000000   Number         0  printfstubs.o ABSOLUTE
    _printf_llx                              0x00000000   Number         0  printfstubs.o ABSOLUTE
    _printf_longlong_dec                     0x00000000   Number         0  printfstubs.o ABSOLUTE
    _printf_longlong_hex                     0x00000000   Number         0  printfstubs.o ABSOLUTE
    _printf_longlong_oct                     0x00000000   Number         0  printfstubs.o ABSOLUTE
    _printf_ls                               0x00000000   Number         0  printfstubs.o ABSOLUTE
    _printf_mbtowc                           0x00000000   Number         0  printfstubs.o ABSOLUTE
    _printf_n                                0x00000000   Number         0  printfstubs.o ABSOLUTE
    _printf_o                                0x00000000   Number         0  printfstubs.o ABSOLUTE
    _printf_p                                0x00000000   Number         0  printfstubs.o ABSOLUTE
    _printf_percent                          0x00000000   Number         0  printfstubs.o ABSOLUTE
    _printf_pre_padding                      0x00000000   Number         0  printfstubs.o ABSOLUTE
    _printf_return_value                     0x00000000   Number         0  printfstubs.o ABSOLUTE
    _printf_s                                0x00000000   Number         0  printfstubs.o ABSOLUTE
    _printf_sizespec                         0x00000000   Number         0  printfstubs.o ABSOLUTE
    _printf_str                              0x00000000   Number         0  printfstubs.o ABSOLUTE
    _printf_truncate_signed                  0x00000000   Number         0  printfstubs.o ABSOLUTE
    _printf_truncate_unsigned                0x00000000   Number         0  printfstubs.o ABSOLUTE
    _printf_u                                0x00000000   Number         0  printfstubs.o ABSOLUTE
    _printf_wc                               0x00000000   Number         0  printfstubs.o ABSOLUTE
    _printf_wctomb                           0x00000000   Number         0  printfstubs.o ABSOLUTE
    _printf_widthprec                        0x00000000   Number         0  printfstubs.o ABSOLUTE
    _printf_x                                0x00000000   Number         0  printfstubs.o ABSOLUTE
    __cpp_initialize__aeabi_                  - Undefined Weak Reference
    __cxa_finalize                            - Undefined Weak Reference
    __decompress                              - Undefined Weak Reference
    _clock_init                               - Undefined Weak Reference
    _microlib_exit                            - Undefined Weak Reference
    __Vectors_Size                           0x00000188   Number         0  startup_stm32f407xx.o ABSOLUTE
    __Vectors                                0x08000000   Data           4  startup_stm32f407xx.o(RESET)
    __Vectors_End                            0x08000188   Data           0  startup_stm32f407xx.o(RESET)
    __main                                   0x08000189   Thumb Code     0  entry.o(.ARM.Collect$$$$00000000)
    _main_stk                                0x08000189   Thumb Code     0  entry2.o(.ARM.Collect$$$$00000001)
    _main_scatterload                        0x0800018d   Thumb Code     0  entry5.o(.ARM.Collect$$$$00000004)
    __main_after_scatterload                 0x08000191   Thumb Code     0  entry5.o(.ARM.Collect$$$$00000004)
    _main_clock                              0x08000191   Thumb Code     0  entry7b.o(.ARM.Collect$$$$00000008)
    _main_cpp_init                           0x08000191   Thumb Code     0  entry8b.o(.ARM.Collect$$$$0000000A)
    _main_init                               0x08000191   Thumb Code     0  entry9a.o(.ARM.Collect$$$$0000000B)
    __rt_final_cpp                           0x08000199   Thumb Code     0  entry10a.o(.ARM.Collect$$$$0000000D)
    __rt_final_exit                          0x08000199   Thumb Code     0  entry11a.o(.ARM.Collect$$$$0000000F)
    Reset_Handler                            0x0800019d   Thumb Code     8  startup_stm32f407xx.o(.text)
    CAN1_RX0_IRQHandler                      0x080001b7   Thumb Code     0  startup_stm32f407xx.o(.text)
    CAN1_RX1_IRQHandler                      0x080001b7   Thumb Code     0  startup_stm32f407xx.o(.text)
    CAN1_SCE_IRQHandler                      0x080001b7   Thumb Code     0  startup_stm32f407xx.o(.text)
    CAN1_TX_IRQHandler                       0x080001b7   Thumb Code     0  startup_stm32f407xx.o(.text)
    CAN2_RX0_IRQHandler                      0x080001b7   Thumb Code     0  startup_stm32f407xx.o(.text)
    CAN2_RX1_IRQHandler                      0x080001b7   Thumb Code     0  startup_stm32f407xx.o(.text)
    CAN2_SCE_IRQHandler                      0x080001b7   Thumb Code     0  startup_stm32f407xx.o(.text)
    CAN2_TX_IRQHandler                       0x080001b7   Thumb Code     0  startup_stm32f407xx.o(.text)
    DCMI_IRQHandler                          0x080001b7   Thumb Code     0  startup_stm32f407xx.o(.text)
    DMA1_Stream0_IRQHandler                  0x080001b7   Thumb Code     0  startup_stm32f407xx.o(.text)
    DMA1_Stream1_IRQHandler                  0x080001b7   Thumb Code     0  startup_stm32f407xx.o(.text)
    DMA1_Stream2_IRQHandler                  0x080001b7   Thumb Code     0  startup_stm32f407xx.o(.text)
    DMA1_Stream3_IRQHandler                  0x080001b7   Thumb Code     0  startup_stm32f407xx.o(.text)
    DMA1_Stream4_IRQHandler                  0x080001b7   Thumb Code     0  startup_stm32f407xx.o(.text)
    DMA1_Stream5_IRQHandler                  0x080001b7   Thumb Code     0  startup_stm32f407xx.o(.text)
    DMA1_Stream6_IRQHandler                  0x080001b7   Thumb Code     0  startup_stm32f407xx.o(.text)
    DMA1_Stream7_IRQHandler                  0x080001b7   Thumb Code     0  startup_stm32f407xx.o(.text)
    DMA2_Stream0_IRQHandler                  0x080001b7   Thumb Code     0  startup_stm32f407xx.o(.text)
    DMA2_Stream1_IRQHandler                  0x080001b7   Thumb Code     0  startup_stm32f407xx.o(.text)
    DMA2_Stream3_IRQHandler                  0x080001b7   Thumb Code     0  startup_stm32f407xx.o(.text)
    DMA2_Stream4_IRQHandler                  0x080001b7   Thumb Code     0  startup_stm32f407xx.o(.text)
    DMA2_Stream5_IRQHandler                  0x080001b7   Thumb Code     0  startup_stm32f407xx.o(.text)
    DMA2_Stream6_IRQHandler                  0x080001b7   Thumb Code     0  startup_stm32f407xx.o(.text)
    DMA2_Stream7_IRQHandler                  0x080001b7   Thumb Code     0  startup_stm32f407xx.o(.text)
    ETH_IRQHandler                           0x080001b7   Thumb Code     0  startup_stm32f407xx.o(.text)
    ETH_WKUP_IRQHandler                      0x080001b7   Thumb Code     0  startup_stm32f407xx.o(.text)
    EXTI0_IRQHandler                         0x080001b7   Thumb Code     0  startup_stm32f407xx.o(.text)
    EXTI15_10_IRQHandler                     0x080001b7   Thumb Code     0  startup_stm32f407xx.o(.text)
    EXTI1_IRQHandler                         0x080001b7   Thumb Code     0  startup_stm32f407xx.o(.text)
    EXTI2_IRQHandler                         0x080001b7   Thumb Code     0  startup_stm32f407xx.o(.text)
    EXTI9_5_IRQHandler                       0x080001b7   Thumb Code     0  startup_stm32f407xx.o(.text)
    FLASH_IRQHandler                         0x080001b7   Thumb Code     0  startup_stm32f407xx.o(.text)
    FMC_IRQHandler                           0x080001b7   Thumb Code     0  startup_stm32f407xx.o(.text)
    FPU_IRQHandler                           0x080001b7   Thumb Code     0  startup_stm32f407xx.o(.text)
    HASH_RNG_IRQHandler                      0x080001b7   Thumb Code     0  startup_stm32f407xx.o(.text)
    I2C1_ER_IRQHandler                       0x080001b7   Thumb Code     0  startup_stm32f407xx.o(.text)
    I2C1_EV_IRQHandler                       0x080001b7   Thumb Code     0  startup_stm32f407xx.o(.text)
    I2C2_ER_IRQHandler                       0x080001b7   Thumb Code     0  startup_stm32f407xx.o(.text)
    I2C2_EV_IRQHandler                       0x080001b7   Thumb Code     0  startup_stm32f407xx.o(.text)
    I2C3_ER_IRQHandler                       0x080001b7   Thumb Code     0  startup_stm32f407xx.o(.text)
    I2C3_EV_IRQHandler                       0x080001b7   Thumb Code     0  startup_stm32f407xx.o(.text)
    OTG_FS_IRQHandler                        0x080001b7   Thumb Code     0  startup_stm32f407xx.o(.text)
    OTG_FS_WKUP_IRQHandler                   0x080001b7   Thumb Code     0  startup_stm32f407xx.o(.text)
    OTG_HS_EP1_IN_IRQHandler                 0x080001b7   Thumb Code     0  startup_stm32f407xx.o(.text)
    OTG_HS_EP1_OUT_IRQHandler                0x080001b7   Thumb Code     0  startup_stm32f407xx.o(.text)
    OTG_HS_IRQHandler                        0x080001b7   Thumb Code     0  startup_stm32f407xx.o(.text)
    OTG_HS_WKUP_IRQHandler                   0x080001b7   Thumb Code     0  startup_stm32f407xx.o(.text)
    PVD_IRQHandler                           0x080001b7   Thumb Code     0  startup_stm32f407xx.o(.text)
    RCC_IRQHandler                           0x080001b7   Thumb Code     0  startup_stm32f407xx.o(.text)
    RTC_Alarm_IRQHandler                     0x080001b7   Thumb Code     0  startup_stm32f407xx.o(.text)
    RTC_WKUP_IRQHandler                      0x080001b7   Thumb Code     0  startup_stm32f407xx.o(.text)
    SDIO_IRQHandler                          0x080001b7   Thumb Code     0  startup_stm32f407xx.o(.text)
    SPI1_IRQHandler                          0x080001b7   Thumb Code     0  startup_stm32f407xx.o(.text)
    SPI2_IRQHandler                          0x080001b7   Thumb Code     0  startup_stm32f407xx.o(.text)
    SPI3_IRQHandler                          0x080001b7   Thumb Code     0  startup_stm32f407xx.o(.text)
    TAMP_STAMP_IRQHandler                    0x080001b7   Thumb Code     0  startup_stm32f407xx.o(.text)
    TIM1_BRK_TIM9_IRQHandler                 0x080001b7   Thumb Code     0  startup_stm32f407xx.o(.text)
    TIM1_CC_IRQHandler                       0x080001b7   Thumb Code     0  startup_stm32f407xx.o(.text)
    TIM1_TRG_COM_TIM11_IRQHandler            0x080001b7   Thumb Code     0  startup_stm32f407xx.o(.text)
    TIM1_UP_TIM10_IRQHandler                 0x080001b7   Thumb Code     0  startup_stm32f407xx.o(.text)
    TIM2_IRQHandler                          0x080001b7   Thumb Code     0  startup_stm32f407xx.o(.text)
    TIM3_IRQHandler                          0x080001b7   Thumb Code     0  startup_stm32f407xx.o(.text)
    TIM4_IRQHandler                          0x080001b7   Thumb Code     0  startup_stm32f407xx.o(.text)
    TIM5_IRQHandler                          0x080001b7   Thumb Code     0  startup_stm32f407xx.o(.text)
    TIM6_DAC_IRQHandler                      0x080001b7   Thumb Code     0  startup_stm32f407xx.o(.text)
    TIM8_BRK_TIM12_IRQHandler                0x080001b7   Thumb Code     0  startup_stm32f407xx.o(.text)
    TIM8_CC_IRQHandler                       0x080001b7   Thumb Code     0  startup_stm32f407xx.o(.text)
    TIM8_TRG_COM_TIM14_IRQHandler            0x080001b7   Thumb Code     0  startup_stm32f407xx.o(.text)
    TIM8_UP_TIM13_IRQHandler                 0x080001b7   Thumb Code     0  startup_stm32f407xx.o(.text)
    UART4_IRQHandler                         0x080001b7   Thumb Code     0  startup_stm32f407xx.o(.text)
    UART5_IRQHandler                         0x080001b7   Thumb Code     0  startup_stm32f407xx.o(.text)
    USART1_IRQHandler                        0x080001b7   Thumb Code     0  startup_stm32f407xx.o(.text)
    USART2_IRQHandler                        0x080001b7   Thumb Code     0  startup_stm32f407xx.o(.text)
    USART3_IRQHandler                        0x080001b7   Thumb Code     0  startup_stm32f407xx.o(.text)
    USART6_IRQHandler                        0x080001b7   Thumb Code     0  startup_stm32f407xx.o(.text)
    WWDG_IRQHandler                          0x080001b7   Thumb Code     0  startup_stm32f407xx.o(.text)
    __aeabi_uldivmod                         0x080001c1   Thumb Code    98  uldiv.o(.text)
    __aeabi_memcpy                           0x08000223   Thumb Code    36  memcpya.o(.text)
    __aeabi_memcpy4                          0x08000223   Thumb Code     0  memcpya.o(.text)
    __aeabi_memcpy8                          0x08000223   Thumb Code     0  memcpya.o(.text)
    __aeabi_memset                           0x08000247   Thumb Code    14  memseta.o(.text)
    __aeabi_memset4                          0x08000247   Thumb Code     0  memseta.o(.text)
    __aeabi_memset8                          0x08000247   Thumb Code     0  memseta.o(.text)
    __aeabi_memclr                           0x08000255   Thumb Code     4  memseta.o(.text)
    __aeabi_memclr4                          0x08000255   Thumb Code     0  memseta.o(.text)
    __aeabi_memclr8                          0x08000255   Thumb Code     0  memseta.o(.text)
    _memset$wrapper                          0x08000259   Thumb Code    18  memseta.o(.text)
    __aeabi_uidiv                            0x0800026b   Thumb Code     0  uidiv.o(.text)
    __aeabi_uidivmod                         0x0800026b   Thumb Code    44  uidiv.o(.text)
    __aeabi_llsl                             0x08000297   Thumb Code    30  llshl.o(.text)
    _ll_shift_l                              0x08000297   Thumb Code     0  llshl.o(.text)
    __aeabi_llsr                             0x080002b5   Thumb Code    32  llushr.o(.text)
    _ll_ushift_r                             0x080002b5   Thumb Code     0  llushr.o(.text)
    __scatterload                            0x080002d5   Thumb Code    28  init.o(.text)
    __scatterload_rt2                        0x080002d5   Thumb Code     0  init.o(.text)
    A7131_Cal                                0x080002f9   Thumb Code   176  a7131.o(.text.A7131_Cal)
    __I$use$semihosting$fputc                0x080002f9   Thumb Code     0  iusesemip.o(.text)
    __semihosting_library_function           0x080002f9   Thumb Code     0  semi.o(.text)
    A7131_Config                             0x080003a9   Thumb Code   170  a7131.o(.text.A7131_Config)
    A7131_ReadReg                            0x08000455   Thumb Code    50  a7131.o(.text.A7131_ReadReg)
    A7131_Reset                              0x08000489   Thumb Code    12  a7131.o(.text.A7131_Reset)
    A7131_WriteID                            0x08000495   Thumb Code    62  a7131.o(.text.A7131_WriteID)
    A7131_WriteReg                           0x080004d5   Thumb Code    46  a7131.o(.text.A7131_WriteReg)
    A7131_WriteReg_Page                      0x08000505   Thumb Code    32  a7131.o(.text.A7131_WriteReg_Page)
    ADC_IRQHandler                           0x08000525   Thumb Code    16  stm32f4xx_it.o(.text.ADC_IRQHandler)
    BusFault_Handler                         0x0800063d   Thumb Code     2  stm32f4xx_it.o(.text.BusFault_Handler)
    ByteSend                                 0x08000641   Thumb Code     8  a7131.o(.text.ByteSend)
    CHGroupCal                               0x08000649   Thumb Code    76  a7131.o(.text.CHGroupCal)
    DMA2_Stream2_IRQHandler                  0x08000695   Thumb Code    16  stm32f4xx_it.o(.text.DMA2_Stream2_IRQHandler)
    DebugMon_Handler                         0x08000731   Thumb Code     2  stm32f4xx_it.o(.text.DebugMon_Handler)
    EXTI3_IRQHandler                         0x08000735   Thumb Code    10  stm32f4xx_it.o(.text.EXTI3_IRQHandler)
    EXTI4_IRQHandler                         0x08000741   Thumb Code    10  stm32f4xx_it.o(.text.EXTI4_IRQHandler)
    Err_State                                0x0800074d   Thumb Code    24  a7131.o(.text.Err_State)
    Error_Handler                            0x08000771   Thumb Code    10  main.o(.text.Error_Handler)
    HAL_ADCEx_InjectedConvCpltCallback       0x0800077d   Thumb Code     2  stm32f4xx_hal_adc_ex.o(.text.HAL_ADCEx_InjectedConvCpltCallback)
    HAL_ADC_ConfigChannel                    0x08000781   Thumb Code   262  stm32f4xx_hal_adc.o(.text.HAL_ADC_ConfigChannel)
    HAL_ADC_ConvCpltCallback                 0x08000889   Thumb Code     2  stm32f4xx_hal_adc.o(.text.HAL_ADC_ConvCpltCallback)
    HAL_ADC_ErrorCallback                    0x0800088d   Thumb Code     2  stm32f4xx_hal_adc.o(.text.HAL_ADC_ErrorCallback)
    HAL_ADC_IRQHandler                       0x08000891   Thumb Code   322  stm32f4xx_hal_adc.o(.text.HAL_ADC_IRQHandler)
    HAL_ADC_Init                             0x080009d5   Thumb Code    78  stm32f4xx_hal_adc.o(.text.HAL_ADC_Init)
    HAL_ADC_LevelOutOfWindowCallback         0x08000a25   Thumb Code     2  stm32f4xx_hal_adc.o(.text.HAL_ADC_LevelOutOfWindowCallback)
    HAL_ADC_MspInit                          0x08000a29   Thumb Code   198  adc.o(.text.HAL_ADC_MspInit)
    HAL_DMA_IRQHandler                       0x08000af1   Thumb Code   396  stm32f4xx_hal_dma.o(.text.HAL_DMA_IRQHandler)
    HAL_DMA_Init                             0x08000c7d   Thumb Code   206  stm32f4xx_hal_dma.o(.text.HAL_DMA_Init)
    HAL_Delay                                0x08000d4d   Thumb Code    40  stm32f4xx_hal.o(.text.HAL_Delay)
    HAL_GPIO_EXTI_Callback                   0x08000d75   Thumb Code    28  freertos.o(.text.HAL_GPIO_EXTI_Callback)
    HAL_GPIO_EXTI_IRQHandler                 0x08000d91   Thumb Code    26  stm32f4xx_hal_gpio.o(.text.HAL_GPIO_EXTI_IRQHandler)
    HAL_GPIO_Init                            0x08000dad   Thumb Code   406  stm32f4xx_hal_gpio.o(.text.HAL_GPIO_Init)
    HAL_GPIO_WritePin                        0x08000f45   Thumb Code    10  stm32f4xx_hal_gpio.o(.text.HAL_GPIO_WritePin)
    HAL_GetTick                              0x08000f51   Thumb Code    12  stm32f4xx_hal.o(.text.HAL_GetTick)
    HAL_I2C_Init                             0x08000f5d   Thumb Code   408  stm32f4xx_hal_i2c.o(.text.HAL_I2C_Init)
    HAL_I2C_Mem_Write                        0x080010f5   Thumb Code   298  stm32f4xx_hal_i2c.o(.text.HAL_I2C_Mem_Write)
    HAL_I2C_MspInit                          0x08001221   Thumb Code   116  i2c.o(.text.HAL_I2C_MspInit)
    HAL_IncTick                              0x08001295   Thumb Code    26  stm32f4xx_hal.o(.text.HAL_IncTick)
    HAL_Init                                 0x080012b1   Thumb Code    54  stm32f4xx_hal.o(.text.HAL_Init)
    HAL_InitTick                             0x080012e9   Thumb Code   142  stm32f4xx_hal_timebase_tim.o(.text.HAL_InitTick)
    HAL_MspInit                              0x08001379   Thumb Code    70  stm32f4xx_hal_msp.o(.text.HAL_MspInit)
    HAL_NVIC_EnableIRQ                       0x080013c1   Thumb Code     8  stm32f4xx_hal_cortex.o(.text.HAL_NVIC_EnableIRQ)
    HAL_NVIC_SetPriority                     0x080013c9   Thumb Code    30  stm32f4xx_hal_cortex.o(.text.HAL_NVIC_SetPriority)
    HAL_NVIC_SetPriorityGrouping             0x080013e9   Thumb Code     8  stm32f4xx_hal_cortex.o(.text.HAL_NVIC_SetPriorityGrouping)
    HAL_RCC_ClockConfig                      0x080013f1   Thumb Code   352  stm32f4xx_hal_rcc.o(.text.HAL_RCC_ClockConfig)
    HAL_RCC_GetClockConfig                   0x08001551   Thumb Code    62  stm32f4xx_hal_rcc.o(.text.HAL_RCC_GetClockConfig)
    HAL_RCC_GetHCLKFreq                      0x08001591   Thumb Code    12  stm32f4xx_hal_rcc.o(.text.HAL_RCC_GetHCLKFreq)
    HAL_RCC_GetPCLK1Freq                     0x0800159d   Thumb Code    34  stm32f4xx_hal_rcc.o(.text.HAL_RCC_GetPCLK1Freq)
    HAL_RCC_GetPCLK2Freq                     0x080015c1   Thumb Code    34  stm32f4xx_hal_rcc.o(.text.HAL_RCC_GetPCLK2Freq)
    HAL_RCC_GetSysClockFreq                  0x080015e5   Thumb Code   106  stm32f4xx_hal_rcc.o(.text.HAL_RCC_GetSysClockFreq)
    HAL_RCC_OscConfig                        0x08001651   Thumb Code   840  stm32f4xx_hal_rcc.o(.text.HAL_RCC_OscConfig)
    HAL_SPI_Init                             0x08001999   Thumb Code   180  stm32f4xx_hal_spi.o(.text.HAL_SPI_Init)
    HAL_SPI_MspInit                          0x08001a4d   Thumb Code   114  spi.o(.text.HAL_SPI_MspInit)
    HAL_SPI_Receive                          0x08001ac1   Thumb Code   334  stm32f4xx_hal_spi.o(.text.HAL_SPI_Receive)
    HAL_SPI_Transmit                         0x08001c11   Thumb Code   380  stm32f4xx_hal_spi.o(.text.HAL_SPI_Transmit)
    HAL_SPI_TransmitReceive                  0x08001d8d   Thumb Code   482  stm32f4xx_hal_spi.o(.text.HAL_SPI_TransmitReceive)
    HAL_TIMEx_BreakCallback                  0x08001f71   Thumb Code     2  stm32f4xx_hal_tim_ex.o(.text.HAL_TIMEx_BreakCallback)
    HAL_TIMEx_CommutCallback                 0x08001f75   Thumb Code     2  stm32f4xx_hal_tim_ex.o(.text.HAL_TIMEx_CommutCallback)
    HAL_TIMEx_MasterConfigSynchronization    0x08001f79   Thumb Code   184  stm32f4xx_hal_tim_ex.o(.text.HAL_TIMEx_MasterConfigSynchronization)
    HAL_TIM_Base_Init                        0x08002031   Thumb Code    90  stm32f4xx_hal_tim.o(.text.HAL_TIM_Base_Init)
    HAL_TIM_Base_MspInit                     0x0800208d   Thumb Code    54  tim.o(.text.HAL_TIM_Base_MspInit)
    HAL_TIM_Base_Start_IT                    0x080020c5   Thumb Code   168  stm32f4xx_hal_tim.o(.text.HAL_TIM_Base_Start_IT)
    HAL_TIM_ConfigClockSource                0x0800216d   Thumb Code   208  stm32f4xx_hal_tim.o(.text.HAL_TIM_ConfigClockSource)
    HAL_TIM_IC_CaptureCallback               0x0800223d   Thumb Code     2  stm32f4xx_hal_tim.o(.text.HAL_TIM_IC_CaptureCallback)
    HAL_TIM_IRQHandler                       0x08002241   Thumb Code   362  stm32f4xx_hal_tim.o(.text.HAL_TIM_IRQHandler)
    HAL_TIM_MspPostInit                      0x080023ad   Thumb Code   134  tim.o(.text.HAL_TIM_MspPostInit)
    HAL_TIM_OC_DelayElapsedCallback          0x08002435   Thumb Code     2  stm32f4xx_hal_tim.o(.text.HAL_TIM_OC_DelayElapsedCallback)
    HAL_TIM_PWM_ConfigChannel                0x08002439   Thumb Code   150  stm32f4xx_hal_tim.o(.text.HAL_TIM_PWM_ConfigChannel)
    HAL_TIM_PWM_Init                         0x080024d1   Thumb Code    90  stm32f4xx_hal_tim.o(.text.HAL_TIM_PWM_Init)
    HAL_TIM_PWM_MspInit                      0x0800252d   Thumb Code     2  stm32f4xx_hal_tim.o(.text.HAL_TIM_PWM_MspInit)
    HAL_TIM_PWM_PulseFinishedCallback        0x08002531   Thumb Code     2  stm32f4xx_hal_tim.o(.text.HAL_TIM_PWM_PulseFinishedCallback)
    HAL_TIM_PWM_Start                        0x08002535   Thumb Code   290  stm32f4xx_hal_tim.o(.text.HAL_TIM_PWM_Start)
    HAL_TIM_PeriodElapsedCallback            0x08002659   Thumb Code    22  main.o(.text.HAL_TIM_PeriodElapsedCallback)
    HAL_TIM_TriggerCallback                  0x08002671   Thumb Code     2  stm32f4xx_hal_tim.o(.text.HAL_TIM_TriggerCallback)
    HAL_UART_Init                            0x08002675   Thumb Code    94  stm32f4xx_hal_uart.o(.text.HAL_UART_Init)
    HAL_UART_MspInit                         0x080026d5   Thumb Code   116  usart.o(.text.HAL_UART_MspInit)
    HardFault_Handler                        0x08002749   Thumb Code     2  stm32f4xx_it.o(.text.HardFault_Handler)
    InitA7131                                0x080029fd   Thumb Code    62  a7131.o(.text.InitA7131)
    MX_ADC2_Init                             0x08002a3d   Thumb Code   146  adc.o(.text.MX_ADC2_Init)
    MX_DMA_Init                              0x08002ad1   Thumb Code    54  dma.o(.text.MX_DMA_Init)
    MX_FREERTOS_Init                         0x08002b09   Thumb Code    94  freertos.o(.text.MX_FREERTOS_Init)
    MX_GPIO_Init                             0x08002b69   Thumb Code   248  gpio.o(.text.MX_GPIO_Init)
    MX_I2C1_Init                             0x08002c61   Thumb Code    62  i2c.o(.text.MX_I2C1_Init)
    MX_SPI1_Init                             0x08002ca1   Thumb Code    72  spi.o(.text.MX_SPI1_Init)
    MX_TIM3_Init                             0x08002ce9   Thumb Code   280  tim.o(.text.MX_TIM3_Init)
    MX_USART1_UART_Init                      0x08002e01   Thumb Code    56  usart.o(.text.MX_USART1_UART_Init)
    MemManage_Handler                        0x08002e39   Thumb Code     2  stm32f4xx_it.o(.text.MemManage_Handler)
    NMI_Handler                              0x08002e3d   Thumb Code     2  stm32f4xx_it.o(.text.NMI_Handler)
    OLED_Init                                0x08002e6d   Thumb Code   226  oled.o(.text.OLED_Init)
    OLED_WR_Byte                             0x08002f51   Thumb Code    18  oled.o(.text.OLED_WR_Byte)
    PendSV_Handler                           0x08002f71   Thumb Code   100  port.o(.text.PendSV_Handler)
    ReadFIFO                                 0x08002fd5   Thumb Code    60  a7131.o(.text.ReadFIFO)
    SPI1_ReadWriteByte                       0x08003011   Thumb Code    46  a7131.o(.text.SPI1_ReadWriteByte)
    SVC_Handler                              0x080031f1   Thumb Code    36  port.o(.text.SVC_Handler)
    StartATask                               0x0800321d   Thumb Code   170  freertos.o(.text.StartATask)
    StartDTask                               0x080032c9   Thumb Code     8  freertos.o(.text.StartDTask)
    StrobeCmd                                0x080032d1   Thumb Code    38  a7131.o(.text.StrobeCmd)
    SysTick_Handler                          0x080032f9   Thumb Code    26  cmsis_os2.o(.text.SysTick_Handler)
    SystemClock_Config                       0x08003315   Thumb Code   162  main.o(.text.SystemClock_Config)
    SystemInit                               0x080033b9   Thumb Code    18  system_stm32f4xx.o(.text.SystemInit)
    TIM7_IRQHandler                          0x080033cd   Thumb Code    16  stm32f4xx_it.o(.text.TIM7_IRQHandler)
    TIM_Base_SetConfig                       0x080033dd   Thumb Code   292  stm32f4xx_hal_tim.o(.text.TIM_Base_SetConfig)
    TIM_CCxChannelCmd                        0x08003501   Thumb Code    36  stm32f4xx_hal_tim.o(.text.TIM_CCxChannelCmd)
    TIM_ETR_SetConfig                        0x08003525   Thumb Code    22  stm32f4xx_hal_tim.o(.text.TIM_ETR_SetConfig)
    TIM_OC2_SetConfig                        0x080035b1   Thumb Code   106  stm32f4xx_hal_tim.o(.text.TIM_OC2_SetConfig)
    UsageFault_Handler                       0x080037f9   Thumb Code     2  stm32f4xx_it.o(.text.UsageFault_Handler)
    WriteThing                               0x080037fd   Thumb Code    62  a7131.o(.text.WriteThing)
    Write_IIC_Command                        0x0800383d   Thumb Code    48  oled.o(.text.Write_IIC_Command)
    Write_IIC_Data                           0x0800386d   Thumb Code    48  oled.o(.text.Write_IIC_Data)
    initRF                                   0x080039d9   Thumb Code    20  a7131.o(.text.initRF)
    main                                     0x080039ed   Thumb Code    98  main.o(.text.main)
    osDelay                                  0x08003a65   Thumb Code    32  cmsis_os2.o(.text.osDelay)
    osKernelInitialize                       0x08003a85   Thumb Code    40  cmsis_os2.o(.text.osKernelInitialize)
    osKernelStart                            0x08003aad   Thumb Code    52  cmsis_os2.o(.text.osKernelStart)
    osSemaphoreAcquire                       0x08003ae1   Thumb Code   106  cmsis_os2.o(.text.osSemaphoreAcquire)
    osSemaphoreNew                           0x08003b4d   Thumb Code   196  cmsis_os2.o(.text.osSemaphoreNew)
    osSemaphoreRelease                       0x08003c11   Thumb Code    96  cmsis_os2.o(.text.osSemaphoreRelease)
    osThreadNew                              0x08003c71   Thumb Code   180  cmsis_os2.o(.text.osThreadNew)
    pvPortMalloc                             0x080046a9   Thumb Code   330  heap_4.o(.text.pvPortMalloc)
    pvTaskIncrementMutexHeldCount            0x080047f5   Thumb Code    24  tasks.o(.text.pvTaskIncrementMutexHeldCount)
    pxPortInitialiseStack                    0x0800480d   Thumb Code    40  port.o(.text.pxPortInitialiseStack)
    uxListRemove                             0x08004835   Thumb Code    36  list.o(.text.uxListRemove)
    vApplicationGetIdleTaskMemory            0x08004859   Thumb Code    26  cmsis_os2.o(.text.vApplicationGetIdleTaskMemory)
    vApplicationGetTimerTaskMemory           0x08004875   Thumb Code    28  cmsis_os2.o(.text.vApplicationGetTimerTaskMemory)
    vListInitialise                          0x08004891   Thumb Code    22  list.o(.text.vListInitialise)
    vListInitialiseItem                      0x080048a9   Thumb Code     6  list.o(.text.vListInitialiseItem)
    vListInsert                              0x080048b1   Thumb Code    58  list.o(.text.vListInsert)
    vListInsertEnd                           0x080048ed   Thumb Code    28  list.o(.text.vListInsertEnd)
    vPortEnterCritical                       0x0800491d   Thumb Code    70  port.o(.text.vPortEnterCritical)
    vPortExitCritical                        0x08004965   Thumb Code    46  port.o(.text.vPortExitCritical)
    vPortFree                                0x08004995   Thumb Code   138  heap_4.o(.text.vPortFree)
    vPortSetupTimerInterrupt                 0x08004a21   Thumb Code    52  port.o(.text.vPortSetupTimerInterrupt)
    vPortValidateInterruptPriority           0x08004a55   Thumb Code    98  port.o(.text.vPortValidateInterruptPriority)
    vQueueAddToRegistry                      0x08004ab9   Thumb Code    40  queue.o(.text.vQueueAddToRegistry)
    vQueueDelete                             0x08004ae1   Thumb Code    46  queue.o(.text.vQueueDelete)
    vQueueUnregisterQueue                    0x08004b11   Thumb Code    42  queue.o(.text.vQueueUnregisterQueue)
    vQueueWaitForMessageRestricted           0x08004b3d   Thumb Code    68  queue.o(.text.vQueueWaitForMessageRestricted)
    vTaskDelay                               0x08004b81   Thumb Code    84  tasks.o(.text.vTaskDelay)
    vTaskInternalSetTimeOutState             0x08004bd5   Thumb Code    26  tasks.o(.text.vTaskInternalSetTimeOutState)
    vTaskMissedYield                         0x08004bf1   Thumb Code    14  tasks.o(.text.vTaskMissedYield)
    vTaskPlaceOnEventList                    0x08004c01   Thumb Code    50  tasks.o(.text.vTaskPlaceOnEventList)
    vTaskPlaceOnEventListRestricted          0x08004c35   Thumb Code    62  tasks.o(.text.vTaskPlaceOnEventListRestricted)
    vTaskPriorityDisinheritAfterTimeout      0x08004c75   Thumb Code   164  tasks.o(.text.vTaskPriorityDisinheritAfterTimeout)
    vTaskStartScheduler                      0x08004d19   Thumb Code   156  tasks.o(.text.vTaskStartScheduler)
    vTaskSuspendAll                          0x08004dbd   Thumb Code    16  tasks.o(.text.vTaskSuspendAll)
    vTaskSwitchContext                       0x08004dcd   Thumb Code   154  tasks.o(.text.vTaskSwitchContext)
    xPortStartScheduler                      0x08004e69   Thumb Code   274  port.o(.text.xPortStartScheduler)
    xPortSysTickHandler                      0x08004f7d   Thumb Code    46  port.o(.text.xPortSysTickHandler)
    xQueueCreateCountingSemaphore            0x08004fad   Thumb Code    66  queue.o(.text.xQueueCreateCountingSemaphore)
    xQueueCreateCountingSemaphoreStatic      0x08004ff1   Thumb Code    78  queue.o(.text.xQueueCreateCountingSemaphoreStatic)
    xQueueGenericCreate                      0x08005041   Thumb Code    70  queue.o(.text.xQueueGenericCreate)
    xQueueGenericCreateStatic                0x08005089   Thumb Code   150  queue.o(.text.xQueueGenericCreateStatic)
    xQueueGenericReset                       0x08005121   Thumb Code   126  queue.o(.text.xQueueGenericReset)
    xQueueGenericSend                        0x080051a1   Thumb Code   418  queue.o(.text.xQueueGenericSend)
    xQueueGenericSendFromISR                 0x08005345   Thumb Code   206  queue.o(.text.xQueueGenericSendFromISR)
    xQueueGiveFromISR                        0x08005415   Thumb Code   192  queue.o(.text.xQueueGiveFromISR)
    xQueueReceive                            0x080054d5   Thumb Code   388  queue.o(.text.xQueueReceive)
    xQueueReceiveFromISR                     0x08005659   Thumb Code   170  queue.o(.text.xQueueReceiveFromISR)
    xQueueSemaphoreTake                      0x08005705   Thumb Code   454  queue.o(.text.xQueueSemaphoreTake)
    xTaskCheckForTimeOut                     0x080058cd   Thumb Code   136  tasks.o(.text.xTaskCheckForTimeOut)
    xTaskCreate                              0x08005955   Thumb Code   102  tasks.o(.text.xTaskCreate)
    xTaskCreateStatic                        0x080059bd   Thumb Code   118  tasks.o(.text.xTaskCreateStatic)
    xTaskGetSchedulerState                   0x08005a35   Thumb Code    38  tasks.o(.text.xTaskGetSchedulerState)
    xTaskGetTickCount                        0x08005a5d   Thumb Code    12  tasks.o(.text.xTaskGetTickCount)
    xTaskIncrementTick                       0x08005a69   Thumb Code   338  tasks.o(.text.xTaskIncrementTick)
    xTaskPriorityDisinherit                  0x08005bbd   Thumb Code   146  tasks.o(.text.xTaskPriorityDisinherit)
    xTaskPriorityInherit                     0x08005c51   Thumb Code   146  tasks.o(.text.xTaskPriorityInherit)
    xTaskRemoveFromEventList                 0x08005ce5   Thumb Code   142  tasks.o(.text.xTaskRemoveFromEventList)
    xTaskResumeAll                           0x08005d75   Thumb Code   276  tasks.o(.text.xTaskResumeAll)
    xTimerCreateTimerTask                    0x08005e89   Thumb Code   108  timers.o(.text.xTimerCreateTimerTask)
    xTimerGenericCommand                     0x08005efd   Thumb Code   104  timers.o(.text.xTimerGenericCommand)
    __0printf$1                              0x08005f65   Thumb Code    22  printf1.o(i.__0printf$1)
    __1printf$1                              0x08005f65   Thumb Code     0  printf1.o(i.__0printf$1)
    __2printf                                0x08005f65   Thumb Code     0  printf1.o(i.__0printf$1)
    __scatterload_copy                       0x08005f85   Thumb Code    14  handlers.o(i.__scatterload_copy)
    __scatterload_null                       0x08005f93   Thumb Code     2  handlers.o(i.__scatterload_null)
    __scatterload_zeroinit                   0x08005f95   Thumb Code    14  handlers.o(i.__scatterload_zeroinit)
    fputc                                    0x080060f9   Thumb Code    18  fputc.o(i.fputc)
    A7131Config                              0x0800610c   Data         256  a7131.o(.rodata.A7131Config)
    A7131_Addr2A_Config                      0x0800620c   Data           8  a7131.o(.rodata.A7131_Addr2A_Config)
    A7131_Addr38_Config                      0x08006214   Data           5  a7131.o(.rodata.A7131_Addr38_Config)
    AHBPrescTable                            0x08006219   Data          16  system_stm32f4xx.o(.rodata.AHBPrescTable)
    APBPrescTable                            0x08006229   Data           8  system_stm32f4xx.o(.rodata.APBPrescTable)
    ID_Tab                                   0x08006231   Data           4  a7131.o(.rodata.ID_Tab)
    PageTab                                  0x08006235   Data           8  a7131.o(.rodata.PageTab)
    aTask_attributes                         0x08006240   Data          36  freertos.o(.rodata.aTask_attributes)
    dTask_attributes                         0x08006264   Data          36  freertos.o(.rodata.dTask_attributes)
    font16                                   0x08006288   Data        4096  font.o(.rodata.font16)
    xx_attributes                            0x0800729c   Data          16  freertos.o(.rodata.xx_attributes)
    Region$$Table$$Base                      0x080072ac   Number         0  anon$$obj.o(Region$$Table)
    Region$$Table$$Limit                     0x080072cc   Number         0  anon$$obj.o(Region$$Table)
    __stdout                                 0x20000000   Data           4  stdout.o(.data)
    SystemCoreClock                          0x20000004   Data           4  system_stm32f4xx.o(.data.SystemCoreClock)
    uwTickFreq                               0x20000008   Data           1  stm32f4xx_hal.o(.data.uwTickFreq)
    uwTickPrio                               0x2000000c   Data           4  stm32f4xx_hal.o(.data.uwTickPrio)
    RfBuf                                    0x2000001c   Data          64  a7131.o(.bss.RfBuf)
    aTaskHandle                              0x2000005c   Data           4  freertos.o(.bss.aTaskHandle)
    dTaskHandle                              0x20000060   Data           4  freertos.o(.bss.dTaskHandle)
    hadc2                                    0x20000464   Data          72  adc.o(.bss.hadc2)
    hdma_adc2                                0x200004ac   Data          96  adc.o(.bss.hdma_adc2)
    hi2c1                                    0x2000050c   Data          84  i2c.o(.bss.hi2c1)
    hspi1                                    0x20000560   Data          88  spi.o(.bss.hspi1)
    htim3                                    0x200005b8   Data          72  tim.o(.bss.htim3)
    htim7                                    0x20000600   Data          72  stm32f4xx_hal_timebase_tim.o(.bss.htim7)
    huart1                                   0x20000648   Data          68  usart.o(.bss.huart1)
    pxCurrentTCB                             0x20000780   Data           4  tasks.o(.bss.pxCurrentTCB)
    uwTick                                   0x20004800   Data           4  stm32f4xx_hal.o(.bss.uwTick)
    xQueueRegistry                           0x20004f58   Data          64  queue.o(.bss.xQueueRegistry)
    xxHandle                                 0x20004fdc   Data           4  freertos.o(.bss.xxHandle)
    __initial_sp                             0x200055e0   Data           0  startup_stm32f407xx.o(STACK)



==============================================================================

Memory Map of the image

  Image Entry point : 0x08000189

  Load Region LR_IROM1 (Base: 0x08000000, Size: 0x000072e8, Max: 0x00080000, ABSOLUTE)

    Execution Region ER_IROM1 (Exec base: 0x08000000, Load base: 0x08000000, Size: 0x000072cc, Max: 0x00080000, ABSOLUTE)

    Exec Addr    Load Addr    Size         Type   Attr      Idx    E Section Name        Object

    0x08000000   0x08000000   0x00000188   Data   RO            3    RESET               startup_stm32f407xx.o
    0x08000188   0x08000188   0x00000000   Code   RO         2275  * .ARM.Collect$$$$00000000  mc_w.l(entry.o)
    0x08000188   0x08000188   0x00000004   Code   RO         2547    .ARM.Collect$$$$00000001  mc_w.l(entry2.o)
    0x0800018c   0x0800018c   0x00000004   Code   RO         2550    .ARM.Collect$$$$00000004  mc_w.l(entry5.o)
    0x08000190   0x08000190   0x00000000   Code   RO         2552    .ARM.Collect$$$$00000008  mc_w.l(entry7b.o)
    0x08000190   0x08000190   0x00000000   Code   RO         2554    .ARM.Collect$$$$0000000A  mc_w.l(entry8b.o)
    0x08000190   0x08000190   0x00000008   Code   RO         2555    .ARM.Collect$$$$0000000B  mc_w.l(entry9a.o)
    0x08000198   0x08000198   0x00000000   Code   RO         2557    .ARM.Collect$$$$0000000D  mc_w.l(entry10a.o)
    0x08000198   0x08000198   0x00000000   Code   RO         2559    .ARM.Collect$$$$0000000F  mc_w.l(entry11a.o)
    0x08000198   0x08000198   0x00000004   Code   RO         2548    .ARM.Collect$$$$00002712  mc_w.l(entry2.o)
    0x0800019c   0x0800019c   0x00000024   Code   RO            4    .text               startup_stm32f407xx.o
    0x080001c0   0x080001c0   0x00000062   Code   RO         2278    .text               mc_w.l(uldiv.o)
    0x08000222   0x08000222   0x00000024   Code   RO         2280    .text               mc_w.l(memcpya.o)
    0x08000246   0x08000246   0x00000024   Code   RO         2282    .text               mc_w.l(memseta.o)
    0x0800026a   0x0800026a   0x0000002c   Code   RO         2575    .text               mc_w.l(uidiv.o)
    0x08000296   0x08000296   0x0000001e   Code   RO         2577    .text               mc_w.l(llshl.o)
    0x080002b4   0x080002b4   0x00000020   Code   RO         2579    .text               mc_w.l(llushr.o)
    0x080002d4   0x080002d4   0x00000024   Code   RO         2592    .text               mc_w.l(init.o)
    0x080002f8   0x080002f8   0x00000000   Code   RO         2594    .text               mc_w.l(semi.o)
    0x080002f8   0x080002f8   0x00000000   Code   RO         2597    .text               mc_w.l(iusesemip.o)
    0x080002f8   0x080002f8   0x000000b0   Code   RO         2220    .text.A7131_Cal     a7131.o
    0x080003a8   0x080003a8   0x000000aa   Code   RO         2222    .text.A7131_Config  a7131.o
    0x08000452   0x08000452   0x00000002   PAD
    0x08000454   0x08000454   0x00000032   Code   RO         2208    .text.A7131_ReadReg  a7131.o
    0x08000486   0x08000486   0x00000002   PAD
    0x08000488   0x08000488   0x0000000c   Code   RO         2216    .text.A7131_Reset   a7131.o
    0x08000494   0x08000494   0x0000003e   Code   RO         2214    .text.A7131_WriteID  a7131.o
    0x080004d2   0x080004d2   0x00000002   PAD
    0x080004d4   0x080004d4   0x0000002e   Code   RO         2204    .text.A7131_WriteReg  a7131.o
    0x08000502   0x08000502   0x00000002   PAD
    0x08000504   0x08000504   0x00000020   Code   RO         2206    .text.A7131_WriteReg_Page  a7131.o
    0x08000524   0x08000524   0x00000010   Code   RO          172    .text.ADC_IRQHandler  stm32f4xx_it.o
    0x08000534   0x08000534   0x00000108   Code   RO          213    .text.ADC_Init      stm32f4xx_hal_adc.o
    0x0800063c   0x0800063c   0x00000002   Code   RO          162    .text.BusFault_Handler  stm32f4xx_it.o
    0x0800063e   0x0800063e   0x00000002   PAD
    0x08000640   0x08000640   0x00000008   Code   RO         2212    .text.ByteSend      a7131.o
    0x08000648   0x08000648   0x0000004c   Code   RO         2218    .text.CHGroupCal    a7131.o
    0x08000694   0x08000694   0x00000010   Code   RO          176    .text.DMA2_Stream2_IRQHandler  stm32f4xx_it.o
    0x080006a4   0x080006a4   0x0000003c   Code   RO          492    .text.DMA_CalcBaseAndBitshift  stm32f4xx_hal_dma.o
    0x080006e0   0x080006e0   0x00000050   Code   RO          490    .text.DMA_CheckFifoParam  stm32f4xx_hal_dma.o
    0x08000730   0x08000730   0x00000002   Code   RO          166    .text.DebugMon_Handler  stm32f4xx_it.o
    0x08000732   0x08000732   0x00000002   PAD
    0x08000734   0x08000734   0x0000000a   Code   RO          168    .text.EXTI3_IRQHandler  stm32f4xx_it.o
    0x0800073e   0x0800073e   0x00000002   PAD
    0x08000740   0x08000740   0x0000000a   Code   RO          170    .text.EXTI4_IRQHandler  stm32f4xx_it.o
    0x0800074a   0x0800074a   0x00000002   PAD
    0x0800074c   0x0800074c   0x00000024   Code   RO         2202    .text.Err_State     a7131.o
    0x08000770   0x08000770   0x0000000a   Code   RO           15    .text.Error_Handler  main.o
    0x0800077a   0x0800077a   0x00000002   PAD
    0x0800077c   0x0800077c   0x00000002   Code   RO          293    .text.HAL_ADCEx_InjectedConvCpltCallback  stm32f4xx_hal_adc_ex.o
    0x0800077e   0x0800077e   0x00000002   PAD
    0x08000780   0x08000780   0x00000106   Code   RO          253    .text.HAL_ADC_ConfigChannel  stm32f4xx_hal_adc.o
    0x08000886   0x08000886   0x00000002   PAD
    0x08000888   0x08000888   0x00000002   Code   RO          233    .text.HAL_ADC_ConvCpltCallback  stm32f4xx_hal_adc.o
    0x0800088a   0x0800088a   0x00000002   PAD
    0x0800088c   0x0800088c   0x00000002   Code   RO          237    .text.HAL_ADC_ErrorCallback  stm32f4xx_hal_adc.o
    0x0800088e   0x0800088e   0x00000002   PAD
    0x08000890   0x08000890   0x00000142   Code   RO          231    .text.HAL_ADC_IRQHandler  stm32f4xx_hal_adc.o
    0x080009d2   0x080009d2   0x00000002   PAD
    0x080009d4   0x080009d4   0x0000004e   Code   RO          209    .text.HAL_ADC_Init  stm32f4xx_hal_adc.o
    0x08000a22   0x08000a22   0x00000002   PAD
    0x08000a24   0x08000a24   0x00000002   Code   RO          235    .text.HAL_ADC_LevelOutOfWindowCallback  stm32f4xx_hal_adc.o
    0x08000a26   0x08000a26   0x00000002   PAD
    0x08000a28   0x08000a28   0x000000c6   Code   RO           71    .text.HAL_ADC_MspInit  adc.o
    0x08000aee   0x08000aee   0x00000002   PAD
    0x08000af0   0x08000af0   0x0000018c   Code   RO          508    .text.HAL_DMA_IRQHandler  stm32f4xx_hal_dma.o
    0x08000c7c   0x08000c7c   0x000000ce   Code   RO          488    .text.HAL_DMA_Init  stm32f4xx_hal_dma.o
    0x08000d4a   0x08000d4a   0x00000002   PAD
    0x08000d4c   0x08000d4c   0x00000028   Code   RO          680    .text.HAL_Delay     stm32f4xx_hal.o
    0x08000d74   0x08000d74   0x0000001c   Code   RO           49    .text.HAL_GPIO_EXTI_Callback  freertos.o
    0x08000d90   0x08000d90   0x0000001a   Code   RO          460    .text.HAL_GPIO_EXTI_IRQHandler  stm32f4xx_hal_gpio.o
    0x08000daa   0x08000daa   0x00000002   PAD
    0x08000dac   0x08000dac   0x00000196   Code   RO          448    .text.HAL_GPIO_Init  stm32f4xx_hal_gpio.o
    0x08000f42   0x08000f42   0x00000002   PAD
    0x08000f44   0x08000f44   0x0000000a   Code   RO          454    .text.HAL_GPIO_WritePin  stm32f4xx_hal_gpio.o
    0x08000f4e   0x08000f4e   0x00000002   PAD
    0x08000f50   0x08000f50   0x0000000c   Code   RO          672    .text.HAL_GetTick   stm32f4xx_hal.o
    0x08000f5c   0x08000f5c   0x00000198   Code   RO          751    .text.HAL_I2C_Init  stm32f4xx_hal_i2c.o
    0x080010f4   0x080010f4   0x0000012a   Code   RO          801    .text.HAL_I2C_Mem_Write  stm32f4xx_hal_i2c.o
    0x0800121e   0x0800121e   0x00000002   PAD
    0x08001220   0x08001220   0x00000074   Code   RO           96    .text.HAL_I2C_MspInit  i2c.o
    0x08001294   0x08001294   0x0000001a   Code   RO          670    .text.HAL_IncTick   stm32f4xx_hal.o
    0x080012ae   0x080012ae   0x00000002   PAD
    0x080012b0   0x080012b0   0x00000036   Code   RO          660    .text.HAL_Init      stm32f4xx_hal.o
    0x080012e6   0x080012e6   0x00000002   PAD
    0x080012e8   0x080012e8   0x0000008e   Code   RO          194    .text.HAL_InitTick  stm32f4xx_hal_timebase_tim.o
    0x08001376   0x08001376   0x00000002   PAD
    0x08001378   0x08001378   0x00000046   Code   RO          185    .text.HAL_MspInit   stm32f4xx_hal_msp.o
    0x080013be   0x080013be   0x00000002   PAD
    0x080013c0   0x080013c0   0x00000008   Code   RO          600    .text.HAL_NVIC_EnableIRQ  stm32f4xx_hal_cortex.o
    0x080013c8   0x080013c8   0x0000001e   Code   RO          592    .text.HAL_NVIC_SetPriority  stm32f4xx_hal_cortex.o
    0x080013e6   0x080013e6   0x00000002   PAD
    0x080013e8   0x080013e8   0x00000008   Code   RO          588    .text.HAL_NVIC_SetPriorityGrouping  stm32f4xx_hal_cortex.o
    0x080013f0   0x080013f0   0x00000160   Code   RO          312    .text.HAL_RCC_ClockConfig  stm32f4xx_hal_rcc.o
    0x08001550   0x08001550   0x0000003e   Code   RO          330    .text.HAL_RCC_GetClockConfig  stm32f4xx_hal_rcc.o
    0x0800158e   0x0800158e   0x00000002   PAD
    0x08001590   0x08001590   0x0000000c   Code   RO          322    .text.HAL_RCC_GetHCLKFreq  stm32f4xx_hal_rcc.o
    0x0800159c   0x0800159c   0x00000022   Code   RO          324    .text.HAL_RCC_GetPCLK1Freq  stm32f4xx_hal_rcc.o
    0x080015be   0x080015be   0x00000002   PAD
    0x080015c0   0x080015c0   0x00000022   Code   RO          326    .text.HAL_RCC_GetPCLK2Freq  stm32f4xx_hal_rcc.o
    0x080015e2   0x080015e2   0x00000002   PAD
    0x080015e4   0x080015e4   0x0000006a   Code   RO          314    .text.HAL_RCC_GetSysClockFreq  stm32f4xx_hal_rcc.o
    0x0800164e   0x0800164e   0x00000002   PAD
    0x08001650   0x08001650   0x00000348   Code   RO          310    .text.HAL_RCC_OscConfig  stm32f4xx_hal_rcc.o
    0x08001998   0x08001998   0x000000b4   Code   RO          922    .text.HAL_SPI_Init  stm32f4xx_hal_spi.o
    0x08001a4c   0x08001a4c   0x00000072   Code   RO          111    .text.HAL_SPI_MspInit  spi.o
    0x08001abe   0x08001abe   0x00000002   PAD
    0x08001ac0   0x08001ac0   0x0000014e   Code   RO          934    .text.HAL_SPI_Receive  stm32f4xx_hal_spi.o
    0x08001c0e   0x08001c0e   0x00000002   PAD
    0x08001c10   0x08001c10   0x0000017c   Code   RO          930    .text.HAL_SPI_Transmit  stm32f4xx_hal_spi.o
    0x08001d8c   0x08001d8c   0x000001e2   Code   RO          936    .text.HAL_SPI_TransmitReceive  stm32f4xx_hal_spi.o
    0x08001f6e   0x08001f6e   0x00000002   PAD
    0x08001f70   0x08001f70   0x00000002   Code   RO         1364    .text.HAL_TIMEx_BreakCallback  stm32f4xx_hal_tim_ex.o
    0x08001f72   0x08001f72   0x00000002   PAD
    0x08001f74   0x08001f74   0x00000002   Code   RO         1360    .text.HAL_TIMEx_CommutCallback  stm32f4xx_hal_tim_ex.o
    0x08001f76   0x08001f76   0x00000002   PAD
    0x08001f78   0x08001f78   0x000000b8   Code   RO         1354    .text.HAL_TIMEx_MasterConfigSynchronization  stm32f4xx_hal_tim_ex.o
    0x08002030   0x08002030   0x0000005a   Code   RO         1040    .text.HAL_TIM_Base_Init  stm32f4xx_hal_tim.o
    0x0800208a   0x0800208a   0x00000002   PAD
    0x0800208c   0x0800208c   0x00000036   Code   RO          128    .text.HAL_TIM_Base_MspInit  tim.o
    0x080020c2   0x080020c2   0x00000002   PAD
    0x080020c4   0x080020c4   0x000000a8   Code   RO         1054    .text.HAL_TIM_Base_Start_IT  stm32f4xx_hal_tim.o
    0x0800216c   0x0800216c   0x000000d0   Code   RO         1232    .text.HAL_TIM_ConfigClockSource  stm32f4xx_hal_tim.o
    0x0800223c   0x0800223c   0x00000002   Code   RO         1176    .text.HAL_TIM_IC_CaptureCallback  stm32f4xx_hal_tim.o
    0x0800223e   0x0800223e   0x00000002   PAD
    0x08002240   0x08002240   0x0000016a   Code   RO         1174    .text.HAL_TIM_IRQHandler  stm32f4xx_hal_tim.o
    0x080023aa   0x080023aa   0x00000002   PAD
    0x080023ac   0x080023ac   0x00000086   Code   RO          126    .text.HAL_TIM_MspPostInit  tim.o
    0x08002432   0x08002432   0x00000002   PAD
    0x08002434   0x08002434   0x00000002   Code   RO         1178    .text.HAL_TIM_OC_DelayElapsedCallback  stm32f4xx_hal_tim.o
    0x08002436   0x08002436   0x00000002   PAD
    0x08002438   0x08002438   0x00000096   Code   RO         1206    .text.HAL_TIM_PWM_ConfigChannel  stm32f4xx_hal_tim.o
    0x080024ce   0x080024ce   0x00000002   PAD
    0x080024d0   0x080024d0   0x0000005a   Code   RO         1094    .text.HAL_TIM_PWM_Init  stm32f4xx_hal_tim.o
    0x0800252a   0x0800252a   0x00000002   PAD
    0x0800252c   0x0800252c   0x00000002   Code   RO         1096    .text.HAL_TIM_PWM_MspInit  stm32f4xx_hal_tim.o
    0x0800252e   0x0800252e   0x00000002   PAD
    0x08002530   0x08002530   0x00000002   Code   RO         1180    .text.HAL_TIM_PWM_PulseFinishedCallback  stm32f4xx_hal_tim.o
    0x08002532   0x08002532   0x00000002   PAD
    0x08002534   0x08002534   0x00000122   Code   RO         1102    .text.HAL_TIM_PWM_Start  stm32f4xx_hal_tim.o
    0x08002656   0x08002656   0x00000002   PAD
    0x08002658   0x08002658   0x00000016   Code   RO           17    .text.HAL_TIM_PeriodElapsedCallback  main.o
    0x0800266e   0x0800266e   0x00000002   PAD
    0x08002670   0x08002670   0x00000002   Code   RO         1184    .text.HAL_TIM_TriggerCallback  stm32f4xx_hal_tim.o
    0x08002672   0x08002672   0x00000002   PAD
    0x08002674   0x08002674   0x0000005e   Code   RO         1378    .text.HAL_UART_Init  stm32f4xx_hal_uart.o
    0x080026d2   0x080026d2   0x00000002   PAD
    0x080026d4   0x080026d4   0x00000074   Code   RO          143    .text.HAL_UART_MspInit  usart.o
    0x08002748   0x08002748   0x00000002   Code   RO          158    .text.HardFault_Handler  stm32f4xx_it.o
    0x0800274a   0x0800274a   0x00000002   PAD
    0x0800274c   0x0800274c   0x00000030   Code   RO          911    .text.I2C_IsAcknowledgeFailed  stm32f4xx_hal_i2c.o
    0x0800277c   0x0800277c   0x000000c0   Code   RO          803    .text.I2C_RequestMemoryWrite  stm32f4xx_hal_i2c.o
    0x0800283c   0x0800283c   0x0000005e   Code   RO          767    .text.I2C_WaitOnBTFFlagUntilTimeout  stm32f4xx_hal_i2c.o
    0x0800289a   0x0800289a   0x00000002   PAD
    0x0800289c   0x0800289c   0x00000074   Code   RO          761    .text.I2C_WaitOnFlagUntilTimeout  stm32f4xx_hal_i2c.o
    0x08002910   0x08002910   0x0000008c   Code   RO          909    .text.I2C_WaitOnMasterAddressFlagUntilTimeout  stm32f4xx_hal_i2c.o
    0x0800299c   0x0800299c   0x0000005e   Code   RO          765    .text.I2C_WaitOnTXEFlagUntilTimeout  stm32f4xx_hal_i2c.o
    0x080029fa   0x080029fa   0x00000002   PAD
    0x080029fc   0x080029fc   0x0000003e   Code   RO         2230    .text.InitA7131     a7131.o
    0x08002a3a   0x08002a3a   0x00000002   PAD
    0x08002a3c   0x08002a3c   0x00000092   Code   RO           69    .text.MX_ADC2_Init  adc.o
    0x08002ace   0x08002ace   0x00000002   PAD
    0x08002ad0   0x08002ad0   0x00000036   Code   RO           85    .text.MX_DMA_Init   dma.o
    0x08002b06   0x08002b06   0x00000002   PAD
    0x08002b08   0x08002b08   0x0000005e   Code   RO           37    .text.MX_FREERTOS_Init  freertos.o
    0x08002b66   0x08002b66   0x00000002   PAD
    0x08002b68   0x08002b68   0x000000f8   Code   RO           28    .text.MX_GPIO_Init  gpio.o
    0x08002c60   0x08002c60   0x0000003e   Code   RO           94    .text.MX_I2C1_Init  i2c.o
    0x08002c9e   0x08002c9e   0x00000002   PAD
    0x08002ca0   0x08002ca0   0x00000048   Code   RO          109    .text.MX_SPI1_Init  spi.o
    0x08002ce8   0x08002ce8   0x00000118   Code   RO          124    .text.MX_TIM3_Init  tim.o
    0x08002e00   0x08002e00   0x00000038   Code   RO          141    .text.MX_USART1_UART_Init  usart.o
    0x08002e38   0x08002e38   0x00000002   Code   RO          160    .text.MemManage_Handler  stm32f4xx_it.o
    0x08002e3a   0x08002e3a   0x00000002   PAD
    0x08002e3c   0x08002e3c   0x00000002   Code   RO          156    .text.NMI_Handler   stm32f4xx_it.o
    0x08002e3e   0x08002e3e   0x00000002   PAD
    0x08002e40   0x08002e40   0x0000002c   Code   RO          598    .text.NVIC_EncodePriority  stm32f4xx_hal_cortex.o
    0x08002e6c   0x08002e6c   0x000000e2   Code   RO         2266    .text.OLED_Init     oled.o
    0x08002f4e   0x08002f4e   0x00000002   PAD
    0x08002f50   0x08002f50   0x00000012   Code   RO         2264    .text.OLED_WR_Byte  oled.o
    0x08002f62   0x08002f62   0x0000000e   PAD
    0x08002f70   0x08002f70   0x00000064   Code   RO         2183    .text.PendSV_Handler  port.o
    0x08002fd4   0x08002fd4   0x0000003c   Code   RO         2228    .text.ReadFIFO      a7131.o
    0x08003010   0x08003010   0x0000002e   Code   RO         2200    .text.SPI1_ReadWriteByte  a7131.o
    0x0800303e   0x0800303e   0x00000002   PAD
    0x08003040   0x08003040   0x00000070   Code   RO          938    .text.SPI_EndRxTransaction  stm32f4xx_hal_spi.o
    0x080030b0   0x080030b0   0x00000064   Code   RO          932    .text.SPI_EndRxTxTransaction  stm32f4xx_hal_spi.o
    0x08003114   0x08003114   0x000000ce   Code   RO         1030    .text.SPI_WaitFlagStateUntilTimeout  stm32f4xx_hal_spi.o
    0x080031e2   0x080031e2   0x0000000e   PAD
    0x080031f0   0x080031f0   0x00000024   Code   RO         2167    .text.SVC_Handler   port.o
    0x08003214   0x08003214   0x00000008   Code   RO         1961    .text.SVC_Setup     cmsis_os2.o
    0x0800321c   0x0800321c   0x000000aa   Code   RO           39    .text.StartATask    freertos.o
    0x080032c6   0x080032c6   0x00000002   PAD
    0x080032c8   0x080032c8   0x00000008   Code   RO           41    .text.StartDTask    freertos.o
    0x080032d0   0x080032d0   0x00000026   Code   RO         2210    .text.StrobeCmd     a7131.o
    0x080032f6   0x080032f6   0x00000002   PAD
    0x080032f8   0x080032f8   0x0000001a   Code   RO         1951    .text.SysTick_Handler  cmsis_os2.o
    0x08003312   0x08003312   0x00000002   PAD
    0x08003314   0x08003314   0x000000a2   Code   RO           13    .text.SystemClock_Config  main.o
    0x080033b6   0x080033b6   0x00000002   PAD
    0x080033b8   0x080033b8   0x00000012   Code   RO         1508    .text.SystemInit    system_stm32f4xx.o
    0x080033ca   0x080033ca   0x00000002   PAD
    0x080033cc   0x080033cc   0x00000010   Code   RO          174    .text.TIM7_IRQHandler  stm32f4xx_it.o
    0x080033dc   0x080033dc   0x00000124   Code   RO         1044    .text.TIM_Base_SetConfig  stm32f4xx_hal_tim.o
    0x08003500   0x08003500   0x00000024   Code   RO         1078    .text.TIM_CCxChannelCmd  stm32f4xx_hal_tim.o
    0x08003524   0x08003524   0x00000016   Code   RO         1230    .text.TIM_ETR_SetConfig  stm32f4xx_hal_tim.o
    0x0800353a   0x0800353a   0x00000002   PAD
    0x0800353c   0x0800353c   0x00000010   Code   RO         1236    .text.TIM_ITRx_SetConfig  stm32f4xx_hal_tim.o
    0x0800354c   0x0800354c   0x00000064   Code   RO         1188    .text.TIM_OC1_SetConfig  stm32f4xx_hal_tim.o
    0x080035b0   0x080035b0   0x0000006a   Code   RO         1190    .text.TIM_OC2_SetConfig  stm32f4xx_hal_tim.o
    0x0800361a   0x0800361a   0x00000002   PAD
    0x0800361c   0x0800361c   0x00000068   Code   RO         1192    .text.TIM_OC3_SetConfig  stm32f4xx_hal_tim.o
    0x08003684   0x08003684   0x0000004e   Code   RO         1194    .text.TIM_OC4_SetConfig  stm32f4xx_hal_tim.o
    0x080036d2   0x080036d2   0x00000002   PAD
    0x080036d4   0x080036d4   0x00000022   Code   RO         1234    .text.TIM_TI1_ConfigInputStage  stm32f4xx_hal_tim.o
    0x080036f6   0x080036f6   0x00000002   PAD
    0x080036f8   0x080036f8   0x00000024   Code   RO         1238    .text.TIM_TI2_ConfigInputStage  stm32f4xx_hal_tim.o
    0x0800371c   0x0800371c   0x000000dc   Code   RO         1382    .text.UART_SetConfig  stm32f4xx_hal_uart.o
    0x080037f8   0x080037f8   0x00000002   Code   RO          164    .text.UsageFault_Handler  stm32f4xx_it.o
    0x080037fa   0x080037fa   0x00000002   PAD
    0x080037fc   0x080037fc   0x0000003e   Code   RO         2234    .text.WriteThing    a7131.o
    0x0800383a   0x0800383a   0x00000002   PAD
    0x0800383c   0x0800383c   0x00000030   Code   RO         2260    .text.Write_IIC_Command  oled.o
    0x0800386c   0x0800386c   0x00000030   Code   RO         2262    .text.Write_IIC_Data  oled.o
    0x0800389c   0x0800389c   0x00000020   Code   RO          602    .text.__NVIC_EnableIRQ  stm32f4xx_hal_cortex.o
    0x080038bc   0x080038bc   0x00000010   Code   RO          594    .text.__NVIC_GetPriorityGrouping  stm32f4xx_hal_cortex.o
    0x080038cc   0x080038cc   0x00000022   Code   RO          596    .text.__NVIC_SetPriority  stm32f4xx_hal_cortex.o
    0x080038ee   0x080038ee   0x00000002   PAD
    0x080038f0   0x080038f0   0x0000000e   Code   RO         2115    .text.__NVIC_SetPriority  cmsis_os2.o
    0x080038fe   0x080038fe   0x00000002   PAD
    0x08003900   0x08003900   0x00000020   Code   RO          590    .text.__NVIC_SetPriorityGrouping  stm32f4xx_hal_cortex.o
    0x08003920   0x08003920   0x00000034   Code   RO           51    .text.display_char  freertos.o
    0x08003954   0x08003954   0x0000005c   Code   RO           47    .text.display_gra   freertos.o
    0x080039b0   0x080039b0   0x00000026   Code   RO           45    .text.display_string  freertos.o
    0x080039d6   0x080039d6   0x00000002   PAD
    0x080039d8   0x080039d8   0x00000014   Code   RO         2224    .text.initRF        a7131.o
    0x080039ec   0x080039ec   0x00000062   Code   RO           11    .text.main          main.o
    0x08003a4e   0x08003a4e   0x00000002   PAD
    0x08003a50   0x08003a50   0x00000014   Code   RO           43    .text.oled_clear    freertos.o
    0x08003a64   0x08003a64   0x00000020   Code   RO         2019    .text.osDelay       cmsis_os2.o
    0x08003a84   0x08003a84   0x00000028   Code   RO         1953    .text.osKernelInitialize  cmsis_os2.o
    0x08003aac   0x08003aac   0x00000034   Code   RO         1959    .text.osKernelStart  cmsis_os2.o
    0x08003ae0   0x08003ae0   0x0000006a   Code   RO         2061    .text.osSemaphoreAcquire  cmsis_os2.o
    0x08003b4a   0x08003b4a   0x00000002   PAD
    0x08003b4c   0x08003b4c   0x000000c4   Code   RO         2059    .text.osSemaphoreNew  cmsis_os2.o
    0x08003c10   0x08003c10   0x00000060   Code   RO         2063    .text.osSemaphoreRelease  cmsis_os2.o
    0x08003c70   0x08003c70   0x000000b4   Code   RO         1983    .text.osThreadNew   cmsis_os2.o
    0x08003d24   0x08003d24   0x00000080   Code   RO         1745    .text.prvAddCurrentTaskToDelayedList  tasks.o
    0x08003da4   0x08003da4   0x000000ac   Code   RO         1731    .text.prvAddNewTaskToReadyList  tasks.o
    0x08003e50   0x08003e50   0x0000007c   Code   RO         1882    .text.prvCheckForValidListAndQueue  timers.o
    0x08003ecc   0x08003ecc   0x0000004e   Code   RO         1849    .text.prvCheckTasksWaitingTermination  tasks.o
    0x08003f1a   0x08003f1a   0x00000002   PAD
    0x08003f1c   0x08003f1c   0x00000026   Code   RO         1622    .text.prvCopyDataFromQueue  queue.o
    0x08003f42   0x08003f42   0x00000002   PAD
    0x08003f44   0x08003f44   0x0000007a   Code   RO         1610    .text.prvCopyDataToQueue  queue.o
    0x08003fbe   0x08003fbe   0x00000002   PAD
    0x08003fc0   0x08003fc0   0x00000036   Code   RO         1737    .text.prvDeleteTCB  tasks.o
    0x08003ff6   0x08003ff6   0x00000002   PAD
    0x08003ff8   0x08003ff8   0x00000012   Code   RO         1626    .text.prvGetDisinheritPriorityAfterTimeout  queue.o
    0x0800400a   0x0800400a   0x00000002   PAD
    0x0800400c   0x0800400c   0x00000020   Code   RO         1920    .text.prvGetNextExpireTime  timers.o
    0x0800402c   0x0800402c   0x00000076   Code   RO         2133    .text.prvHeapInit   heap_4.o
    0x080040a2   0x080040a2   0x00000002   PAD
    0x080040a4   0x080040a4   0x0000002a   Code   RO         1771    .text.prvIdleTask   tasks.o
    0x080040ce   0x080040ce   0x00000002   PAD
    0x080040d0   0x080040d0   0x00000020   Code   RO         1584    .text.prvInitialiseNewQueue  queue.o
    0x080040f0   0x080040f0   0x00000098   Code   RO         1729    .text.prvInitialiseNewTask  tasks.o
    0x08004188   0x08004188   0x00000070   Code   RO         1847    .text.prvInitialiseTaskLists  tasks.o
    0x080041f8   0x080041f8   0x0000005a   Code   RO         2135    .text.prvInsertBlockIntoFreeList  heap_4.o
    0x08004252   0x08004252   0x00000002   PAD
    0x08004254   0x08004254   0x00000040   Code   RO         1932    .text.prvInsertTimerInActiveList  timers.o
    0x08004294   0x08004294   0x00000018   Code   RO         1624    .text.prvIsQueueEmpty  queue.o
    0x080042ac   0x080042ac   0x0000001c   Code   RO         1612    .text.prvIsQueueFull  queue.o
    0x080042c8   0x080042c8   0x00000028   Code   RO         2175    .text.prvPortStartFirstTask  port.o
    0x080042f0   0x080042f0   0x0000006e   Code   RO         1928    .text.prvProcessExpiredTimer  timers.o
    0x0800435e   0x0800435e   0x00000002   PAD
    0x08004360   0x08004360   0x00000122   Code   RO         1924    .text.prvProcessReceivedCommands  timers.o
    0x08004482   0x08004482   0x00000002   PAD
    0x08004484   0x08004484   0x00000080   Code   RO         1922    .text.prvProcessTimerOrBlockTask  timers.o
    0x08004504   0x08004504   0x00000028   Code   RO         1739    .text.prvResetNextTaskUnblockTime  tasks.o
    0x0800452c   0x0800452c   0x0000002a   Code   RO         1926    .text.prvSampleTimeNow  timers.o
    0x08004556   0x08004556   0x00000002   PAD
    0x08004558   0x08004558   0x0000008e   Code   RO         1930    .text.prvSwitchTimerLists  timers.o
    0x080045e6   0x080045e6   0x00000002   PAD
    0x080045e8   0x080045e8   0x00000032   Code   RO         2165    .text.prvTaskExitError  port.o
    0x0800461a   0x0800461a   0x00000002   PAD
    0x0800461c   0x0800461c   0x00000016   Code   RO         1884    .text.prvTimerTask  timers.o
    0x08004632   0x08004632   0x00000002   PAD
    0x08004634   0x08004634   0x00000072   Code   RO         1614    .text.prvUnlockQueue  queue.o
    0x080046a6   0x080046a6   0x00000002   PAD
    0x080046a8   0x080046a8   0x0000014a   Code   RO         2131    .text.pvPortMalloc  heap_4.o
    0x080047f2   0x080047f2   0x00000002   PAD
    0x080047f4   0x080047f4   0x00000018   Code   RO         1831    .text.pvTaskIncrementMutexHeldCount  tasks.o
    0x0800480c   0x0800480c   0x00000028   Code   RO         2163    .text.pxPortInitialiseStack  port.o
    0x08004834   0x08004834   0x00000024   Code   RO         1570    .text.uxListRemove  list.o
    0x08004858   0x08004858   0x0000001a   Code   RO         2111    .text.vApplicationGetIdleTaskMemory  cmsis_os2.o
    0x08004872   0x08004872   0x00000002   PAD
    0x08004874   0x08004874   0x0000001c   Code   RO         2113    .text.vApplicationGetTimerTaskMemory  cmsis_os2.o
    0x08004890   0x08004890   0x00000016   Code   RO         1562    .text.vListInitialise  list.o
    0x080048a6   0x080048a6   0x00000002   PAD
    0x080048a8   0x080048a8   0x00000006   Code   RO         1564    .text.vListInitialiseItem  list.o
    0x080048ae   0x080048ae   0x00000002   PAD
    0x080048b0   0x080048b0   0x0000003a   Code   RO         1568    .text.vListInsert   list.o
    0x080048ea   0x080048ea   0x00000002   PAD
    0x080048ec   0x080048ec   0x0000001c   Code   RO         1566    .text.vListInsertEnd  list.o
    0x08004908   0x08004908   0x00000014   Code   RO         2173    .text.vPortEnableVFP  port.o
    0x0800491c   0x0800491c   0x00000046   Code   RO         2179    .text.vPortEnterCritical  port.o
    0x08004962   0x08004962   0x00000002   PAD
    0x08004964   0x08004964   0x0000002e   Code   RO         2181    .text.vPortExitCritical  port.o
    0x08004992   0x08004992   0x00000002   PAD
    0x08004994   0x08004994   0x0000008a   Code   RO         2137    .text.vPortFree     heap_4.o
    0x08004a1e   0x08004a1e   0x00000002   PAD
    0x08004a20   0x08004a20   0x00000034   Code   RO         2171    .text.vPortSetupTimerInterrupt  port.o
    0x08004a54   0x08004a54   0x00000062   Code   RO         2187    .text.vPortValidateInterruptPriority  port.o
    0x08004ab6   0x08004ab6   0x00000002   PAD
    0x08004ab8   0x08004ab8   0x00000028   Code   RO         1654    .text.vQueueAddToRegistry  queue.o
    0x08004ae0   0x08004ae0   0x0000002e   Code   RO         1640    .text.vQueueDelete  queue.o
    0x08004b0e   0x08004b0e   0x00000002   PAD
    0x08004b10   0x08004b10   0x0000002a   Code   RO         1642    .text.vQueueUnregisterQueue  queue.o
    0x08004b3a   0x08004b3a   0x00000002   PAD
    0x08004b3c   0x08004b3c   0x00000044   Code   RO         1658    .text.vQueueWaitForMessageRestricted  queue.o
    0x08004b80   0x08004b80   0x00000054   Code   RO         1749    .text.vTaskDelay    tasks.o
    0x08004bd4   0x08004bd4   0x0000001a   Code   RO         1803    .text.vTaskInternalSetTimeOutState  tasks.o
    0x08004bee   0x08004bee   0x00000002   PAD
    0x08004bf0   0x08004bf0   0x0000000e   Code   RO         1807    .text.vTaskMissedYield  tasks.o
    0x08004bfe   0x08004bfe   0x00000002   PAD
    0x08004c00   0x08004c00   0x00000032   Code   RO         1791    .text.vTaskPlaceOnEventList  tasks.o
    0x08004c32   0x08004c32   0x00000002   PAD
    0x08004c34   0x08004c34   0x0000003e   Code   RO         1795    .text.vTaskPlaceOnEventListRestricted  tasks.o
    0x08004c72   0x08004c72   0x00000002   PAD
    0x08004c74   0x08004c74   0x000000a4   Code   RO         1827    .text.vTaskPriorityDisinheritAfterTimeout  tasks.o
    0x08004d18   0x08004d18   0x000000a4   Code   RO         1769    .text.vTaskStartScheduler  tasks.o
    0x08004dbc   0x08004dbc   0x00000010   Code   RO         1743    .text.vTaskSuspendAll  tasks.o
    0x08004dcc   0x08004dcc   0x0000009a   Code   RO         1761    .text.vTaskSwitchContext  tasks.o
    0x08004e66   0x08004e66   0x00000002   PAD
    0x08004e68   0x08004e68   0x00000112   Code   RO         2169    .text.xPortStartScheduler  port.o
    0x08004f7a   0x08004f7a   0x00000002   PAD
    0x08004f7c   0x08004f7c   0x0000002e   Code   RO         2185    .text.xPortSysTickHandler  port.o
    0x08004faa   0x08004faa   0x00000002   PAD
    0x08004fac   0x08004fac   0x00000042   Code   RO         1608    .text.xQueueCreateCountingSemaphore  queue.o
    0x08004fee   0x08004fee   0x00000002   PAD
    0x08004ff0   0x08004ff0   0x0000004e   Code   RO         1606    .text.xQueueCreateCountingSemaphoreStatic  queue.o
    0x0800503e   0x0800503e   0x00000002   PAD
    0x08005040   0x08005040   0x00000046   Code   RO         1586    .text.xQueueGenericCreate  queue.o
    0x08005086   0x08005086   0x00000002   PAD
    0x08005088   0x08005088   0x00000096   Code   RO         1582    .text.xQueueGenericCreateStatic  queue.o
    0x0800511e   0x0800511e   0x00000002   PAD
    0x08005120   0x08005120   0x0000007e   Code   RO         1580    .text.xQueueGenericReset  queue.o
    0x0800519e   0x0800519e   0x00000002   PAD
    0x080051a0   0x080051a0   0x000001a2   Code   RO         1600    .text.xQueueGenericSend  queue.o
    0x08005342   0x08005342   0x00000002   PAD
    0x08005344   0x08005344   0x000000ce   Code   RO         1616    .text.xQueueGenericSendFromISR  queue.o
    0x08005412   0x08005412   0x00000002   PAD
    0x08005414   0x08005414   0x000000c0   Code   RO         1618    .text.xQueueGiveFromISR  queue.o
    0x080054d4   0x080054d4   0x00000184   Code   RO         1620    .text.xQueueReceive  queue.o
    0x08005658   0x08005658   0x000000aa   Code   RO         1630    .text.xQueueReceiveFromISR  queue.o
    0x08005702   0x08005702   0x00000002   PAD
    0x08005704   0x08005704   0x000001c6   Code   RO         1604    .text.xQueueSemaphoreTake  queue.o
    0x080058ca   0x080058ca   0x00000002   PAD
    0x080058cc   0x080058cc   0x00000088   Code   RO         1805    .text.xTaskCheckForTimeOut  tasks.o
    0x08005954   0x08005954   0x00000066   Code   RO         1733    .text.xTaskCreate   tasks.o
    0x080059ba   0x080059ba   0x00000002   PAD
    0x080059bc   0x080059bc   0x00000076   Code   RO         1727    .text.xTaskCreateStatic  tasks.o
    0x08005a32   0x08005a32   0x00000002   PAD
    0x08005a34   0x08005a34   0x00000026   Code   RO         1821    .text.xTaskGetSchedulerState  tasks.o
    0x08005a5a   0x08005a5a   0x00000002   PAD
    0x08005a5c   0x08005a5c   0x0000000c   Code   RO         1777    .text.xTaskGetTickCount  tasks.o
    0x08005a68   0x08005a68   0x00000152   Code   RO         1775    .text.xTaskIncrementTick  tasks.o
    0x08005bba   0x08005bba   0x00000002   PAD
    0x08005bbc   0x08005bbc   0x00000092   Code   RO         1825    .text.xTaskPriorityDisinherit  tasks.o
    0x08005c4e   0x08005c4e   0x00000002   PAD
    0x08005c50   0x08005c50   0x00000092   Code   RO         1823    .text.xTaskPriorityInherit  tasks.o
    0x08005ce2   0x08005ce2   0x00000002   PAD
    0x08005ce4   0x08005ce4   0x0000008e   Code   RO         1797    .text.xTaskRemoveFromEventList  tasks.o
    0x08005d72   0x08005d72   0x00000002   PAD
    0x08005d74   0x08005d74   0x00000114   Code   RO         1747    .text.xTaskResumeAll  tasks.o
    0x08005e88   0x08005e88   0x00000074   Code   RO         1880    .text.xTimerCreateTimerTask  timers.o
    0x08005efc   0x08005efc   0x00000068   Code   RO         1892    .text.xTimerGenericCommand  timers.o
    0x08005f64   0x08005f64   0x00000020   Code   RO         2331    i.__0printf$1       mc_w.l(printf1.o)
    0x08005f84   0x08005f84   0x0000000e   Code   RO         2602    i.__scatterload_copy  mc_w.l(handlers.o)
    0x08005f92   0x08005f92   0x00000002   Code   RO         2603    i.__scatterload_null  mc_w.l(handlers.o)
    0x08005f94   0x08005f94   0x0000000e   Code   RO         2604    i.__scatterload_zeroinit  mc_w.l(handlers.o)
    0x08005fa2   0x08005fa2   0x00000002   PAD
    0x08005fa4   0x08005fa4   0x00000154   Code   RO         2338    i._printf_core      mc_w.l(printf1.o)
    0x080060f8   0x080060f8   0x00000012   Code   RO         2561    i.fputc             mc_w.l(fputc.o)
    0x0800610a   0x0800610a   0x00000002   PAD
    0x0800610c   0x0800610c   0x00000100   Data   RO         2240    .rodata.A7131Config  a7131.o
    0x0800620c   0x0800620c   0x00000008   Data   RO         2241    .rodata.A7131_Addr2A_Config  a7131.o
    0x08006214   0x08006214   0x00000005   Data   RO         2242    .rodata.A7131_Addr38_Config  a7131.o
    0x08006219   0x08006219   0x00000010   Data   RO         1513    .rodata.AHBPrescTable  system_stm32f4xx.o
    0x08006229   0x08006229   0x00000008   Data   RO         1514    .rodata.APBPrescTable  system_stm32f4xx.o
    0x08006231   0x08006231   0x00000004   Data   RO         2239    .rodata.ID_Tab      a7131.o
    0x08006235   0x08006235   0x00000008   Data   RO         2236    .rodata.PageTab     a7131.o
    0x0800623d   0x0800623d   0x00000003   PAD
    0x08006240   0x08006240   0x00000024   Data   RO           54    .rodata.aTask_attributes  freertos.o
    0x08006264   0x08006264   0x00000024   Data   RO           55    .rodata.dTask_attributes  freertos.o
    0x08006288   0x08006288   0x00001000   Data   RO         2254    .rodata.font16      font.o
    0x08007288   0x08007288   0x00000014   Data   RO           53    .rodata.str1.1      freertos.o
    0x0800729c   0x0800729c   0x00000010   Data   RO           56    .rodata.xx_attributes  freertos.o
    0x080072ac   0x080072ac   0x00000020   Data   RO         2601    Region$$Table       anon$$obj.o


    Execution Region RW_IRAM2 (Exec base: 0x10000000, Load base: 0x080072e8, Size: 0x00000000, Max: 0x00010000, ABSOLUTE)

    **** No section assigned to this execution region ****


    Execution Region RW_IRAM1 (Exec base: 0x20000000, Load base: 0x080072d0, Size: 0x000055e0, Max: 0x00020000, ABSOLUTE)

    Exec Addr    Load Addr    Size         Type   Attr      Idx    E Section Name        Object

    0x20000000   0x080072d0   0x00000004   Data   RW         2565    .data               mc_w.l(stdout.o)
    0x20000004   0x080072d4   0x00000004   Data   RW         1512    .data.SystemCoreClock  system_stm32f4xx.o
    0x20000008   0x080072d8   0x00000001   Data   RW          715    .data.uwTickFreq    stm32f4xx_hal.o
    0x20000009   0x080072d9   0x00000003   PAD
    0x2000000c   0x080072dc   0x00000004   Data   RW          714    .data.uwTickPrio    stm32f4xx_hal.o
    0x20000010   0x080072e0   0x00000004   Data   RW         2191    .data.uxCriticalNesting  port.o
    0x20000014   0x080072e4   0x00000004   PAD
    0x20000018        -       0x00000004   Zero   RW         2117    .bss.KernelState    cmsis_os2.o
    0x2000001c        -       0x00000040   Zero   RW         2243    .bss.RfBuf          a7131.o
    0x2000005c        -       0x00000004   Zero   RW           58    .bss.aTaskHandle    freertos.o
    0x20000060        -       0x00000004   Zero   RW           59    .bss.dTaskHandle    freertos.o
    0x20000064        -       0x00000400   Zero   RW           60    .bss.gra            freertos.o
    0x20000464        -       0x00000048   Zero   RW           75    .bss.hadc2          adc.o
    0x200004ac        -       0x00000060   Zero   RW           76    .bss.hdma_adc2      adc.o
    0x2000050c        -       0x00000054   Zero   RW          100    .bss.hi2c1          i2c.o
    0x20000560        -       0x00000058   Zero   RW          115    .bss.hspi1          spi.o
    0x200005b8        -       0x00000048   Zero   RW          132    .bss.htim3          tim.o
    0x20000600        -       0x00000048   Zero   RW          200    .bss.htim7          stm32f4xx_hal_timebase_tim.o
    0x20000648        -       0x00000044   Zero   RW          147    .bss.huart1         usart.o
    0x2000068c        -       0x000000a0   Zero   RW         1942    .bss.prvCheckForValidListAndQueue.ucStaticTimerQueueStorage  timers.o
    0x2000072c        -       0x00000050   Zero   RW         1941    .bss.prvCheckForValidListAndQueue.xStaticTimerQueue  timers.o
    0x2000077c        -       0x00000004   Zero   RW         1938    .bss.prvSampleTimeNow.xLastTime  timers.o
    0x20000780        -       0x00000004   Zero   RW         1851    .bss.pxCurrentTCB   tasks.o
    0x20000784        -       0x00000004   Zero   RW         1936    .bss.pxCurrentTimerList  timers.o
    0x20000788        -       0x00000004   Zero   RW         1859    .bss.pxDelayedTaskList  tasks.o
    0x2000078c        -       0x00000004   Zero   RW         2147    .bss.pxEnd          heap_4.o
    0x20000790        -       0x00000004   Zero   RW         1860    .bss.pxOverflowDelayedTaskList  tasks.o
    0x20000794        -       0x00000004   Zero   RW         1937    .bss.pxOverflowTimerList  timers.o
    0x20000798        -       0x00000460   Zero   RW         1862    .bss.pxReadyTasksLists  tasks.o
    0x20000bf8        -       0x00003c00   Zero   RW         2154    .bss.ucHeap         heap_4.o
    0x200047f8        -       0x00000001   Zero   RW         2189    .bss.ucMaxSysCallPriority  port.o
    0x200047f9   0x080072e4   0x00000003   PAD
    0x200047fc        -       0x00000004   Zero   RW         2190    .bss.ulMaxPRIGROUPValue  port.o
    0x20004800        -       0x00000004   Zero   RW          716    .bss.uwTick         stm32f4xx_hal.o
    0x20004804        -       0x00000004   Zero   RW         1855    .bss.uxCurrentNumberOfTasks  tasks.o
    0x20004808        -       0x00000004   Zero   RW         1854    .bss.uxDeletedTasksWaitingCleanUp  tasks.o
    0x2000480c        -       0x00000004   Zero   RW         1857    .bss.uxSchedulerSuspended  tasks.o
    0x20004810        -       0x00000004   Zero   RW         1852    .bss.uxTaskNumber   tasks.o
    0x20004814        -       0x00000004   Zero   RW         1863    .bss.uxTopReadyPriority  tasks.o
    0x20004818        -       0x00000200   Zero   RW         2120    .bss.vApplicationGetIdleTaskMemory.Idle_Stack  cmsis_os2.o
    0x20004a18        -       0x0000005c   Zero   RW         2119    .bss.vApplicationGetIdleTaskMemory.Idle_TCB  cmsis_os2.o
    0x20004a74        -       0x00000400   Zero   RW         2122    .bss.vApplicationGetTimerTaskMemory.Timer_Stack  cmsis_os2.o
    0x20004e74        -       0x0000005c   Zero   RW         2121    .bss.vApplicationGetTimerTaskMemory.Timer_TCB  cmsis_os2.o
    0x20004ed0        -       0x00000014   Zero   RW         1939    .bss.xActiveTimerList1  timers.o
    0x20004ee4        -       0x00000014   Zero   RW         1940    .bss.xActiveTimerList2  timers.o
    0x20004ef8        -       0x00000001   Zero   RW         2148    .bss.xBlockAllocatedBit  heap_4.o
    0x20004ef9   0x080072e4   0x00000003   PAD
    0x20004efc        -       0x00000014   Zero   RW         1870    .bss.xDelayedTaskList1  tasks.o
    0x20004f10        -       0x00000014   Zero   RW         1871    .bss.xDelayedTaskList2  tasks.o
    0x20004f24        -       0x00000004   Zero   RW         2149    .bss.xFreeBytesRemaining  heap_4.o
    0x20004f28        -       0x00000004   Zero   RW         1865    .bss.xIdleTaskHandle  tasks.o
    0x20004f2c        -       0x00000004   Zero   RW         2151    .bss.xMinimumEverFreeBytesRemaining  heap_4.o
    0x20004f30        -       0x00000004   Zero   RW         1866    .bss.xNextTaskUnblockTime  tasks.o
    0x20004f34        -       0x00000004   Zero   RW         1869    .bss.xNumOfOverflows  tasks.o
    0x20004f38        -       0x00000004   Zero   RW         2152    .bss.xNumberOfSuccessfulAllocations  heap_4.o
    0x20004f3c        -       0x00000004   Zero   RW         2153    .bss.xNumberOfSuccessfulFrees  heap_4.o
    0x20004f40        -       0x00000004   Zero   RW         1868    .bss.xPendedTicks   tasks.o
    0x20004f44        -       0x00000014   Zero   RW         1864    .bss.xPendingReadyList  tasks.o
    0x20004f58        -       0x00000040   Zero   RW         1660    .bss.xQueueRegistry  queue.o
    0x20004f98        -       0x00000004   Zero   RW         1856    .bss.xSchedulerRunning  tasks.o
    0x20004f9c        -       0x00000008   Zero   RW         2150    .bss.xStart         heap_4.o
    0x20004fa4        -       0x00000014   Zero   RW         1861    .bss.xSuspendedTaskList  tasks.o
    0x20004fb8        -       0x00000014   Zero   RW         1853    .bss.xTasksWaitingTermination  tasks.o
    0x20004fcc        -       0x00000004   Zero   RW         1858    .bss.xTickCount     tasks.o
    0x20004fd0        -       0x00000004   Zero   RW         1934    .bss.xTimerQueue    timers.o
    0x20004fd4        -       0x00000004   Zero   RW         1935    .bss.xTimerTaskHandle  timers.o
    0x20004fd8        -       0x00000004   Zero   RW         1867    .bss.xYieldPending  tasks.o
    0x20004fdc        -       0x00000004   Zero   RW           57    .bss.xxHandle       freertos.o
    0x20004fe0        -       0x00000600   Zero   RW            1    STACK               startup_stm32f407xx.o


==============================================================================

Image component sizes


      Code (inc. data)   RO Data    RW Data    ZI Data      Debug   Object Name

       956         12        281          0         64       5056   a7131.o
       344          0          0          0        168       6882   adc.o
       804          0          0          0       1724      42624   cmsis_os2.o
        54          0          0          0          0       3285   dma.o
         0          0       4096          0          0        369   font.o
       502          0        108          0       1036       4586   freertos.o
       248          0          0          0          0       4037   gpio.o
       676          0          0          0      15389       4733   heap_4.o
       178          0          0          0         84       5115   i2c.o
       150          0          0          0          0       2212   list.o
       292          0          0          0          0       5601   main.o
       340          0          0          0          0       1058   oled.o
       872         16          0          4          5       3821   port.o
      2890          0          0          0         64      22606   queue.o
       186          0          0          0         88       4919   spi.o
        36          8        392          0       1536        824   startup_stm32f407xx.o
       132          0          0          5          4       7304   stm32f4xx_hal.o
       932          0          0          0          0      10799   stm32f4xx_hal_adc.o
         2          0          0          0          0       8962   stm32f4xx_hal_adc_ex.o
       204          0          0          0          0      10678   stm32f4xx_hal_cortex.o
       742         12          0          0          0       9240   stm32f4xx_hal_dma.o
       442          0          0          0          0       5176   stm32f4xx_hal_gpio.o
      1390          0          0          0          0      39163   stm32f4xx_hal_i2c.o
        70          0          0          0          0       3348   stm32f4xx_hal_msp.o
      1440          0          0          0          0       7302   stm32f4xx_hal_rcc.o
      1794          0          0          0          0      21645   stm32f4xx_hal_spi.o
      2192          4          0          0          0      42870   stm32f4xx_hal_tim.o
       188          0          0          0          0      18081   stm32f4xx_hal_tim_ex.o
       142          0          0          0         72       7086   stm32f4xx_hal_timebase_tim.o
       314          0          0          0          0      20757   stm32f4xx_hal_uart.o
        80          0          0          0          0       1377   stm32f4xx_it.o
        18          0         24          4          0       2603   system_stm32f4xx.o
      2990          8          0          0       1280      29931   tasks.o
       468          0          0          0         72       6222   tim.o
      1174         26          0          0        300      14824   timers.o
       172          0          0          0         68       4857   usart.o

    ----------------------------------------------------------------------
     23696         86       4936         16      21964     389953   Object Totals
         0          0         32          0          0          0   (incl. Generated)
       282          0          3          3         10          0   (incl. Padding)

    ----------------------------------------------------------------------

      Code (inc. data)   RO Data    RW Data    ZI Data      Debug   Library Member Name

         0          0          0          0          0          0   entry.o
         0          0          0          0          0          0   entry10a.o
         0          0          0          0          0          0   entry11a.o
         8          4          0          0          0          0   entry2.o
         4          0          0          0          0          0   entry5.o
         0          0          0          0          0          0   entry7b.o
         0          0          0          0          0          0   entry8b.o
         8          4          0          0          0          0   entry9a.o
        18          0          0          0          0         80   fputc.o
        30          0          0          0          0          0   handlers.o
        36          8          0          0          0         68   init.o
         0          0          0          0          0          0   iusesemip.o
        30          0          0          0          0         68   llshl.o
        32          0          0          0          0         68   llushr.o
        36          0          0          0          0         68   memcpya.o
        36          0          0          0          0        108   memseta.o
       372         14          0          0          0        184   printf1.o
         0          0          0          0          0          0   semi.o
         0          0          0          4          0          0   stdout.o
        44          0          0          0          0         80   uidiv.o
        98          0          0          0          0         92   uldiv.o

    ----------------------------------------------------------------------
       756         30          0          4          0        816   Library Totals
         4          0          0          0          0          0   (incl. Padding)

    ----------------------------------------------------------------------

      Code (inc. data)   RO Data    RW Data    ZI Data      Debug   Library Name

       752         30          0          4          0        816   mc_w.l

    ----------------------------------------------------------------------
       756         30          0          4          0        816   Library Totals

    ----------------------------------------------------------------------

==============================================================================


      Code (inc. data)   RO Data    RW Data    ZI Data      Debug   

     24452        116       4936         20      21964     390081   Grand Totals
     24452        116       4936         20      21964     390081   ELF Image Totals
     24452        116       4936         20          0          0   ROM Totals

==============================================================================

    Total RO  Size (Code + RO Data)                29388 (  28.70kB)
    Total RW  Size (RW Data + ZI Data)             21984 (  21.47kB)
    Total ROM Size (Code + RO Data + RW Data)      29408 (  28.72kB)

==============================================================================

