Component: ARM Compiler 6.16 Tool: armlink [5dfeaa00]

==============================================================================

Section Cross References

    startup_stm32f407xx.o(STACK) refers (Special) to heapauxi.o(.text) for __use_two_region_memory
    startup_stm32f407xx.o(HEAP) refers (Special) to heapauxi.o(.text) for __use_two_region_memory
    startup_stm32f407xx.o(RESET) refers (Special) to heapauxi.o(.text) for __use_two_region_memory
    startup_stm32f407xx.o(RESET) refers to startup_stm32f407xx.o(STACK) for __initial_sp
    startup_stm32f407xx.o(RESET) refers to startup_stm32f407xx.o(.text) for Reset_Handler
    startup_stm32f407xx.o(RESET) refers to stm32f4xx_it.o(.text.NMI_Handler) for NMI_Handler
    startup_stm32f407xx.o(RESET) refers to stm32f4xx_it.o(.text.HardFault_Handler) for HardFault_Handler
    startup_stm32f407xx.o(RESET) refers to stm32f4xx_it.o(.text.MemManage_Handler) for MemManage_Handler
    startup_stm32f407xx.o(RESET) refers to stm32f4xx_it.o(.text.BusFault_Handler) for BusFault_Handler
    startup_stm32f407xx.o(RESET) refers to stm32f4xx_it.o(.text.UsageFault_Handler) for UsageFault_Handler
    startup_stm32f407xx.o(RESET) refers to port.o(.text.SVC_Handler) for SVC_Handler
    startup_stm32f407xx.o(RESET) refers to stm32f4xx_it.o(.text.DebugMon_Handler) for DebugMon_Handler
    startup_stm32f407xx.o(RESET) refers to port.o(.text.PendSV_Handler) for PendSV_Handler
    startup_stm32f407xx.o(RESET) refers to cmsis_os2.o(.text.SysTick_Handler) for SysTick_Handler
    startup_stm32f407xx.o(RESET) refers to stm32f4xx_it.o(.text.EXTI3_IRQHandler) for EXTI3_IRQHandler
    startup_stm32f407xx.o(RESET) refers to stm32f4xx_it.o(.text.EXTI4_IRQHandler) for EXTI4_IRQHandler
    startup_stm32f407xx.o(RESET) refers to stm32f4xx_it.o(.text.ADC_IRQHandler) for ADC_IRQHandler
    startup_stm32f407xx.o(RESET) refers to stm32f4xx_it.o(.text.TIM7_IRQHandler) for TIM7_IRQHandler
    startup_stm32f407xx.o(RESET) refers to stm32f4xx_it.o(.text.DMA2_Stream2_IRQHandler) for DMA2_Stream2_IRQHandler
    startup_stm32f407xx.o(.text) refers (Special) to heapauxi.o(.text) for __use_two_region_memory
    startup_stm32f407xx.o(.text) refers to system_stm32f4xx.o(.text.SystemInit) for SystemInit
    startup_stm32f407xx.o(.text) refers to __main.o(!!!main) for __main
    startup_stm32f407xx.o(.text) refers to startup_stm32f407xx.o(HEAP) for Heap_Mem
    startup_stm32f407xx.o(.text) refers to startup_stm32f407xx.o(STACK) for Stack_Mem
    main.o(.text.main) refers to stm32f4xx_hal.o(.text.HAL_Init) for HAL_Init
    main.o(.text.main) refers to main.o(.text.SystemClock_Config) for SystemClock_Config
    main.o(.text.main) refers to gpio.o(.text.MX_GPIO_Init) for MX_GPIO_Init
    main.o(.text.main) refers to dma.o(.text.MX_DMA_Init) for MX_DMA_Init
    main.o(.text.main) refers to usart.o(.text.MX_USART1_UART_Init) for MX_USART1_UART_Init
    main.o(.text.main) refers to i2c.o(.text.MX_I2C1_Init) for MX_I2C1_Init
    main.o(.text.main) refers to spi.o(.text.MX_SPI1_Init) for MX_SPI1_Init
    main.o(.text.main) refers to adc.o(.text.MX_ADC2_Init) for MX_ADC2_Init
    main.o(.text.main) refers to a7131.o(.text.InitA7131) for InitA7131
    main.o(.text.main) refers to adc.o(.bss.hadc2) for hadc2
    main.o(.text.main) refers to main.o(.bss.adcx) for adcx
    main.o(.text.main) refers to stm32f4xx_hal_adc.o(.text.HAL_ADC_Start_DMA) for HAL_ADC_Start_DMA
    main.o(.text.main) refers to cmsis_os2.o(.text.osKernelInitialize) for osKernelInitialize
    main.o(.text.main) refers to freertos.o(.text.MX_FREERTOS_Init) for MX_FREERTOS_Init
    main.o(.text.main) refers to cmsis_os2.o(.text.osKernelStart) for osKernelStart
    main.o(.ARM.exidx.text.main) refers to main.o(.text.main) for [Anonymous Symbol]
    main.o(.text.SystemClock_Config) refers to rt_memclr_w.o(.text) for __aeabi_memclr4
    main.o(.text.SystemClock_Config) refers to stm32f4xx_hal_rcc.o(.text.HAL_RCC_OscConfig) for HAL_RCC_OscConfig
    main.o(.text.SystemClock_Config) refers to stm32f4xx_hal_rcc.o(.text.HAL_RCC_ClockConfig) for HAL_RCC_ClockConfig
    main.o(.text.SystemClock_Config) refers to main.o(.text.Error_Handler) for Error_Handler
    main.o(.ARM.exidx.text.SystemClock_Config) refers to main.o(.text.SystemClock_Config) for [Anonymous Symbol]
    main.o(.ARM.exidx.text.Error_Handler) refers to main.o(.text.Error_Handler) for [Anonymous Symbol]
    main.o(.text.HAL_TIM_PeriodElapsedCallback) refers to stm32f4xx_hal.o(.text.HAL_IncTick) for HAL_IncTick
    main.o(.ARM.exidx.text.HAL_TIM_PeriodElapsedCallback) refers to main.o(.text.HAL_TIM_PeriodElapsedCallback) for [Anonymous Symbol]
    gpio.o(.text.MX_GPIO_Init) refers to stm32f4xx_hal_gpio.o(.text.HAL_GPIO_WritePin) for HAL_GPIO_WritePin
    gpio.o(.text.MX_GPIO_Init) refers to stm32f4xx_hal_gpio.o(.text.HAL_GPIO_Init) for HAL_GPIO_Init
    gpio.o(.text.MX_GPIO_Init) refers to stm32f4xx_hal_cortex.o(.text.HAL_NVIC_SetPriority) for HAL_NVIC_SetPriority
[...]
    __scatterload_zeroinit                   0x080001e1   Thumb Code    28  __scatter_zi.o(!!handler_zi)
    _printf_d                                0x080001fd   Thumb Code     0  _printf_d.o(.ARM.Collect$$_printf_percent$$00000009)
    _printf_percent                          0x080001fd   Thumb Code     0  _printf_percent.o(.ARM.Collect$$_printf_percent$$00000000)
    _printf_percent_end                      0x08000203   Thumb Code     0  _printf_percent_end.o(.ARM.Collect$$_printf_percent$$00000017)
    __rt_lib_init                            0x08000207   Thumb Code     0  libinit.o(.ARM.Collect$$libinit$$00000000)
    __rt_lib_init_fp_1                       0x08000209   Thumb Code     0  libinit2.o(.ARM.Collect$$libinit$$00000001)
    __rt_lib_init_alloca_1                   0x0800020d   Thumb Code     0  libinit2.o(.ARM.Collect$$libinit$$0000002E)
    __rt_lib_init_argv_1                     0x0800020d   Thumb Code     0  libinit2.o(.ARM.Collect$$libinit$$0000002C)
    __rt_lib_init_atexit_1                   0x0800020d   Thumb Code     0  libinit2.o(.ARM.Collect$$libinit$$0000001B)
    __rt_lib_init_clock_1                    0x0800020d   Thumb Code     0  libinit2.o(.ARM.Collect$$libinit$$00000021)
    __rt_lib_init_cpp_1                      0x0800020d   Thumb Code     0  libinit2.o(.ARM.Collect$$libinit$$00000032)
    __rt_lib_init_exceptions_1               0x0800020d   Thumb Code     0  libinit2.o(.ARM.Collect$$libinit$$00000030)
    __rt_lib_init_fp_trap_1                  0x0800020d   Thumb Code     0  libinit2.o(.ARM.Collect$$libinit$$0000001F)
    __rt_lib_init_getenv_1                   0x0800020d   Thumb Code     0  libinit2.o(.ARM.Collect$$libinit$$00000023)
    __rt_lib_init_heap_1                     0x0800020d   Thumb Code     0  libinit2.o(.ARM.Collect$$libinit$$0000000A)
    __rt_lib_init_lc_collate_1               0x0800020d   Thumb Code     0  libinit2.o(.ARM.Collect$$libinit$$00000011)
    __rt_lib_init_lc_ctype_1                 0x0800020d   Thumb Code     0  libinit2.o(.ARM.Collect$$libinit$$00000013)
    __rt_lib_init_lc_monetary_1              0x0800020d   Thumb Code     0  libinit2.o(.ARM.Collect$$libinit$$00000015)
    __rt_lib_init_lc_numeric_1               0x0800020d   Thumb Code     0  libinit2.o(.ARM.Collect$$libinit$$00000017)
    __rt_lib_init_lc_time_1                  0x0800020d   Thumb Code     0  libinit2.o(.ARM.Collect$$libinit$$00000019)
    __rt_lib_init_preinit_1                  0x0800020d   Thumb Code     0  libinit2.o(.ARM.Collect$$libinit$$00000004)
    __rt_lib_init_rand_1                     0x0800020d   Thumb Code     0  libinit2.o(.ARM.Collect$$libinit$$0000000E)
    __rt_lib_init_return                     0x0800020d   Thumb Code     0  libinit2.o(.ARM.Collect$$libinit$$00000033)
    __rt_lib_init_signal_1                   0x0800020d   Thumb Code     0  libinit2.o(.ARM.Collect$$libinit$$0000001D)
    __rt_lib_init_stdio_1                    0x0800020d   Thumb Code     0  libinit2.o(.ARM.Collect$$libinit$$00000025)
    __rt_lib_init_user_alloc_1               0x0800020d   Thumb Code     0  libinit2.o(.ARM.Collect$$libinit$$0000000C)
    __rt_lib_shutdown                        0x0800020f   Thumb Code     0  libshutdown.o(.ARM.Collect$$libshutdown$$00000000)
    __rt_lib_shutdown_cpp_1                  0x08000211   Thumb Code     0  libshutdown2.o(.ARM.Collect$$libshutdown$$00000002)
    __rt_lib_shutdown_fp_trap_1              0x08000211   Thumb Code     0  libshutdown2.o(.ARM.Collect$$libshutdown$$00000007)
    __rt_lib_shutdown_heap_1                 0x08000211   Thumb Code     0  libshutdown2.o(.ARM.Collect$$libshutdown$$0000000F)
    __rt_lib_shutdown_return                 0x08000211   Thumb Code     0  libshutdown2.o(.ARM.Collect$$libshutdown$$00000010)
    __rt_lib_shutdown_signal_1               0x08000211   Thumb Code     0  libshutdown2.o(.ARM.Collect$$libshutdown$$0000000A)
    __rt_lib_shutdown_stdio_1                0x08000211   Thumb Code     0  libshutdown2.o(.ARM.Collect$$libshutdown$$00000004)
    __rt_lib_shutdown_user_alloc_1           0x08000211   Thumb Code     0  libshutdown2.o(.ARM.Collect$$libshutdown$$0000000C)
    __rt_entry                               0x08000213   Thumb Code     0  __rtentry.o(.ARM.Collect$$rtentry$$00000000)
    __rt_entry_presh_1                       0x08000213   Thumb Code     0  __rtentry2.o(.ARM.Collect$$rtentry$$00000002)
    __rt_entry_sh                            0x08000213   Thumb Code     0  __rtentry4.o(.ARM.Collect$$rtentry$$00000004)
    __rt_entry_li                            0x08000219   Thumb Code     0  __rtentry2.o(.ARM.Collect$$rtentry$$0000000A)
    __rt_entry_postsh_1                      0x08000219   Thumb Code     0  __rtentry2.o(.ARM.Collect$$rtentry$$00000009)
    __rt_entry_main                          0x0800021d   Thumb Code     0  __rtentry2.o(.ARM.Collect$$rtentry$$0000000D)
    __rt_entry_postli_1                      0x0800021d   Thumb Code     0  __rtentry2.o(.ARM.Collect$$rtentry$$0000000C)
    __rt_exit                                0x08000225   Thumb Code     0  rtexit.o(.ARM.Collect$$rtexit$$00000000)
    __rt_exit_ls                             0x08000227   Thumb Code     0  rtexit2.o(.ARM.Collect$$rtexit$$00000003)
    __rt_exit_prels_1                        0x08000227   Thumb Code     0  rtexit2.o(.ARM.Collect$$rtexit$$00000002)
    __rt_exit_exit                           0x0800022b   Thumb Code     0  rtexit2.o(.ARM.Collect$$rtexit$$00000004)
    Reset_Handler                            0x08000231   Thumb Code     8  startup_stm32f407xx.o(.text)
    CAN1_RX0_IRQHandler                      0x0800024b   Thumb Code     0  startup_stm32f407xx.o(.text)
    CAN1_RX1_IRQHandler                      0x0800024b   Thumb Code     0  startup_stm32f407xx.o(.text)
    CAN1_SCE_IRQHandler                      0x0800024b   Thumb Code     0  startup_stm32f407xx.o(.text)
    CAN1_TX_IRQHandler                       0x0800024b   Thumb Code     0  startup_stm32f407xx.o(.text)
    CAN2_RX0_IRQHandler                      0x0800024b   Thumb Code     0  startup_stm32f407xx.o(.text)
    CAN2_RX1_IRQHandler                      0x0800024b   Thumb Code     0  startup_stm32f407xx.o(.text)
    CAN2_SCE_IRQHandler                      0x0800024b   Thumb Code     0  startup_stm32f407xx.o(.text)
    CAN2_TX_IRQHandler                       0x0800024b   Thumb Code     0  startup_stm32f407xx.o(.text)
    DCMI_IRQHandler                          0x0800024b   Thumb Code     0  startup_stm32f407xx.o(.text)
    DMA1_Stream0_IRQHandler                  0x0800024b   Thumb Code     0  startup_stm32f407xx.o(.text)
    DMA1_Stream1_IRQHandler                  0x0800024b   Thumb Code     0  startup_stm32f407xx.o(.text)
    DMA1_Stream2_IRQHandler                  0x0800024b   Thumb Code     0  startup_stm32f407xx.o(.text)
    DMA1_Stream3_IRQHandler                  0x0800024b   Thumb Code     0  startup_stm32f407xx.o(.text)
    DMA1_Stream4_IRQHandler                  0x0800024b   Thumb Code     0  startup_stm32f407xx.o(.text)
    DMA1_Stream5_IRQHandler                  0x0800024b   Thumb Code     0  startup_stm32f407xx.o(.text)
    DMA1_Stream6_IRQHandler                  0x0800024b   Thumb Code     0  startup_stm32f407xx.o(.text)
    DMA1_Stream7_IRQHandler                  0x0800024b   Thumb Code     0  startup_stm32f407xx.o(.text)
    DMA2_Stream0_IRQHandler                  0x0800024b   Thumb Code     0  startup_stm32f407xx.o(.text)
    DMA2_Stream1_IRQHandler                  0x0800024b   Thumb Code     0  startup_stm32f407xx.o(.text)
    DMA2_Stream3_IRQHandler                  0x0800024b   Thumb Code     0  startup_stm32f407xx.o(.text)
    DMA2_Stream4_IRQHandler                  0x0800024b   Thumb Code     0  startup_stm32f407xx.o(.text)
    DMA2_Stream5_IRQHandler                  0x0800024b   Thumb Code     0  startup_stm32f407xx.o(.text)
    DMA2_Stream6_IRQHandler                  0x0800024b   Thumb Code     0  startup_stm32f407xx.o(.text)
    DMA2_Stream7_IRQHandler                  0x0800024b   Thumb Code     0  startup_stm32f407xx.o(.text)
    ETH_IRQHandler                           0x0800024b   Thumb Code     0  startup_stm32f407xx.o(.text)
    ETH_WKUP_IRQHandler                      0x0800024b   Thumb Code     0  startup_stm32f407xx.o(.text)
    EXTI0_IRQHandler                         0x0800024b   Thumb Code     0  startup_stm32f407xx.o(.text)
    EXTI15_10_IRQHandler                     0x0800024b   Thumb Code     0  startup_stm32f407xx.o(.text)
    EXTI1_IRQHandler                         0x0800024b   Thumb Code     0  startup_stm32f407xx.o(.text)
    EXTI2_IRQHandler                         0x0800024b   Thumb Code     0  startup_stm32f407xx.o(.text)
    EXTI9_5_IRQHandler                       0x0800024b   Thumb Code     0  startup_stm32f407xx.o(.text)
    FLASH_IRQHandler                         0x0800024b   Thumb Code     0  startup_stm32f407xx.o(.text)
    FMC_IRQHandler                           0x0800024b   Thumb Code     0  startup_stm32f407xx.o(.text)
    FPU_IRQHandler                           0x0800024b   Thumb Code     0  startup_stm32f407xx.o(.text)
    HASH_RNG_IRQHandler                      0x0800024b   Thumb Code     0  startup_stm32f407xx.o(.text)
    I2C1_ER_IRQHandler                       0x0800024b   Thumb Code     0  startup_stm32f407xx.o(.text)
    I2C1_EV_IRQHandler                       0x0800024b   Thumb Code     0  startup_stm32f407xx.o(.text)
    I2C2_ER_IRQHandler                       0x0800024b   Thumb Code     0  startup_stm32f407xx.o(.text)
    I2C2_EV_IRQHandler                       0x0800024b   Thumb Code     0  startup_stm32f407xx.o(.text)
    I2C3_ER_IRQHandler                       0x0800024b   Thumb Code     0  startup_stm32f407xx.o(.text)
    I2C3_EV_IRQHandler                       0x0800024b   Thumb Code     0  startup_stm32f407xx.o(.text)
    OTG_FS_IRQHandler                        0x0800024b   Thumb Code     0  startup_stm32f407xx.o(.text)
    OTG_FS_WKUP_IRQHandler                   0x0800024b   Thumb Code     0  startup_stm32f407xx.o(.text)
    OTG_HS_EP1_IN_IRQHandler                 0x0800024b   Thumb Code     0  startup_stm32f407xx.o(.text)
    OTG_HS_EP1_OUT_IRQHandler                0x0800024b   Thumb Code     0  startup_stm32f407xx.o(.text)
    OTG_HS_IRQHandler                        0x0800024b   Thumb Code     0  startup_stm32f407xx.o(.text)
    OTG_HS_WKUP_IRQHandler                   0x0800024b   Thumb Code     0  startup_stm32f407xx.o(.text)
    PVD_IRQHandler                           0x0800024b   Thumb Code     0  startup_stm32f407xx.o(.text)
    RCC_IRQHandler                           0x0800024b   Thumb Code     0  startup_stm32f407xx.o(.text)
    RTC_Alarm_IRQHandler                     0x0800024b   Thumb Code     0  startup_stm32f407xx.o(.text)
    RTC_WKUP_IRQHandler                      0x0800024b   Thumb Code     0  startup_stm32f407xx.o(.text)
    SDIO_IRQHandler                          0x0800024b   Thumb Code     0  startup_stm32f407xx.o(.text)
    SPI1_IRQHandler                          0x0800024b   Thumb Code     0  startup_stm32f407xx.o(.text)
    SPI2_IRQHandler                          0x0800024b   Thumb Code     0  startup_stm32f407xx.o(.text)
    SPI3_IRQHandler                          0x0800024b   Thumb Code     0  startup_stm32f407xx.o(.text)
    TAMP_STAMP_IRQHandler                    0x0800024b   Thumb Code     0  startup_stm32f407xx.o(.text)
    TIM1_BRK_TIM9_IRQHandler                 0x0800024b   Thumb Code     0  startup_stm32f407xx.o(.text)
    TIM1_CC_IRQHandler                       0x0800024b   Thumb Code     0  startup_stm32f407xx.o(.text)
    TIM1_TRG_COM_TIM11_IRQHandler            0x0800024b   Thumb Code     0  startup_stm32f407xx.o(.text)
    TIM1_UP_TIM10_IRQHandler                 0x0800024b   Thumb Code     0  startup_stm32f407xx.o(.text)
    TIM2_IRQHandler                          0x0800024b   Thumb Code     0  startup_stm32f407xx.o(.text)
    TIM3_IRQHandler                          0x0800024b   Thumb Code     0  startup_stm32f407xx.o(.text)
    TIM4_IRQHandler                          0x0800024b   Thumb Code     0  startup_stm32f407xx.o(.text)
    TIM5_IRQHandler                          0x0800024b   Thumb Code     0  startup_stm32f407xx.o(.text)
    TIM6_DAC_IRQHandler                      0x0800024b   Thumb Code     0  startup_stm32f407xx.o(.text)
    TIM8_BRK_TIM12_IRQHandler                0x0800024b   Thumb Code     0  startup_stm32f407xx.o(.text)
    TIM8_CC_IRQHandler                       0x0800024b   Thumb Code     0  startup_stm32f407xx.o(.text)
    TIM8_TRG_COM_TIM14_IRQHandler            0x0800024b   Thumb Code     0  startup_stm32f407xx.o(.text)
    TIM8_UP_TIM13_IRQHandler                 0x0800024b   Thumb Code     0  startup_stm32f407xx.o(.text)
    UART4_IRQHandler                         0x0800024b   Thumb Code     0  startup_stm32f407xx.o(.text)
    UART5_IRQHandler                         0x0800024b   Thumb Code     0  startup_stm32f407xx.o(.text)
    USART1_IRQHandler                        0x0800024b   Thumb Code     0  startup_stm32f407xx.o(.text)
    USART2_IRQHandler                        0x0800024b   Thumb Code     0  startup_stm32f407xx.o(.text)
    USART3_IRQHandler                        0x0800024b   Thumb Code     0  startup_stm32f407xx.o(.text)
    USART6_IRQHandler                        0x0800024b   Thumb Code     0  startup_stm32f407xx.o(.text)
    WWDG_IRQHandler                          0x0800024b   Thumb Code     0  startup_stm32f407xx.o(.text)
    __user_initial_stackheap                 0x0800024d   Thumb Code     0  startup_stm32f407xx.o(.text)
    __aeabi_uldivmod                         0x08000271   Thumb Code     0  lludivv7m.o(.text)
    _ll_udiv                                 0x08000271   Thumb Code   240  lludivv7m.o(.text)
    __2sprintf                               0x08000361   Thumb Code    38  __2sprintf.o(.text)
    __printf                                 0x0800038d   Thumb Code   104  __printf.o(.text)
    _printf_int_dec                          0x080003f5   Thumb Code   104  _printf_dec.o(.text)
    __aeabi_memcpy                           0x0800046d   Thumb Code     0  rt_memcpy_v6.o(.text)
    __rt_memcpy                              0x0800046d   Thumb Code   138  rt_memcpy_v6.o(.text)
    _memcpy_lastbytes                        0x080004d3   Thumb Code     0  rt_memcpy_v6.o(.text)
    __aeabi_memset4                          0x080004f7   Thumb Code    16  aeabi_memset4.o(.text)
    __aeabi_memset8                          0x080004f7   Thumb Code     0  aeabi_memset4.o(.text)
    __aeabi_memclr4                          0x08000507   Thumb Code     0  rt_memclr_w.o(.text)
    __aeabi_memclr8                          0x08000507   Thumb Code     0  rt_memclr_w.o(.text)
    __rt_memclr_w                            0x08000507   Thumb Code     0  rt_memclr_w.o(.text)
    _memset_w                                0x0800050b   Thumb Code    74  rt_memclr_w.o(.text)
    __use_two_region_memory                  0x08000555   Thumb Code     2  heapauxi.o(.text)
    __rt_heap_escrow$2region                 0x08000557   Thumb Code     2  heapauxi.o(.text)
    __rt_heap_expand$2region                 0x08000559   Thumb Code     2  heapauxi.o(.text)
    _printf_int_common                       0x0800055b   Thumb Code   178  _printf_intcommon.o(.text)
    _printf_char_common                      0x08000617   Thumb Code    32  _printf_char_common.o(.text)
    _sputc                                   0x0800063d   Thumb Code    10  _sputc.o(.text)
    __aeabi_memcpy4                          0x08000647   Thumb Code     0  rt_memcpy_w.o(.text)
    __aeabi_memcpy8                          0x08000647   Thumb Code     0  rt_memcpy_w.o(.text)
    __rt_memcpy_w                            0x08000647   Thumb Code   100  rt_memcpy_w.o(.text)
    _memcpy_lastbytes_aligned                0x0800068f   Thumb Code     0  rt_memcpy_w.o(.text)
    __user_setup_stackheap                   0x080006ab   Thumb Code    74  sys_stackheap_outer.o(.text)
    exit                                     0x080006f5   Thumb Code    18  exit.o(.text)
    __user_libspace                          0x08000709   Thumb Code     8  libspace.o(.text)
    __user_perproc_libspace                  0x08000709   Thumb Code     0  libspace.o(.text)
    __user_perthread_libspace                0x08000709   Thumb Code     0  libspace.o(.text)
    _sys_exit                                0x08000711   Thumb Code     8  sys_exit.o(.text)
    __I$use$semihosting                      0x0800071d   Thumb Code     0  use_no_semi.o(.text)
    __use_no_semihosting_swi                 0x0800071d   Thumb Code     2  use_no_semi.o(.text)
    __semihosting_library_function           0x0800071f   Thumb Code     0  indicate_semi.o(.text)
    A7131_Cal                                0x08000721   Thumb Code   176  a7131.o(.text.A7131_Cal)
    A7131_Config                             0x080007d1   Thumb Code   170  a7131.o(.text.A7131_Config)
    A7131_ReadReg                            0x0800087d   Thumb Code    50  a7131.o(.text.A7131_ReadReg)
    A7131_Reset                              0x080008b1   Thumb Code    12  a7131.o(.text.A7131_Reset)
    A7131_WriteID                            0x080008bd   Thumb Code    62  a7131.o(.text.A7131_WriteID)
    A7131_WriteReg                           0x080008fd   Thumb Code    46  a7131.o(.text.A7131_WriteReg)
    A7131_WriteReg_Page                      0x0800092d   Thumb Code    32  a7131.o(.text.A7131_WriteReg_Page)
    ADC_IRQHandler                           0x080009e5   Thumb Code    16  stm32f4xx_it.o(.text.ADC_IRQHandler)
    BusFault_Handler                         0x08000afd   Thumb Code     2  stm32f4xx_it.o(.text.BusFault_Handler)
    ByteSend                                 0x08000b01   Thumb Code     8  a7131.o(.text.ByteSend)
    CHGroupCal                               0x08000b09   Thumb Code    76  a7131.o(.text.CHGroupCal)
    DMA2_Stream2_IRQHandler                  0x08000b55   Thumb Code    16  stm32f4xx_it.o(.text.DMA2_Stream2_IRQHandler)
    DebugMon_Handler                         0x08000c21   Thumb Code     2  stm32f4xx_it.o(.text.DebugMon_Handler)
    EXTI3_IRQHandler                         0x08000c25   Thumb Code    10  stm32f4xx_it.o(.text.EXTI3_IRQHandler)
    EXTI4_IRQHandler                         0x08000c31   Thumb Code    10  stm32f4xx_it.o(.text.EXTI4_IRQHandler)
    Err_State                                0x08000c3d   Thumb Code    56  a7131.o(.text.Err_State)
    Error_Handler                            0x08000c81   Thumb Code    10  main.o(.text.Error_Handler)
    HAL_ADCEx_InjectedConvCpltCallback       0x08000c8d   Thumb Code     2  stm32f4xx_hal_adc_ex.o(.text.HAL_ADCEx_InjectedConvCpltCallback)
    HAL_ADC_ConfigChannel                    0x08000c91   Thumb Code   262  stm32f4xx_hal_adc.o(.text.HAL_ADC_ConfigChannel)
    HAL_ADC_ConvCpltCallback                 0x08000d99   Thumb Code     2  stm32f4xx_hal_adc.o(.text.HAL_ADC_ConvCpltCallback)
    HAL_ADC_ConvHalfCpltCallback             0x08000d9d   Thumb Code     2  stm32f4xx_hal_adc.o(.text.HAL_ADC_ConvHalfCpltCallback)
    HAL_ADC_ErrorCallback                    0x08000da1   Thumb Code     2  stm32f4xx_hal_adc.o(.text.HAL_ADC_ErrorCallback)
    HAL_ADC_IRQHandler                       0x08000da5   Thumb Code   322  stm32f4xx_hal_adc.o(.text.HAL_ADC_IRQHandler)
    HAL_ADC_Init                             0x08000ee9   Thumb Code    78  stm32f4xx_hal_adc.o(.text.HAL_ADC_Init)
    HAL_ADC_LevelOutOfWindowCallback         0x08000f39   Thumb Code     2  stm32f4xx_hal_adc.o(.text.HAL_ADC_LevelOutOfWindowCallback)
    HAL_ADC_MspInit                          0x08000f3d   Thumb Code   198  adc.o(.text.HAL_ADC_MspInit)
    HAL_ADC_Start_DMA                        0x08001005   Thumb Code   362  stm32f4xx_hal_adc.o(.text.HAL_ADC_Start_DMA)
    HAL_DMA_IRQHandler                       0x08001171   Thumb Code   396  stm32f4xx_hal_dma.o(.text.HAL_DMA_IRQHandler)
    HAL_DMA_Init                             0x080012fd   Thumb Code   206  stm32f4xx_hal_dma.o(.text.HAL_DMA_Init)
    HAL_DMA_Start_IT                         0x080013cd   Thumb Code    98  stm32f4xx_hal_dma.o(.text.HAL_DMA_Start_IT)
    HAL_Delay                                0x08001431   Thumb Code    40  stm32f4xx_hal.o(.text.HAL_Delay)
    HAL_GPIO_EXTI_Callback                   0x08001459   Thumb Code    28  freertos.o(.text.HAL_GPIO_EXTI_Callback)
    HAL_GPIO_EXTI_IRQHandler                 0x08001475   Thumb Code    26  stm32f4xx_hal_gpio.o(.text.HAL_GPIO_EXTI_IRQHandler)
    HAL_GPIO_Init                            0x08001491   Thumb Code   406  stm32f4xx_hal_gpio.o(.text.HAL_GPIO_Init)
    HAL_GPIO_WritePin                        0x08001629   Thumb Code    10  stm32f4xx_hal_gpio.o(.text.HAL_GPIO_WritePin)
    HAL_GetTick                              0x08001635   Thumb Code    12  stm32f4xx_hal.o(.text.HAL_GetTick)
    HAL_I2C_Init                             0x08001641   Thumb Code   408  stm32f4xx_hal_i2c.o(.text.HAL_I2C_Init)
    HAL_I2C_Mem_Write                        0x080017d9   Thumb Code   298  stm32f4xx_hal_i2c.o(.text.HAL_I2C_Mem_Write)
    HAL_I2C_MspInit                          0x08001905   Thumb Code   116  i2c.o(.text.HAL_I2C_MspInit)
    HAL_IncTick                              0x08001979   Thumb Code    26  stm32f4xx_hal.o(.text.HAL_IncTick)
    HAL_Init                                 0x08001995   Thumb Code    54  stm32f4xx_hal.o(.text.HAL_Init)
    HAL_InitTick                             0x080019cd   Thumb Code   142  stm32f4xx_hal_timebase_tim.o(.text.HAL_InitTick)
    HAL_MspInit                              0x08001a5d   Thumb Code    70  stm32f4xx_hal_msp.o(.text.HAL_MspInit)
    HAL_NVIC_EnableIRQ                       0x08001aa5   Thumb Code     8  stm32f4xx_hal_cortex.o(.text.HAL_NVIC_EnableIRQ)
    HAL_NVIC_SetPriority                     0x08001aad   Thumb Code    30  stm32f4xx_hal_cortex.o(.text.HAL_NVIC_SetPriority)
    HAL_NVIC_SetPriorityGrouping             0x08001acd   Thumb Code     8  stm32f4xx_hal_cortex.o(.text.HAL_NVIC_SetPriorityGrouping)
    HAL_RCC_ClockConfig                      0x08001ad5   Thumb Code   352  stm32f4xx_hal_rcc.o(.text.HAL_RCC_ClockConfig)
    HAL_RCC_GetClockConfig                   0x08001c35   Thumb Code    62  stm32f4xx_hal_rcc.o(.text.HAL_RCC_GetClockConfig)
    HAL_RCC_GetHCLKFreq                      0x08001c75   Thumb Code    12  stm32f4xx_hal_rcc.o(.text.HAL_RCC_GetHCLKFreq)
    HAL_RCC_GetPCLK1Freq                     0x08001c81   Thumb Code    34  stm32f4xx_hal_rcc.o(.text.HAL_RCC_GetPCLK1Freq)
    HAL_RCC_GetPCLK2Freq                     0x08001ca5   Thumb Code    34  stm32f4xx_hal_rcc.o(.text.HAL_RCC_GetPCLK2Freq)
    HAL_RCC_GetSysClockFreq                  0x08001cc9   Thumb Code   106  stm32f4xx_hal_rcc.o(.text.HAL_RCC_GetSysClockFreq)
    HAL_RCC_OscConfig                        0x08001d35   Thumb Code   840  stm32f4xx_hal_rcc.o(.text.HAL_RCC_OscConfig)
    HAL_SPI_Init                             0x0800207d   Thumb Code   180  stm32f4xx_hal_spi.o(.text.HAL_SPI_Init)
    HAL_SPI_MspInit                          0x08002131   Thumb Code   114  spi.o(.text.HAL_SPI_MspInit)
    HAL_SPI_Receive                          0x080021a5   Thumb Code   334  stm32f4xx_hal_spi.o(.text.HAL_SPI_Receive)
    HAL_SPI_Transmit                         0x080022f5   Thumb Code   380  stm32f4xx_hal_spi.o(.text.HAL_SPI_Transmit)
    HAL_SPI_TransmitReceive                  0x08002471   Thumb Code   482  stm32f4xx_hal_spi.o(.text.HAL_SPI_TransmitReceive)
    HAL_TIMEx_BreakCallback                  0x08002655   Thumb Code     2  stm32f4xx_hal_tim_ex.o(.text.HAL_TIMEx_BreakCallback)
    HAL_TIMEx_CommutCallback                 0x08002659   Thumb Code     2  stm32f4xx_hal_tim_ex.o(.text.HAL_TIMEx_CommutCallback)
    HAL_TIM_Base_Init                        0x0800265d   Thumb Code    90  stm32f4xx_hal_tim.o(.text.HAL_TIM_Base_Init)
    HAL_TIM_Base_MspInit                     0x080026b9   Thumb Code     2  stm32f4xx_hal_tim.o(.text.HAL_TIM_Base_MspInit)
    HAL_TIM_Base_Start_IT                    0x080026bd   Thumb Code   168  stm32f4xx_hal_tim.o(.text.HAL_TIM_Base_Start_IT)
    HAL_TIM_IC_CaptureCallback               0x08002765   Thumb Code     2  stm32f4xx_hal_tim.o(.text.HAL_TIM_IC_CaptureCallback)
    HAL_TIM_IRQHandler                       0x08002769   Thumb Code   362  stm32f4xx_hal_tim.o(.text.HAL_TIM_IRQHandler)
    HAL_TIM_OC_DelayElapsedCallback          0x080028d5   Thumb Code     2  stm32f4xx_hal_tim.o(.text.HAL_TIM_OC_DelayElapsedCallback)
    HAL_TIM_PWM_PulseFinishedCallback        0x080028d9   Thumb Code     2  stm32f4xx_hal_tim.o(.text.HAL_TIM_PWM_PulseFinishedCallback)
    HAL_TIM_PeriodElapsedCallback            0x080028dd   Thumb Code    22  main.o(.text.HAL_TIM_PeriodElapsedCallback)
    HAL_TIM_TriggerCallback                  0x080028f5   Thumb Code     2  stm32f4xx_hal_tim.o(.text.HAL_TIM_TriggerCallback)
    HAL_UART_Init                            0x080028f9   Thumb Code    94  stm32f4xx_hal_uart.o(.text.HAL_UART_Init)
    HAL_UART_MspInit                         0x08002959   Thumb Code   116  usart.o(.text.HAL_UART_MspInit)
    HAL_UART_Transmit                        0x080029cd   Thumb Code   204  stm32f4xx_hal_uart.o(.text.HAL_UART_Transmit)
    HardFault_Handler                        0x08002a99   Thumb Code     2  stm32f4xx_it.o(.text.HardFault_Handler)
    InitA7131                                0x08002d4d   Thumb Code    62  a7131.o(.text.InitA7131)
    MX_ADC2_Init                             0x08002d8d   Thumb Code   146  adc.o(.text.MX_ADC2_Init)
    MX_DMA_Init                              0x08002e21   Thumb Code    54  dma.o(.text.MX_DMA_Init)
    MX_FREERTOS_Init                         0x08002e59   Thumb Code    94  freertos.o(.text.MX_FREERTOS_Init)
    MX_GPIO_Init                             0x08002eb9   Thumb Code   228  gpio.o(.text.MX_GPIO_Init)
    MX_I2C1_Init                             0x08002f9d   Thumb Code    62  i2c.o(.text.MX_I2C1_Init)
    MX_SPI1_Init                             0x08002fdd   Thumb Code    72  spi.o(.text.MX_SPI1_Init)
    MX_USART1_UART_Init                      0x08003025   Thumb Code    56  usart.o(.text.MX_USART1_UART_Init)
    MemManage_Handler                        0x0800305d   Thumb Code     2  stm32f4xx_it.o(.text.MemManage_Handler)
    NMI_Handler                              0x08003061   Thumb Code     2  stm32f4xx_it.o(.text.NMI_Handler)
    OLED_Init                                0x08003091   Thumb Code   226  oled.o(.text.OLED_Init)
    OLED_WR_Byte                             0x08003175   Thumb Code    18  oled.o(.text.OLED_WR_Byte)
    PendSV_Handler                           0x08003191   Thumb Code   100  port.o(.text.PendSV_Handler)
    ReadFIFO                                 0x080031f5   Thumb Code    60  a7131.o(.text.ReadFIFO)
    SPI1_ReadWriteByte                       0x08003231   Thumb Code    46  a7131.o(.text.SPI1_ReadWriteByte)
    SVC_Handler                              0x08003411   Thumb Code    36  port.o(.text.SVC_Handler)
    StartATask                               0x0800343d   Thumb Code   170  freertos.o(.text.StartATask)
    StartDTask                               0x080034e9   Thumb Code     8  freertos.o(.text.StartDTask)
    StrobeCmd                                0x080034f1   Thumb Code    38  a7131.o(.text.StrobeCmd)
    SysTick_Handler                          0x08003519   Thumb Code    26  cmsis_os2.o(.text.SysTick_Handler)
    SystemClock_Config                       0x08003535   Thumb Code   162  main.o(.text.SystemClock_Config)
    SystemInit                               0x080035d9   Thumb Code    18  system_stm32f4xx.o(.text.SystemInit)
    TIM7_IRQHandler                          0x080035ed   Thumb Code    16  stm32f4xx_it.o(.text.TIM7_IRQHandler)
    TIM_Base_SetConfig                       0x080035fd   Thumb Code   292  stm32f4xx_hal_tim.o(.text.TIM_Base_SetConfig)
    UsageFault_Handler                       0x08003861   Thumb Code     2  stm32f4xx_it.o(.text.UsageFault_Handler)
    WriteThing                               0x08003865   Thumb Code    62  a7131.o(.text.WriteThing)
    Write_IIC_Command                        0x080038a5   Thumb Code    48  oled.o(.text.Write_IIC_Command)
    Write_IIC_Data                           0x080038d5   Thumb Code    48  oled.o(.text.Write_IIC_Data)
    initRF                                   0x08003a41   Thumb Code    20  a7131.o(.text.initRF)
    main                                     0x08003a55   Thumb Code    74  main.o(.text.main)
    osDelay                                  0x08003ab5   Thumb Code    32  cmsis_os2.o(.text.osDelay)
    osKernelInitialize                       0x08003ad5   Thumb Code    40  cmsis_os2.o(.text.osKernelInitialize)
    osKernelStart                            0x08003afd   Thumb Code    52  cmsis_os2.o(.text.osKernelStart)
    osSemaphoreAcquire                       0x08003b31   Thumb Code   106  cmsis_os2.o(.text.osSemaphoreAcquire)
    osSemaphoreNew                           0x08003b9d   Thumb Code   196  cmsis_os2.o(.text.osSemaphoreNew)
    osSemaphoreRelease                       0x08003c61   Thumb Code    96  cmsis_os2.o(.text.osSemaphoreRelease)
    osThreadNew                              0x08003cc1   Thumb Code   180  cmsis_os2.o(.text.osThreadNew)
    pvPortMalloc                             0x080046f9   Thumb Code   330  heap_4.o(.text.pvPortMalloc)
    pvTaskIncrementMutexHeldCount            0x08004845   Thumb Code    24  tasks.o(.text.pvTaskIncrementMutexHeldCount)
    pxPortInitialiseStack                    0x0800485d   Thumb Code    40  port.o(.text.pxPortInitialiseStack)
    uxListRemove                             0x08004885   Thumb Code    36  list.o(.text.uxListRemove)
    vApplicationGetIdleTaskMemory            0x080048a9   Thumb Code    26  cmsis_os2.o(.text.vApplicationGetIdleTaskMemory)
    vApplicationGetTimerTaskMemory           0x080048c5   Thumb Code    28  cmsis_os2.o(.text.vApplicationGetTimerTaskMemory)
    vListInitialise                          0x080048e1   Thumb Code    22  list.o(.text.vListInitialise)
    vListInitialiseItem                      0x080048f9   Thumb Code     6  list.o(.text.vListInitialiseItem)
    vListInsert                              0x08004901   Thumb Code    58  list.o(.text.vListInsert)
    vListInsertEnd                           0x0800493d   Thumb Code    28  list.o(.text.vListInsertEnd)
    vPortEnterCritical                       0x0800496d   Thumb Code    70  port.o(.text.vPortEnterCritical)
    vPortExitCritical                        0x080049b5   Thumb Code    46  port.o(.text.vPortExitCritical)
    vPortFree                                0x080049e5   Thumb Code   138  heap_4.o(.text.vPortFree)
    vPortSetupTimerInterrupt                 0x08004a71   Thumb Code    52  port.o(.text.vPortSetupTimerInterrupt)
    vPortValidateInterruptPriority           0x08004aa5   Thumb Code    98  port.o(.text.vPortValidateInterruptPriority)
    vQueueAddToRegistry                      0x08004b09   Thumb Code    40  queue.o(.text.vQueueAddToRegistry)
    vQueueDelete                             0x08004b31   Thumb Code    46  queue.o(.text.vQueueDelete)
    vQueueUnregisterQueue                    0x08004b61   Thumb Code    42  queue.o(.text.vQueueUnregisterQueue)
    vQueueWaitForMessageRestricted           0x08004b8d   Thumb Code    68  queue.o(.text.vQueueWaitForMessageRestricted)
    vTaskDelay                               0x08004bd1   Thumb Code    84  tasks.o(.text.vTaskDelay)
    vTaskInternalSetTimeOutState             0x08004c25   Thumb Code    26  tasks.o(.text.vTaskInternalSetTimeOutState)
    vTaskMissedYield                         0x08004c41   Thumb Code    14  tasks.o(.text.vTaskMissedYield)
    vTaskPlaceOnEventList                    0x08004c51   Thumb Code    50  tasks.o(.text.vTaskPlaceOnEventList)
    vTaskPlaceOnEventListRestricted          0x08004c85   Thumb Code    62  tasks.o(.text.vTaskPlaceOnEventListRestricted)
    vTaskPriorityDisinheritAfterTimeout      0x08004cc5   Thumb Code   164  tasks.o(.text.vTaskPriorityDisinheritAfterTimeout)
    vTaskStartScheduler                      0x08004d69   Thumb Code   156  tasks.o(.text.vTaskStartScheduler)
    vTaskSuspendAll                          0x08004e0d   Thumb Code    16  tasks.o(.text.vTaskSuspendAll)
    vTaskSwitchContext                       0x08004e1d   Thumb Code   154  tasks.o(.text.vTaskSwitchContext)
    xPortStartScheduler                      0x08004eb9   Thumb Code   274  port.o(.text.xPortStartScheduler)
    xPortSysTickHandler                      0x08004fcd   Thumb Code    46  port.o(.text.xPortSysTickHandler)
    xQueueCreateCountingSemaphore            0x08004ffd   Thumb Code    66  queue.o(.text.xQueueCreateCountingSemaphore)
    xQueueCreateCountingSemaphoreStatic      0x08005041   Thumb Code    78  queue.o(.text.xQueueCreateCountingSemaphoreStatic)
    xQueueGenericCreate                      0x08005091   Thumb Code    70  queue.o(.text.xQueueGenericCreate)
    xQueueGenericCreateStatic                0x080050d9   Thumb Code   150  queue.o(.text.xQueueGenericCreateStatic)
    xQueueGenericReset                       0x08005171   Thumb Code   126  queue.o(.text.xQueueGenericReset)
    xQueueGenericSend                        0x080051f1   Thumb Code   418  queue.o(.text.xQueueGenericSend)
    xQueueGenericSendFromISR                 0x08005395   Thumb Code   206  queue.o(.text.xQueueGenericSendFromISR)
    xQueueGiveFromISR                        0x08005465   Thumb Code   192  queue.o(.text.xQueueGiveFromISR)
    xQueueReceive                            0x08005525   Thumb Code   388  queue.o(.text.xQueueReceive)
    xQueueReceiveFromISR                     0x080056a9   Thumb Code   170  queue.o(.text.xQueueReceiveFromISR)
    xQueueSemaphoreTake                      0x08005755   Thumb Code   454  queue.o(.text.xQueueSemaphoreTake)
    xTaskCheckForTimeOut                     0x0800591d   Thumb Code   136  tasks.o(.text.xTaskCheckForTimeOut)
    xTaskCreate                              0x080059a5   Thumb Code   102  tasks.o(.text.xTaskCreate)
    xTaskCreateStatic                        0x08005a0d   Thumb Code   118  tasks.o(.text.xTaskCreateStatic)
    xTaskGetSchedulerState                   0x08005a85   Thumb Code    38  tasks.o(.text.xTaskGetSchedulerState)
    xTaskGetTickCount                        0x08005aad   Thumb Code    12  tasks.o(.text.xTaskGetTickCount)
    xTaskIncrementTick                       0x08005ab9   Thumb Code   338  tasks.o(.text.xTaskIncrementTick)
    xTaskPriorityDisinherit                  0x08005c0d   Thumb Code   146  tasks.o(.text.xTaskPriorityDisinherit)
    xTaskPriorityInherit                     0x08005ca1   Thumb Code   146  tasks.o(.text.xTaskPriorityInherit)
    xTaskRemoveFromEventList                 0x08005d35   Thumb Code   142  tasks.o(.text.xTaskRemoveFromEventList)
    xTaskResumeAll                           0x08005dc5   Thumb Code   276  tasks.o(.text.xTaskResumeAll)
    xTimerCreateTimerTask                    0x08005ed9   Thumb Code   108  timers.o(.text.xTimerCreateTimerTask)
    xTimerGenericCommand                     0x08005f4d   Thumb Code   104  timers.o(.text.xTimerGenericCommand)
    _fp_init                                 0x08005fb5   Thumb Code    26  fpinit.o(x$fpl$fpinit)
    __fplib_config_fpu_vfp                   0x08005fcd   Thumb Code     0  fpinit.o(x$fpl$fpinit)
    __fplib_config_pureend_doubles           0x08005fcd   Thumb Code     0  fpinit.o(x$fpl$fpinit)
    A7131Config                              0x08005fd0   Data         256  a7131.o(.rodata.A7131Config)
    A7131_Addr2A_Config                      0x080060d0   Data           8  a7131.o(.rodata.A7131_Addr2A_Config)
    A7131_Addr38_Config                      0x080060d8   Data           5  a7131.o(.rodata.A7131_Addr38_Config)
    AHBPrescTable                            0x080060dd   Data          16  system_stm32f4xx.o(.rodata.AHBPrescTable)
    APBPrescTable                            0x080060ed   Data           8  system_stm32f4xx.o(.rodata.APBPrescTable)
    ID_Tab                                   0x080060f5   Data           4  a7131.o(.rodata.ID_Tab)
    PageTab                                  0x080060f9   Data           8  a7131.o(.rodata.PageTab)
    aTask_attributes                         0x08006104   Data          36  freertos.o(.rodata.aTask_attributes)
    dTask_attributes                         0x08006128   Data          36  freertos.o(.rodata.dTask_attributes)
    font16                                   0x0800614c   Data        4096  font.o(.rodata.font16)
    xx_attributes                            0x08007164   Data          16  freertos.o(.rodata.xx_attributes)
    Region$$Table$$Base                      0x08007174   Number         0  anon$$obj.o(Region$$Table)
    Region$$Table$$Limit                     0x08007194   Number         0  anon$$obj.o(Region$$Table)
    SystemCoreClock                          0x20000000   Data           4  system_stm32f4xx.o(.data.SystemCoreClock)
    uwTickFreq                               0x20000004   Data           1  stm32f4xx_hal.o(.data.uwTickFreq)
    uwTickPrio                               0x20000008   Data           4  stm32f4xx_hal.o(.data.uwTickPrio)
    __libspace_start                         0x20000010   Data          96  libspace.o(.bss)
    __temporary_stack_top$libspace           0x20000070   Data           0  libspace.o(.bss)
    MasterSend                               0x20000074   Data          64  freertos.o(.bss.MasterSend)
    RfBuf                                    0x200000b4   Data          64  a7131.o(.bss.RfBuf)
    aTaskHandle                              0x200000f4   Data           4  freertos.o(.bss.aTaskHandle)
    adcx                                     0x200000f8   Data           6  main.o(.bss.adcx)
    dTaskHandle                              0x20000100   Data           4  freertos.o(.bss.dTaskHandle)
    hadc2                                    0x20000504   Data          72  adc.o(.bss.hadc2)
    hdma_adc2                                0x2000054c   Data          96  adc.o(.bss.hdma_adc2)
    hi2c1                                    0x200005ac   Data          84  i2c.o(.bss.hi2c1)
    hspi1                                    0x20000600   Data          88  spi.o(.bss.hspi1)
    htim7                                    0x20000658   Data          72  stm32f4xx_hal_timebase_tim.o(.bss.htim7)
    huart1                                   0x200006a0   Data          68  usart.o(.bss.huart1)
    pxCurrentTCB                             0x200007d8   Data           4  tasks.o(.bss.pxCurrentTCB)
    u_buf                                    0x20000c50   Data         256  main.o(.bss.u_buf)
    uwTick                                   0x20004958   Data           4  stm32f4xx_hal.o(.bss.uwTick)
    xQueueRegistry                           0x200050b0   Data          64  queue.o(.bss.xQueueRegistry)
    xxHandle                                 0x20005134   Data           4  freertos.o(.bss.xxHandle)



==============================================================================

Memory Map of the image

  Image Entry point : 0x08000189

  Load Region LR_IROM1 (Base: 0x08000000, Size: 0x000071a8, Max: 0x00080000, ABSOLUTE)

    Execution Region ER_IROM1 (Exec base: 0x08000000, Load base: 0x08000000, Size: 0x00007194, Max: 0x00080000, ABSOLUTE)

    Exec Addr    Load Addr    Size         Type   Attr      Idx    E Section Name        Object

    0x08000000   0x08000000   0x00000188   Data   RO            3    RESET               startup_stm32f407xx.o
    0x08000188   0x08000188   0x00000008   Code   RO         2309  * !!!main             c_w.l(__main.o)
    0x08000190   0x08000190   0x00000034   Code   RO         2493    !!!scatter          c_w.l(__scatter.o)
    0x080001c4   0x080001c4   0x0000001a   Code   RO         2495    !!handler_copy      c_w.l(__scatter_copy.o)
    0x080001de   0x080001de   0x00000002   PAD
    0x080001e0   0x080001e0   0x0000001c   Code   RO         2497    !!handler_zi        c_w.l(__scatter_zi.o)
    0x080001fc   0x080001fc   0x00000000   Code   RO         2296    .ARM.Collect$$_printf_percent$$00000000  c_w.l(_printf_percent.o)
    0x080001fc   0x080001fc   0x00000006   Code   RO         2295    .ARM.Collect$$_printf_percent$$00000009  c_w.l(_printf_d.o)
    0x08000202   0x08000202   0x00000004   Code   RO         2322    .ARM.Collect$$_printf_percent$$00000017  c_w.l(_printf_percent_end.o)
    0x08000206   0x08000206   0x00000002   Code   RO         2357    .ARM.Collect$$libinit$$00000000  c_w.l(libinit.o)
    0x08000208   0x08000208   0x00000004   Code   RO         2369    .ARM.Collect$$libinit$$00000001  c_w.l(libinit2.o)
    0x0800020c   0x0800020c   0x00000000   Code   RO         2372    .ARM.Collect$$libinit$$00000004  c_w.l(libinit2.o)
    0x0800020c   0x0800020c   0x00000000   Code   RO         2375    .ARM.Collect$$libinit$$0000000A  c_w.l(libinit2.o)
    0x0800020c   0x0800020c   0x00000000   Code   RO         2377    .ARM.Collect$$libinit$$0000000C  c_w.l(libinit2.o)
    0x0800020c   0x0800020c   0x00000000   Code   RO         2379    .ARM.Collect$$libinit$$0000000E  c_w.l(libinit2.o)
    0x0800020c   0x0800020c   0x00000000   Code   RO         2382    .ARM.Collect$$libinit$$00000011  c_w.l(libinit2.o)
    0x0800020c   0x0800020c   0x00000000   Code   RO         2384    .ARM.Collect$$libinit$$00000013  c_w.l(libinit2.o)
    0x0800020c   0x0800020c   0x00000000   Code   RO         2386    .ARM.Collect$$libinit$$00000015  c_w.l(libinit2.o)
    0x0800020c   0x0800020c   0x00000000   Code   RO         2388    .ARM.Collect$$libinit$$00000017  c_w.l(libinit2.o)
    0x0800020c   0x0800020c   0x00000000   Code   RO         2390    .ARM.Collect$$libinit$$00000019  c_w.l(libinit2.o)
    0x0800020c   0x0800020c   0x00000000   Code   RO         2392    .ARM.Collect$$libinit$$0000001B  c_w.l(libinit2.o)
    0x0800020c   0x0800020c   0x00000000   Code   RO         2394    .ARM.Collect$$libinit$$0000001D  c_w.l(libinit2.o)
    0x0800020c   0x0800020c   0x00000000   Code   RO         2396    .ARM.Collect$$libinit$$0000001F  c_w.l(libinit2.o)
    0x0800020c   0x0800020c   0x00000000   Code   RO         2398    .ARM.Collect$$libinit$$00000021  c_w.l(libinit2.o)
    0x0800020c   0x0800020c   0x00000000   Code   RO         2400    .ARM.Collect$$libinit$$00000023  c_w.l(libinit2.o)
    0x0800020c   0x0800020c   0x00000000   Code   RO         2402    .ARM.Collect$$libinit$$00000025  c_w.l(libinit2.o)
    0x0800020c   0x0800020c   0x00000000   Code   RO         2406    .ARM.Collect$$libinit$$0000002C  c_w.l(libinit2.o)
    0x0800020c   0x0800020c   0x00000000   Code   RO         2408    .ARM.Collect$$libinit$$0000002E  c_w.l(libinit2.o)
    0x0800020c   0x0800020c   0x00000000   Code   RO         2410    .ARM.Collect$$libinit$$00000030  c_w.l(libinit2.o)
    0x0800020c   0x0800020c   0x00000000   Code   RO         2412    .ARM.Collect$$libinit$$00000032  c_w.l(libinit2.o)
    0x0800020c   0x0800020c   0x00000002   Code   RO         2413    .ARM.Collect$$libinit$$00000033  c_w.l(libinit2.o)
    0x0800020e   0x0800020e   0x00000002   Code   RO         2448    .ARM.Collect$$libshutdown$$00000000  c_w.l(libshutdown.o)
    0x08000210   0x08000210   0x00000000   Code   RO         2476    .ARM.Collect$$libshutdown$$00000002  c_w.l(libshutdown2.o)
    0x08000210   0x08000210   0x00000000   Code   RO         2478    .ARM.Collect$$libshutdown$$00000004  c_w.l(libshutdown2.o)
    0x08000210   0x08000210   0x00000000   Code   RO         2481    .ARM.Collect$$libshutdown$$00000007  c_w.l(libshutdown2.o)
    0x08000210   0x08000210   0x00000000   Code   RO         2484    .ARM.Collect$$libshutdown$$0000000A  c_w.l(libshutdown2.o)
    0x08000210   0x08000210   0x00000000   Code   RO         2486    .ARM.Collect$$libshutdown$$0000000C  c_w.l(libshutdown2.o)
    0x08000210   0x08000210   0x00000000   Code   RO         2489    .ARM.Collect$$libshutdown$$0000000F  c_w.l(libshutdown2.o)
    0x08000210   0x08000210   0x00000002   Code   RO         2490    .ARM.Collect$$libshutdown$$00000010  c_w.l(libshutdown2.o)
    0x08000212   0x08000212   0x00000000   Code   RO         2311    .ARM.Collect$$rtentry$$00000000  c_w.l(__rtentry.o)
    0x08000212   0x08000212   0x00000000   Code   RO         2326    .ARM.Collect$$rtentry$$00000002  c_w.l(__rtentry2.o)
    0x08000212   0x08000212   0x00000006   Code   RO         2338    .ARM.Collect$$rtentry$$00000004  c_w.l(__rtentry4.o)
    0x08000218   0x08000218   0x00000000   Code   RO         2328    .ARM.Collect$$rtentry$$00000009  c_w.l(__rtentry2.o)
    0x08000218   0x08000218   0x00000004   Code   RO         2329    .ARM.Collect$$rtentry$$0000000A  c_w.l(__rtentry2.o)
    0x0800021c   0x0800021c   0x00000000   Code   RO         2331    .ARM.Collect$$rtentry$$0000000C  c_w.l(__rtentry2.o)
    0x0800021c   0x0800021c   0x00000008   Code   RO         2332    .ARM.Collect$$rtentry$$0000000D  c_w.l(__rtentry2.o)
    0x08000224   0x08000224   0x00000002   Code   RO         2361    .ARM.Collect$$rtexit$$00000000  c_w.l(rtexit.o)
    0x08000226   0x08000226   0x00000000   Code   RO         2419    .ARM.Collect$$rtexit$$00000002  c_w.l(rtexit2.o)
    0x08000226   0x08000226   0x00000004   Code   RO         2420    .ARM.Collect$$rtexit$$00000003  c_w.l(rtexit2.o)
    0x0800022a   0x0800022a   0x00000006   Code   RO         2421    .ARM.Collect$$rtexit$$00000004  c_w.l(rtexit2.o)
    0x08000230   0x08000230   0x00000040   Code   RO            4    .text               startup_stm32f407xx.o
    0x08000270   0x08000270   0x000000f0   Code   RO         2265    .text               c_w.l(lludivv7m.o)
    0x08000360   0x08000360   0x0000002c   Code   RO         2267    .text               c_w.l(__2sprintf.o)
    0x0800038c   0x0800038c   0x00000068   Code   RO         2271    .text               c_w.l(__printf.o)
    0x080003f4   0x080003f4   0x00000078   Code   RO         2273    .text               c_w.l(_printf_dec.o)
    0x0800046c   0x0800046c   0x0000008a   Code   RO         2297    .text               c_w.l(rt_memcpy_v6.o)
    0x080004f6   0x080004f6   0x00000010   Code   RO         2301    .text               c_w.l(aeabi_memset4.o)
    0x08000506   0x08000506   0x0000004e   Code   RO         2305    .text               c_w.l(rt_memclr_w.o)
    0x08000554   0x08000554   0x00000006   Code   RO         2307    .text               c_w.l(heapauxi.o)
    0x0800055a   0x0800055a   0x000000b2   Code   RO         2316    .text               c_w.l(_printf_intcommon.o)
    0x0800060c   0x0800060c   0x00000030   Code   RO         2318    .text               c_w.l(_printf_char_common.o)
    0x0800063c   0x0800063c   0x0000000a   Code   RO         2320    .text               c_w.l(_sputc.o)
    0x08000646   0x08000646   0x00000064   Code   RO         2323    .text               c_w.l(rt_memcpy_w.o)
    0x080006aa   0x080006aa   0x0000004a   Code   RO         2344    .text               c_w.l(sys_stackheap_outer.o)
    0x080006f4   0x080006f4   0x00000012   Code   RO         2346    .text               c_w.l(exit.o)
    0x08000706   0x08000706   0x00000002   PAD
    0x08000708   0x08000708   0x00000008   Code   RO         2358    .text               c_w.l(libspace.o)
    0x08000710   0x08000710   0x0000000c   Code   RO         2414    .text               c_w.l(sys_exit.o)
    0x0800071c   0x0800071c   0x00000002   Code   RO         2437    .text               c_w.l(use_no_semi.o)
    0x0800071e   0x0800071e   0x00000000   Code   RO         2439    .text               c_w.l(indicate_semi.o)
    0x0800071e   0x0800071e   0x00000002   PAD
    0x08000720   0x08000720   0x000000b0   Code   RO          232    .text.A7131_Cal     a7131.o
    0x080007d0   0x080007d0   0x000000aa   Code   RO          234    .text.A7131_Config  a7131.o
    0x0800087a   0x0800087a   0x00000002   PAD
    0x0800087c   0x0800087c   0x00000032   Code   RO          220    .text.A7131_ReadReg  a7131.o
    0x080008ae   0x080008ae   0x00000002   PAD
    0x080008b0   0x080008b0   0x0000000c   Code   RO          228    .text.A7131_Reset   a7131.o
    0x080008bc   0x080008bc   0x0000003e   Code   RO          226    .text.A7131_WriteID  a7131.o
    0x080008fa   0x080008fa   0x00000002   PAD
    0x080008fc   0x080008fc   0x0000002e   Code   RO          216    .text.A7131_WriteReg  a7131.o
    0x0800092a   0x0800092a   0x00000002   PAD
    0x0800092c   0x0800092c   0x00000020   Code   RO          218    .text.A7131_WriteReg_Page  a7131.o
    0x0800094c   0x0800094c   0x00000072   Code   RO          320    .text.ADC_DMAConvCplt  stm32f4xx_hal_adc.o
    0x080009be   0x080009be   0x00000002   PAD
    0x080009c0   0x080009c0   0x00000016   Code   RO          324    .text.ADC_DMAError  stm32f4xx_hal_adc.o
    0x080009d6   0x080009d6   0x00000002   PAD
    0x080009d8   0x080009d8   0x0000000a   Code   RO          322    .text.ADC_DMAHalfConvCplt  stm32f4xx_hal_adc.o
    0x080009e2   0x080009e2   0x00000002   PAD
    0x080009e4   0x080009e4   0x00000010   Code   RO          160    .text.ADC_IRQHandler  stm32f4xx_it.o
    0x080009f4   0x080009f4   0x00000108   Code   RO          292    .text.ADC_Init      stm32f4xx_hal_adc.o
    0x08000afc   0x08000afc   0x00000002   Code   RO          150    .text.BusFault_Handler  stm32f4xx_it.o
    0x08000afe   0x08000afe   0x00000002   PAD
    0x08000b00   0x08000b00   0x00000008   Code   RO          224    .text.ByteSend      a7131.o
    0x08000b08   0x08000b08   0x0000004c   Code   RO          230    .text.CHGroupCal    a7131.o
    0x08000b54   0x08000b54   0x00000010   Code   RO          164    .text.DMA2_Stream2_IRQHandler  stm32f4xx_it.o
    0x08000b64   0x08000b64   0x0000003c   Code   RO          571    .text.DMA_CalcBaseAndBitshift  stm32f4xx_hal_dma.o
    0x08000ba0   0x08000ba0   0x00000050   Code   RO          569    .text.DMA_CheckFifoParam  stm32f4xx_hal_dma.o
    0x08000bf0   0x08000bf0   0x00000030   Code   RO          577    .text.DMA_SetConfig  stm32f4xx_hal_dma.o
    0x08000c20   0x08000c20   0x00000002   Code   RO          154    .text.DebugMon_Handler  stm32f4xx_it.o
    0x08000c22   0x08000c22   0x00000002   PAD
    0x08000c24   0x08000c24   0x0000000a   Code   RO          156    .text.EXTI3_IRQHandler  stm32f4xx_it.o
    0x08000c2e   0x08000c2e   0x00000002   PAD
    0x08000c30   0x08000c30   0x0000000a   Code   RO          158    .text.EXTI4_IRQHandler  stm32f4xx_it.o
    0x08000c3a   0x08000c3a   0x00000002   PAD
    0x08000c3c   0x08000c3c   0x00000044   Code   RO          214    .text.Err_State     a7131.o
    0x08000c80   0x08000c80   0x0000000a   Code   RO           15    .text.Error_Handler  main.o
    0x08000c8a   0x08000c8a   0x00000002   PAD
    0x08000c8c   0x08000c8c   0x00000002   Code   RO          372    .text.HAL_ADCEx_InjectedConvCpltCallback  stm32f4xx_hal_adc_ex.o
    0x08000c8e   0x08000c8e   0x00000002   PAD
    0x08000c90   0x08000c90   0x00000106   Code   RO          332    .text.HAL_ADC_ConfigChannel  stm32f4xx_hal_adc.o
    0x08000d96   0x08000d96   0x00000002   PAD
    0x08000d98   0x08000d98   0x00000002   Code   RO          312    .text.HAL_ADC_ConvCpltCallback  stm32f4xx_hal_adc.o
    0x08000d9a   0x08000d9a   0x00000002   PAD
    0x08000d9c   0x08000d9c   0x00000002   Code   RO          330    .text.HAL_ADC_ConvHalfCpltCallback  stm32f4xx_hal_adc.o
    0x08000d9e   0x08000d9e   0x00000002   PAD
    0x08000da0   0x08000da0   0x00000002   Code   RO          316    .text.HAL_ADC_ErrorCallback  stm32f4xx_hal_adc.o
    0x08000da2   0x08000da2   0x00000002   PAD
    0x08000da4   0x08000da4   0x00000142   Code   RO          310    .text.HAL_ADC_IRQHandler  stm32f4xx_hal_adc.o
    0x08000ee6   0x08000ee6   0x00000002   PAD
    0x08000ee8   0x08000ee8   0x0000004e   Code   RO          288    .text.HAL_ADC_Init  stm32f4xx_hal_adc.o
    0x08000f36   0x08000f36   0x00000002   PAD
    0x08000f38   0x08000f38   0x00000002   Code   RO          314    .text.HAL_ADC_LevelOutOfWindowCallback  stm32f4xx_hal_adc.o
    0x08000f3a   0x08000f3a   0x00000002   PAD
    0x08000f3c   0x08000f3c   0x000000c6   Code   RO           76    .text.HAL_ADC_MspInit  adc.o
    0x08001002   0x08001002   0x00000002   PAD
    0x08001004   0x08001004   0x0000016a   Code   RO          318    .text.HAL_ADC_Start_DMA  stm32f4xx_hal_adc.o
    0x0800116e   0x0800116e   0x00000002   PAD
    0x08001170   0x08001170   0x0000018c   Code   RO          587    .text.HAL_DMA_IRQHandler  stm32f4xx_hal_dma.o
    0x080012fc   0x080012fc   0x000000ce   Code   RO          567    .text.HAL_DMA_Init  stm32f4xx_hal_dma.o
    0x080013ca   0x080013ca   0x00000002   PAD
    0x080013cc   0x080013cc   0x00000062   Code   RO          579    .text.HAL_DMA_Start_IT  stm32f4xx_hal_dma.o
    0x0800142e   0x0800142e   0x00000002   PAD
    0x08001430   0x08001430   0x00000028   Code   RO          759    .text.HAL_Delay     stm32f4xx_hal.o
    0x08001458   0x08001458   0x0000001c   Code   RO           51    .text.HAL_GPIO_EXTI_Callback  freertos.o
    0x08001474   0x08001474   0x0000001a   Code   RO          539    .text.HAL_GPIO_EXTI_IRQHandler  stm32f4xx_hal_gpio.o
    0x0800148e   0x0800148e   0x00000002   PAD
    0x08001490   0x08001490   0x00000196   Code   RO          527    .text.HAL_GPIO_Init  stm32f4xx_hal_gpio.o
    0x08001626   0x08001626   0x00000002   PAD
    0x08001628   0x08001628   0x0000000a   Code   RO          533    .text.HAL_GPIO_WritePin  stm32f4xx_hal_gpio.o
    0x08001632   0x08001632   0x00000002   PAD
    0x08001634   0x08001634   0x0000000c   Code   RO          751    .text.HAL_GetTick   stm32f4xx_hal.o
    0x08001640   0x08001640   0x00000198   Code   RO          830    .text.HAL_I2C_Init  stm32f4xx_hal_i2c.o
    0x080017d8   0x080017d8   0x0000012a   Code   RO          880    .text.HAL_I2C_Mem_Write  stm32f4xx_hal_i2c.o
    0x08001902   0x08001902   0x00000002   PAD
    0x08001904   0x08001904   0x00000074   Code   RO          101    .text.HAL_I2C_MspInit  i2c.o
    0x08001978   0x08001978   0x0000001a   Code   RO          749    .text.HAL_IncTick   stm32f4xx_hal.o
    0x08001992   0x08001992   0x00000002   PAD
    0x08001994   0x08001994   0x00000036   Code   RO          739    .text.HAL_Init      stm32f4xx_hal.o
    0x080019ca   0x080019ca   0x00000002   PAD
    0x080019cc   0x080019cc   0x0000008e   Code   RO          182    .text.HAL_InitTick  stm32f4xx_hal_timebase_tim.o
    0x08001a5a   0x08001a5a   0x00000002   PAD
    0x08001a5c   0x08001a5c   0x00000046   Code   RO          173    .text.HAL_MspInit   stm32f4xx_hal_msp.o
    0x08001aa2   0x08001aa2   0x00000002   PAD
    0x08001aa4   0x08001aa4   0x00000008   Code   RO          679    .text.HAL_NVIC_EnableIRQ  stm32f4xx_hal_cortex.o
    0x08001aac   0x08001aac   0x0000001e   Code   RO          671    .text.HAL_NVIC_SetPriority  stm32f4xx_hal_cortex.o
    0x08001aca   0x08001aca   0x00000002   PAD
    0x08001acc   0x08001acc   0x00000008   Code   RO          667    .text.HAL_NVIC_SetPriorityGrouping  stm32f4xx_hal_cortex.o
    0x08001ad4   0x08001ad4   0x00000160   Code   RO          391    .text.HAL_RCC_ClockConfig  stm32f4xx_hal_rcc.o
    0x08001c34   0x08001c34   0x0000003e   Code   RO          409    .text.HAL_RCC_GetClockConfig  stm32f4xx_hal_rcc.o
    0x08001c72   0x08001c72   0x00000002   PAD
    0x08001c74   0x08001c74   0x0000000c   Code   RO          401    .text.HAL_RCC_GetHCLKFreq  stm32f4xx_hal_rcc.o
    0x08001c80   0x08001c80   0x00000022   Code   RO          403    .text.HAL_RCC_GetPCLK1Freq  stm32f4xx_hal_rcc.o
    0x08001ca2   0x08001ca2   0x00000002   PAD
    0x08001ca4   0x08001ca4   0x00000022   Code   RO          405    .text.HAL_RCC_GetPCLK2Freq  stm32f4xx_hal_rcc.o
    0x08001cc6   0x08001cc6   0x00000002   PAD
    0x08001cc8   0x08001cc8   0x0000006a   Code   RO          393    .text.HAL_RCC_GetSysClockFreq  stm32f4xx_hal_rcc.o
    0x08001d32   0x08001d32   0x00000002   PAD
    0x08001d34   0x08001d34   0x00000348   Code   RO          389    .text.HAL_RCC_OscConfig  stm32f4xx_hal_rcc.o
    0x0800207c   0x0800207c   0x000000b4   Code   RO         1001    .text.HAL_SPI_Init  stm32f4xx_hal_spi.o
    0x08002130   0x08002130   0x00000072   Code   RO          116    .text.HAL_SPI_MspInit  spi.o
    0x080021a2   0x080021a2   0x00000002   PAD
    0x080021a4   0x080021a4   0x0000014e   Code   RO         1013    .text.HAL_SPI_Receive  stm32f4xx_hal_spi.o
    0x080022f2   0x080022f2   0x00000002   PAD
    0x080022f4   0x080022f4   0x0000017c   Code   RO         1009    .text.HAL_SPI_Transmit  stm32f4xx_hal_spi.o
    0x08002470   0x08002470   0x000001e2   Code   RO         1015    .text.HAL_SPI_TransmitReceive  stm32f4xx_hal_spi.o
    0x08002652   0x08002652   0x00000002   PAD
    0x08002654   0x08002654   0x00000002   Code   RO         1443    .text.HAL_TIMEx_BreakCallback  stm32f4xx_hal_tim_ex.o
    0x08002656   0x08002656   0x00000002   PAD
    0x08002658   0x08002658   0x00000002   Code   RO         1439    .text.HAL_TIMEx_CommutCallback  stm32f4xx_hal_tim_ex.o
    0x0800265a   0x0800265a   0x00000002   PAD
    0x0800265c   0x0800265c   0x0000005a   Code   RO         1119    .text.HAL_TIM_Base_Init  stm32f4xx_hal_tim.o
    0x080026b6   0x080026b6   0x00000002   PAD
    0x080026b8   0x080026b8   0x00000002   Code   RO         1121    .text.HAL_TIM_Base_MspInit  stm32f4xx_hal_tim.o
    0x080026ba   0x080026ba   0x00000002   PAD
    0x080026bc   0x080026bc   0x000000a8   Code   RO         1133    .text.HAL_TIM_Base_Start_IT  stm32f4xx_hal_tim.o
    0x08002764   0x08002764   0x00000002   Code   RO         1255    .text.HAL_TIM_IC_CaptureCallback  stm32f4xx_hal_tim.o
    0x08002766   0x08002766   0x00000002   PAD
    0x08002768   0x08002768   0x0000016a   Code   RO         1253    .text.HAL_TIM_IRQHandler  stm32f4xx_hal_tim.o
    0x080028d2   0x080028d2   0x00000002   PAD
    0x080028d4   0x080028d4   0x00000002   Code   RO         1257    .text.HAL_TIM_OC_DelayElapsedCallback  stm32f4xx_hal_tim.o
    0x080028d6   0x080028d6   0x00000002   PAD
    0x080028d8   0x080028d8   0x00000002   Code   RO         1259    .text.HAL_TIM_PWM_PulseFinishedCallback  stm32f4xx_hal_tim.o
    0x080028da   0x080028da   0x00000002   PAD
    0x080028dc   0x080028dc   0x00000016   Code   RO           17    .text.HAL_TIM_PeriodElapsedCallback  main.o
    0x080028f2   0x080028f2   0x00000002   PAD
    0x080028f4   0x080028f4   0x00000002   Code   RO         1263    .text.HAL_TIM_TriggerCallback  stm32f4xx_hal_tim.o
    0x080028f6   0x080028f6   0x00000002   PAD
    0x080028f8   0x080028f8   0x0000005e   Code   RO         1457    .text.HAL_UART_Init  stm32f4xx_hal_uart.o
    0x08002956   0x08002956   0x00000002   PAD
    0x08002958   0x08002958   0x00000074   Code   RO          131    .text.HAL_UART_MspInit  usart.o
    0x080029cc   0x080029cc   0x000000cc   Code   RO         1473    .text.HAL_UART_Transmit  stm32f4xx_hal_uart.o
    0x08002a98   0x08002a98   0x00000002   Code   RO          146    .text.HardFault_Handler  stm32f4xx_it.o
    0x08002a9a   0x08002a9a   0x00000002   PAD
    0x08002a9c   0x08002a9c   0x00000030   Code   RO          990    .text.I2C_IsAcknowledgeFailed  stm32f4xx_hal_i2c.o
    0x08002acc   0x08002acc   0x000000c0   Code   RO          882    .text.I2C_RequestMemoryWrite  stm32f4xx_hal_i2c.o
    0x08002b8c   0x08002b8c   0x0000005e   Code   RO          846    .text.I2C_WaitOnBTFFlagUntilTimeout  stm32f4xx_hal_i2c.o
    0x08002bea   0x08002bea   0x00000002   PAD
    0x08002bec   0x08002bec   0x00000074   Code   RO          840    .text.I2C_WaitOnFlagUntilTimeout  stm32f4xx_hal_i2c.o
    0x08002c60   0x08002c60   0x0000008c   Code   RO          988    .text.I2C_WaitOnMasterAddressFlagUntilTimeout  stm32f4xx_hal_i2c.o
    0x08002cec   0x08002cec   0x0000005e   Code   RO          844    .text.I2C_WaitOnTXEFlagUntilTimeout  stm32f4xx_hal_i2c.o
    0x08002d4a   0x08002d4a   0x00000002   PAD
    0x08002d4c   0x08002d4c   0x0000003e   Code   RO          242    .text.InitA7131     a7131.o
    0x08002d8a   0x08002d8a   0x00000002   PAD
    0x08002d8c   0x08002d8c   0x00000092   Code   RO           74    .text.MX_ADC2_Init  adc.o
    0x08002e1e   0x08002e1e   0x00000002   PAD
    0x08002e20   0x08002e20   0x00000036   Code   RO           90    .text.MX_DMA_Init   dma.o
    0x08002e56   0x08002e56   0x00000002   PAD
    0x08002e58   0x08002e58   0x0000005e   Code   RO           39    .text.MX_FREERTOS_Init  freertos.o
    0x08002eb6   0x08002eb6   0x00000002   PAD
    0x08002eb8   0x08002eb8   0x000000e4   Code   RO           30    .text.MX_GPIO_Init  gpio.o
    0x08002f9c   0x08002f9c   0x0000003e   Code   RO           99    .text.MX_I2C1_Init  i2c.o
    0x08002fda   0x08002fda   0x00000002   PAD
    0x08002fdc   0x08002fdc   0x00000048   Code   RO          114    .text.MX_SPI1_Init  spi.o
    0x08003024   0x08003024   0x00000038   Code   RO          129    .text.MX_USART1_UART_Init  usart.o
    0x0800305c   0x0800305c   0x00000002   Code   RO          148    .text.MemManage_Handler  stm32f4xx_it.o
    0x0800305e   0x0800305e   0x00000002   PAD
    0x08003060   0x08003060   0x00000002   Code   RO          144    .text.NMI_Handler   stm32f4xx_it.o
    0x08003062   0x08003062   0x00000002   PAD
    0x08003064   0x08003064   0x0000002c   Code   RO          677    .text.NVIC_EncodePriority  stm32f4xx_hal_cortex.o
    0x08003090   0x08003090   0x000000e2   Code   RO          278    .text.OLED_Init     oled.o
    0x08003172   0x08003172   0x00000002   PAD
    0x08003174   0x08003174   0x00000012   Code   RO          276    .text.OLED_WR_Byte  oled.o
    0x08003186   0x08003186   0x0000000a   PAD
    0x08003190   0x08003190   0x00000064   Code   RO         2247    .text.PendSV_Handler  port.o
    0x080031f4   0x080031f4   0x0000003c   Code   RO          240    .text.ReadFIFO      a7131.o
    0x08003230   0x08003230   0x0000002e   Code   RO          212    .text.SPI1_ReadWriteByte  a7131.o
    0x0800325e   0x0800325e   0x00000002   PAD
    0x08003260   0x08003260   0x00000070   Code   RO         1017    .text.SPI_EndRxTransaction  stm32f4xx_hal_spi.o
    0x080032d0   0x080032d0   0x00000064   Code   RO         1011    .text.SPI_EndRxTxTransaction  stm32f4xx_hal_spi.o
    0x08003334   0x08003334   0x000000ce   Code   RO         1109    .text.SPI_WaitFlagStateUntilTimeout  stm32f4xx_hal_spi.o
    0x08003402   0x08003402   0x0000000e   PAD
    0x08003410   0x08003410   0x00000024   Code   RO         2231    .text.SVC_Handler   port.o
    0x08003434   0x08003434   0x00000008   Code   RO         2025    .text.SVC_Setup     cmsis_os2.o
    0x0800343c   0x0800343c   0x000000aa   Code   RO           41    .text.StartATask    freertos.o
    0x080034e6   0x080034e6   0x00000002   PAD
    0x080034e8   0x080034e8   0x00000008   Code   RO           43    .text.StartDTask    freertos.o
    0x080034f0   0x080034f0   0x00000026   Code   RO          222    .text.StrobeCmd     a7131.o
    0x08003516   0x08003516   0x00000002   PAD
    0x08003518   0x08003518   0x0000001a   Code   RO         2015    .text.SysTick_Handler  cmsis_os2.o
    0x08003532   0x08003532   0x00000002   PAD
    0x08003534   0x08003534   0x000000a2   Code   RO           13    .text.SystemClock_Config  main.o
    0x080035d6   0x080035d6   0x00000002   PAD
    0x080035d8   0x080035d8   0x00000012   Code   RO          197    .text.SystemInit    system_stm32f4xx.o
    0x080035ea   0x080035ea   0x00000002   PAD
    0x080035ec   0x080035ec   0x00000010   Code   RO          162    .text.TIM7_IRQHandler  stm32f4xx_it.o
    0x080035fc   0x080035fc   0x00000124   Code   RO         1123    .text.TIM_Base_SetConfig  stm32f4xx_hal_tim.o
    0x08003720   0x08003720   0x000000dc   Code   RO         1461    .text.UART_SetConfig  stm32f4xx_hal_uart.o
    0x080037fc   0x080037fc   0x00000064   Code   RO         1475    .text.UART_WaitOnFlagUntilTimeout  stm32f4xx_hal_uart.o
    0x08003860   0x08003860   0x00000002   Code   RO          152    .text.UsageFault_Handler  stm32f4xx_it.o
    0x08003862   0x08003862   0x00000002   PAD
    0x08003864   0x08003864   0x0000003e   Code   RO          246    .text.WriteThing    a7131.o
    0x080038a2   0x080038a2   0x00000002   PAD
    0x080038a4   0x080038a4   0x00000030   Code   RO          272    .text.Write_IIC_Command  oled.o
    0x080038d4   0x080038d4   0x00000030   Code   RO          274    .text.Write_IIC_Data  oled.o
    0x08003904   0x08003904   0x00000020   Code   RO          681    .text.__NVIC_EnableIRQ  stm32f4xx_hal_cortex.o
    0x08003924   0x08003924   0x00000010   Code   RO          673    .text.__NVIC_GetPriorityGrouping  stm32f4xx_hal_cortex.o
    0x08003934   0x08003934   0x00000022   Code   RO          675    .text.__NVIC_SetPriority  stm32f4xx_hal_cortex.o
    0x08003956   0x08003956   0x00000002   PAD
    0x08003958   0x08003958   0x0000000e   Code   RO         2179    .text.__NVIC_SetPriority  cmsis_os2.o
    0x08003966   0x08003966   0x00000002   PAD
    0x08003968   0x08003968   0x00000020   Code   RO          669    .text.__NVIC_SetPriorityGrouping  stm32f4xx_hal_cortex.o
    0x08003988   0x08003988   0x00000034   Code   RO           53    .text.display_char  freertos.o
    0x080039bc   0x080039bc   0x0000005c   Code   RO           49    .text.display_gra   freertos.o
    0x08003a18   0x08003a18   0x00000026   Code   RO           47    .text.display_string  freertos.o
    0x08003a3e   0x08003a3e   0x00000002   PAD
    0x08003a40   0x08003a40   0x00000014   Code   RO          236    .text.initRF        a7131.o
    0x08003a54   0x08003a54   0x0000004a   Code   RO           11    .text.main          main.o
    0x08003a9e   0x08003a9e   0x00000002   PAD
    0x08003aa0   0x08003aa0   0x00000014   Code   RO           45    .text.oled_clear    freertos.o
    0x08003ab4   0x08003ab4   0x00000020   Code   RO         2083    .text.osDelay       cmsis_os2.o
    0x08003ad4   0x08003ad4   0x00000028   Code   RO         2017    .text.osKernelInitialize  cmsis_os2.o
    0x08003afc   0x08003afc   0x00000034   Code   RO         2023    .text.osKernelStart  cmsis_os2.o
    0x08003b30   0x08003b30   0x0000006a   Code   RO         2125    .text.osSemaphoreAcquire  cmsis_os2.o
    0x08003b9a   0x08003b9a   0x00000002   PAD
    0x08003b9c   0x08003b9c   0x000000c4   Code   RO         2123    .text.osSemaphoreNew  cmsis_os2.o
    0x08003c60   0x08003c60   0x00000060   Code   RO         2127    .text.osSemaphoreRelease  cmsis_os2.o
    0x08003cc0   0x08003cc0   0x000000b4   Code   RO         2047    .text.osThreadNew   cmsis_os2.o
    0x08003d74   0x08003d74   0x00000080   Code   RO         1809    .text.prvAddCurrentTaskToDelayedList  tasks.o
    0x08003df4   0x08003df4   0x000000ac   Code   RO         1795    .text.prvAddNewTaskToReadyList  tasks.o
    0x08003ea0   0x08003ea0   0x0000007c   Code   RO         1946    .text.prvCheckForValidListAndQueue  timers.o
    0x08003f1c   0x08003f1c   0x0000004e   Code   RO         1913    .text.prvCheckTasksWaitingTermination  tasks.o
    0x08003f6a   0x08003f6a   0x00000002   PAD
    0x08003f6c   0x08003f6c   0x00000026   Code   RO         1686    .text.prvCopyDataFromQueue  queue.o
    0x08003f92   0x08003f92   0x00000002   PAD
    0x08003f94   0x08003f94   0x0000007a   Code   RO         1674    .text.prvCopyDataToQueue  queue.o
    0x0800400e   0x0800400e   0x00000002   PAD
    0x08004010   0x08004010   0x00000036   Code   RO         1801    .text.prvDeleteTCB  tasks.o
    0x08004046   0x08004046   0x00000002   PAD
    0x08004048   0x08004048   0x00000012   Code   RO         1690    .text.prvGetDisinheritPriorityAfterTimeout  queue.o
    0x0800405a   0x0800405a   0x00000002   PAD
    0x0800405c   0x0800405c   0x00000020   Code   RO         1984    .text.prvGetNextExpireTime  timers.o
    0x0800407c   0x0800407c   0x00000076   Code   RO         2197    .text.prvHeapInit   heap_4.o
    0x080040f2   0x080040f2   0x00000002   PAD
    0x080040f4   0x080040f4   0x0000002a   Code   RO         1835    .text.prvIdleTask   tasks.o
    0x0800411e   0x0800411e   0x00000002   PAD
    0x08004120   0x08004120   0x00000020   Code   RO         1648    .text.prvInitialiseNewQueue  queue.o
    0x08004140   0x08004140   0x00000098   Code   RO         1793    .text.prvInitialiseNewTask  tasks.o
    0x080041d8   0x080041d8   0x00000070   Code   RO         1911    .text.prvInitialiseTaskLists  tasks.o
    0x08004248   0x08004248   0x0000005a   Code   RO         2199    .text.prvInsertBlockIntoFreeList  heap_4.o
    0x080042a2   0x080042a2   0x00000002   PAD
    0x080042a4   0x080042a4   0x00000040   Code   RO         1996    .text.prvInsertTimerInActiveList  timers.o
    0x080042e4   0x080042e4   0x00000018   Code   RO         1688    .text.prvIsQueueEmpty  queue.o
    0x080042fc   0x080042fc   0x0000001c   Code   RO         1676    .text.prvIsQueueFull  queue.o
    0x08004318   0x08004318   0x00000028   Code   RO         2239    .text.prvPortStartFirstTask  port.o
    0x08004340   0x08004340   0x0000006e   Code   RO         1992    .text.prvProcessExpiredTimer  timers.o
    0x080043ae   0x080043ae   0x00000002   PAD
    0x080043b0   0x080043b0   0x00000122   Code   RO         1988    .text.prvProcessReceivedCommands  timers.o
    0x080044d2   0x080044d2   0x00000002   PAD
    0x080044d4   0x080044d4   0x00000080   Code   RO         1986    .text.prvProcessTimerOrBlockTask  timers.o
    0x08004554   0x08004554   0x00000028   Code   RO         1803    .text.prvResetNextTaskUnblockTime  tasks.o
    0x0800457c   0x0800457c   0x0000002a   Code   RO         1990    .text.prvSampleTimeNow  timers.o
    0x080045a6   0x080045a6   0x00000002   PAD
    0x080045a8   0x080045a8   0x0000008e   Code   RO         1994    .text.prvSwitchTimerLists  timers.o
    0x08004636   0x08004636   0x00000002   PAD
    0x08004638   0x08004638   0x00000032   Code   RO         2229    .text.prvTaskExitError  port.o
    0x0800466a   0x0800466a   0x00000002   PAD
    0x0800466c   0x0800466c   0x00000016   Code   RO         1948    .text.prvTimerTask  timers.o
    0x08004682   0x08004682   0x00000002   PAD
    0x08004684   0x08004684   0x00000072   Code   RO         1678    .text.prvUnlockQueue  queue.o
    0x080046f6   0x080046f6   0x00000002   PAD
    0x080046f8   0x080046f8   0x0000014a   Code   RO         2195    .text.pvPortMalloc  heap_4.o
    0x08004842   0x08004842   0x00000002   PAD
    0x08004844   0x08004844   0x00000018   Code   RO         1895    .text.pvTaskIncrementMutexHeldCount  tasks.o
    0x0800485c   0x0800485c   0x00000028   Code   RO         2227    .text.pxPortInitialiseStack  port.o
    0x08004884   0x08004884   0x00000024   Code   RO         1634    .text.uxListRemove  list.o
    0x080048a8   0x080048a8   0x0000001a   Code   RO         2175    .text.vApplicationGetIdleTaskMemory  cmsis_os2.o
    0x080048c2   0x080048c2   0x00000002   PAD
    0x080048c4   0x080048c4   0x0000001c   Code   RO         2177    .text.vApplicationGetTimerTaskMemory  cmsis_os2.o
    0x080048e0   0x080048e0   0x00000016   Code   RO         1626    .text.vListInitialise  list.o
    0x080048f6   0x080048f6   0x00000002   PAD
    0x080048f8   0x080048f8   0x00000006   Code   RO         1628    .text.vListInitialiseItem  list.o
    0x080048fe   0x080048fe   0x00000002   PAD
    0x08004900   0x08004900   0x0000003a   Code   RO         1632    .text.vListInsert   list.o
    0x0800493a   0x0800493a   0x00000002   PAD
    0x0800493c   0x0800493c   0x0000001c   Code   RO         1630    .text.vListInsertEnd  list.o
    0x08004958   0x08004958   0x00000014   Code   RO         2237    .text.vPortEnableVFP  port.o
    0x0800496c   0x0800496c   0x00000046   Code   RO         2243    .text.vPortEnterCritical  port.o
    0x080049b2   0x080049b2   0x00000002   PAD
    0x080049b4   0x080049b4   0x0000002e   Code   RO         2245    .text.vPortExitCritical  port.o
    0x080049e2   0x080049e2   0x00000002   PAD
    0x080049e4   0x080049e4   0x0000008a   Code   RO         2201    .text.vPortFree     heap_4.o
    0x08004a6e   0x08004a6e   0x00000002   PAD
    0x08004a70   0x08004a70   0x00000034   Code   RO         2235    .text.vPortSetupTimerInterrupt  port.o
    0x08004aa4   0x08004aa4   0x00000062   Code   RO         2251    .text.vPortValidateInterruptPriority  port.o
    0x08004b06   0x08004b06   0x00000002   PAD
    0x08004b08   0x08004b08   0x00000028   Code   RO         1718    .text.vQueueAddToRegistry  queue.o
    0x08004b30   0x08004b30   0x0000002e   Code   RO         1704    .text.vQueueDelete  queue.o
    0x08004b5e   0x08004b5e   0x00000002   PAD
    0x08004b60   0x08004b60   0x0000002a   Code   RO         1706    .text.vQueueUnregisterQueue  queue.o
    0x08004b8a   0x08004b8a   0x00000002   PAD
    0x08004b8c   0x08004b8c   0x00000044   Code   RO         1722    .text.vQueueWaitForMessageRestricted  queue.o
    0x08004bd0   0x08004bd0   0x00000054   Code   RO         1813    .text.vTaskDelay    tasks.o
    0x08004c24   0x08004c24   0x0000001a   Code   RO         1867    .text.vTaskInternalSetTimeOutState  tasks.o
    0x08004c3e   0x08004c3e   0x00000002   PAD
    0x08004c40   0x08004c40   0x0000000e   Code   RO         1871    .text.vTaskMissedYield  tasks.o
    0x08004c4e   0x08004c4e   0x00000002   PAD
    0x08004c50   0x08004c50   0x00000032   Code   RO         1855    .text.vTaskPlaceOnEventList  tasks.o
    0x08004c82   0x08004c82   0x00000002   PAD
    0x08004c84   0x08004c84   0x0000003e   Code   RO         1859    .text.vTaskPlaceOnEventListRestricted  tasks.o
    0x08004cc2   0x08004cc2   0x00000002   PAD
    0x08004cc4   0x08004cc4   0x000000a4   Code   RO         1891    .text.vTaskPriorityDisinheritAfterTimeout  tasks.o
    0x08004d68   0x08004d68   0x000000a4   Code   RO         1833    .text.vTaskStartScheduler  tasks.o
    0x08004e0c   0x08004e0c   0x00000010   Code   RO         1807    .text.vTaskSuspendAll  tasks.o
    0x08004e1c   0x08004e1c   0x0000009a   Code   RO         1825    .text.vTaskSwitchContext  tasks.o
    0x08004eb6   0x08004eb6   0x00000002   PAD
    0x08004eb8   0x08004eb8   0x00000112   Code   RO         2233    .text.xPortStartScheduler  port.o
    0x08004fca   0x08004fca   0x00000002   PAD
    0x08004fcc   0x08004fcc   0x0000002e   Code   RO         2249    .text.xPortSysTickHandler  port.o
    0x08004ffa   0x08004ffa   0x00000002   PAD
    0x08004ffc   0x08004ffc   0x00000042   Code   RO         1672    .text.xQueueCreateCountingSemaphore  queue.o
    0x0800503e   0x0800503e   0x00000002   PAD
    0x08005040   0x08005040   0x0000004e   Code   RO         1670    .text.xQueueCreateCountingSemaphoreStatic  queue.o
    0x0800508e   0x0800508e   0x00000002   PAD
    0x08005090   0x08005090   0x00000046   Code   RO         1650    .text.xQueueGenericCreate  queue.o
    0x080050d6   0x080050d6   0x00000002   PAD
    0x080050d8   0x080050d8   0x00000096   Code   RO         1646    .text.xQueueGenericCreateStatic  queue.o
    0x0800516e   0x0800516e   0x00000002   PAD
    0x08005170   0x08005170   0x0000007e   Code   RO         1644    .text.xQueueGenericReset  queue.o
    0x080051ee   0x080051ee   0x00000002   PAD
    0x080051f0   0x080051f0   0x000001a2   Code   RO         1664    .text.xQueueGenericSend  queue.o
    0x08005392   0x08005392   0x00000002   PAD
    0x08005394   0x08005394   0x000000ce   Code   RO         1680    .text.xQueueGenericSendFromISR  queue.o
    0x08005462   0x08005462   0x00000002   PAD
    0x08005464   0x08005464   0x000000c0   Code   RO         1682    .text.xQueueGiveFromISR  queue.o
    0x08005524   0x08005524   0x00000184   Code   RO         1684    .text.xQueueReceive  queue.o
    0x080056a8   0x080056a8   0x000000aa   Code   RO         1694    .text.xQueueReceiveFromISR  queue.o
    0x08005752   0x08005752   0x00000002   PAD
    0x08005754   0x08005754   0x000001c6   Code   RO         1668    .text.xQueueSemaphoreTake  queue.o
    0x0800591a   0x0800591a   0x00000002   PAD
    0x0800591c   0x0800591c   0x00000088   Code   RO         1869    .text.xTaskCheckForTimeOut  tasks.o
    0x080059a4   0x080059a4   0x00000066   Code   RO         1797    .text.xTaskCreate   tasks.o
    0x08005a0a   0x08005a0a   0x00000002   PAD
    0x08005a0c   0x08005a0c   0x00000076   Code   RO         1791    .text.xTaskCreateStatic  tasks.o
    0x08005a82   0x08005a82   0x00000002   PAD
    0x08005a84   0x08005a84   0x00000026   Code   RO         1885    .text.xTaskGetSchedulerState  tasks.o
    0x08005aaa   0x08005aaa   0x00000002   PAD
    0x08005aac   0x08005aac   0x0000000c   Code   RO         1841    .text.xTaskGetTickCount  tasks.o
    0x08005ab8   0x08005ab8   0x00000152   Code   RO         1839    .text.xTaskIncrementTick  tasks.o
    0x08005c0a   0x08005c0a   0x00000002   PAD
    0x08005c0c   0x08005c0c   0x00000092   Code   RO         1889    .text.xTaskPriorityDisinherit  tasks.o
    0x08005c9e   0x08005c9e   0x00000002   PAD
    0x08005ca0   0x08005ca0   0x00000092   Code   RO         1887    .text.xTaskPriorityInherit  tasks.o
    0x08005d32   0x08005d32   0x00000002   PAD
    0x08005d34   0x08005d34   0x0000008e   Code   RO         1861    .text.xTaskRemoveFromEventList  tasks.o
    0x08005dc2   0x08005dc2   0x00000002   PAD
    0x08005dc4   0x08005dc4   0x00000114   Code   RO         1811    .text.xTaskResumeAll  tasks.o
    0x08005ed8   0x08005ed8   0x00000074   Code   RO         1944    .text.xTimerCreateTimerTask  timers.o
    0x08005f4c   0x08005f4c   0x00000068   Code   RO         1956    .text.xTimerGenericCommand  timers.o
    0x08005fb4   0x08005fb4   0x0000001a   Code   RO         2431    x$fpl$fpinit        fz_wm.l(fpinit.o)
    0x08005fce   0x08005fce   0x00000002   PAD
    0x08005fd0   0x08005fd0   0x00000100   Data   RO          252    .rodata.A7131Config  a7131.o
    0x080060d0   0x080060d0   0x00000008   Data   RO          253    .rodata.A7131_Addr2A_Config  a7131.o
    0x080060d8   0x080060d8   0x00000005   Data   RO          254    .rodata.A7131_Addr38_Config  a7131.o
    0x080060dd   0x080060dd   0x00000010   Data   RO          202    .rodata.AHBPrescTable  system_stm32f4xx.o
    0x080060ed   0x080060ed   0x00000008   Data   RO          203    .rodata.APBPrescTable  system_stm32f4xx.o
    0x080060f5   0x080060f5   0x00000004   Data   RO          251    .rodata.ID_Tab      a7131.o
    0x080060f9   0x080060f9   0x00000008   Data   RO          248    .rodata.PageTab     a7131.o
    0x08006101   0x08006101   0x00000003   PAD
    0x08006104   0x08006104   0x00000024   Data   RO           56    .rodata.aTask_attributes  freertos.o
    0x08006128   0x08006128   0x00000024   Data   RO           57    .rodata.dTask_attributes  freertos.o
    0x0800614c   0x0800614c   0x00001000   Data   RO          266    .rodata.font16      font.o
    0x0800714c   0x0800714c   0x00000015   Data   RO           55    .rodata.str1.1      freertos.o
    0x08007161   0x08007161   0x00000003   PAD
    0x08007164   0x08007164   0x00000010   Data   RO           58    .rodata.xx_attributes  freertos.o
    0x08007174   0x08007174   0x00000020   Data   RO         2492    Region$$Table       anon$$obj.o


    Execution Region RW_IRAM2 (Exec base: 0x10000000, Load base: 0x080071a8, Size: 0x00000000, Max: 0x00010000, ABSOLUTE)

    **** No section assigned to this execution region ****


    Execution Region RW_IRAM1 (Exec base: 0x20000000, Load base: 0x08007198, Size: 0x00005d38, Max: 0x00020000, ABSOLUTE)

    Exec Addr    Load Addr    Size         Type   Attr      Idx    E Section Name        Object

    0x20000000   0x08007198   0x00000004   Data   RW          201    .data.SystemCoreClock  system_stm32f4xx.o
    0x20000004   0x0800719c   0x00000001   Data   RW          794    .data.uwTickFreq    stm32f4xx_hal.o
    0x20000005   0x0800719d   0x00000003   PAD
    0x20000008   0x080071a0   0x00000004   Data   RW          793    .data.uwTickPrio    stm32f4xx_hal.o
    0x2000000c   0x080071a4   0x00000004   Data   RW         2255    .data.uxCriticalNesting  port.o
    0x20000010        -       0x00000060   Zero   RW         2359    .bss                c_w.l(libspace.o)
    0x20000070        -       0x00000004   Zero   RW         2181    .bss.KernelState    cmsis_os2.o
    0x20000074        -       0x00000040   Zero   RW           64    .bss.MasterSend     freertos.o
    0x200000b4        -       0x00000040   Zero   RW          255    .bss.RfBuf          a7131.o
    0x200000f4        -       0x00000004   Zero   RW           60    .bss.aTaskHandle    freertos.o
    0x200000f8        -       0x00000006   Zero   RW           19    .bss.adcx           main.o
    0x200000fe   0x080071a8   0x00000002   PAD
    0x20000100        -       0x00000004   Zero   RW           61    .bss.dTaskHandle    freertos.o
    0x20000104        -       0x00000400   Zero   RW           65    .bss.gra            freertos.o
    0x20000504        -       0x00000048   Zero   RW           80    .bss.hadc2          adc.o
    0x2000054c        -       0x00000060   Zero   RW           81    .bss.hdma_adc2      adc.o
    0x200005ac        -       0x00000054   Zero   RW          105    .bss.hi2c1          i2c.o
    0x20000600        -       0x00000058   Zero   RW          120    .bss.hspi1          spi.o
    0x20000658        -       0x00000048   Zero   RW          188    .bss.htim7          stm32f4xx_hal_timebase_tim.o
    0x200006a0        -       0x00000044   Zero   RW          135    .bss.huart1         usart.o
    0x200006e4        -       0x000000a0   Zero   RW         2006    .bss.prvCheckForValidListAndQueue.ucStaticTimerQueueStorage  timers.o
    0x20000784        -       0x00000050   Zero   RW         2005    .bss.prvCheckForValidListAndQueue.xStaticTimerQueue  timers.o
    0x200007d4        -       0x00000004   Zero   RW         2002    .bss.prvSampleTimeNow.xLastTime  timers.o
    0x200007d8        -       0x00000004   Zero   RW         1915    .bss.pxCurrentTCB   tasks.o
    0x200007dc        -       0x00000004   Zero   RW         2000    .bss.pxCurrentTimerList  timers.o
    0x200007e0        -       0x00000004   Zero   RW         1923    .bss.pxDelayedTaskList  tasks.o
    0x200007e4        -       0x00000004   Zero   RW         2211    .bss.pxEnd          heap_4.o
    0x200007e8        -       0x00000004   Zero   RW         1924    .bss.pxOverflowDelayedTaskList  tasks.o
    0x200007ec        -       0x00000004   Zero   RW         2001    .bss.pxOverflowTimerList  timers.o
    0x200007f0        -       0x00000460   Zero   RW         1926    .bss.pxReadyTasksLists  tasks.o
    0x20000c50        -       0x00000100   Zero   RW           20    .bss.u_buf          main.o
    0x20000d50        -       0x00003c00   Zero   RW         2218    .bss.ucHeap         heap_4.o
    0x20004950        -       0x00000001   Zero   RW         2253    .bss.ucMaxSysCallPriority  port.o
    0x20004951   0x080071a8   0x00000003   PAD
    0x20004954        -       0x00000004   Zero   RW         2254    .bss.ulMaxPRIGROUPValue  port.o
    0x20004958        -       0x00000004   Zero   RW          795    .bss.uwTick         stm32f4xx_hal.o
    0x2000495c        -       0x00000004   Zero   RW         1919    .bss.uxCurrentNumberOfTasks  tasks.o
    0x20004960        -       0x00000004   Zero   RW         1918    .bss.uxDeletedTasksWaitingCleanUp  tasks.o
    0x20004964        -       0x00000004   Zero   RW         1921    .bss.uxSchedulerSuspended  tasks.o
    0x20004968        -       0x00000004   Zero   RW         1916    .bss.uxTaskNumber   tasks.o
    0x2000496c        -       0x00000004   Zero   RW         1927    .bss.uxTopReadyPriority  tasks.o
    0x20004970        -       0x00000200   Zero   RW         2184    .bss.vApplicationGetIdleTaskMemory.Idle_Stack  cmsis_os2.o
    0x20004b70        -       0x0000005c   Zero   RW         2183    .bss.vApplicationGetIdleTaskMemory.Idle_TCB  cmsis_os2.o
    0x20004bcc        -       0x00000400   Zero   RW         2186    .bss.vApplicationGetTimerTaskMemory.Timer_Stack  cmsis_os2.o
    0x20004fcc        -       0x0000005c   Zero   RW         2185    .bss.vApplicationGetTimerTaskMemory.Timer_TCB  cmsis_os2.o
    0x20005028        -       0x00000014   Zero   RW         2003    .bss.xActiveTimerList1  timers.o
    0x2000503c        -       0x00000014   Zero   RW         2004    .bss.xActiveTimerList2  timers.o
    0x20005050        -       0x00000001   Zero   RW         2212    .bss.xBlockAllocatedBit  heap_4.o
    0x20005051   0x080071a8   0x00000003   PAD
    0x20005054        -       0x00000014   Zero   RW         1934    .bss.xDelayedTaskList1  tasks.o
    0x20005068        -       0x00000014   Zero   RW         1935    .bss.xDelayedTaskList2  tasks.o
    0x2000507c        -       0x00000004   Zero   RW         2213    .bss.xFreeBytesRemaining  heap_4.o
    0x20005080        -       0x00000004   Zero   RW         1929    .bss.xIdleTaskHandle  tasks.o
    0x20005084        -       0x00000004   Zero   RW         2215    .bss.xMinimumEverFreeBytesRemaining  heap_4.o
    0x20005088        -       0x00000004   Zero   RW         1930    .bss.xNextTaskUnblockTime  tasks.o
    0x2000508c        -       0x00000004   Zero   RW         1933    .bss.xNumOfOverflows  tasks.o
    0x20005090        -       0x00000004   Zero   RW         2216    .bss.xNumberOfSuccessfulAllocations  heap_4.o
    0x20005094        -       0x00000004   Zero   RW         2217    .bss.xNumberOfSuccessfulFrees  heap_4.o
    0x20005098        -       0x00000004   Zero   RW         1932    .bss.xPendedTicks   tasks.o
    0x2000509c        -       0x00000014   Zero   RW         1928    .bss.xPendingReadyList  tasks.o
    0x200050b0        -       0x00000040   Zero   RW         1724    .bss.xQueueRegistry  queue.o
    0x200050f0        -       0x00000004   Zero   RW         1920    .bss.xSchedulerRunning  tasks.o
    0x200050f4        -       0x00000008   Zero   RW         2214    .bss.xStart         heap_4.o
    0x200050fc        -       0x00000014   Zero   RW         1925    .bss.xSuspendedTaskList  tasks.o
    0x20005110        -       0x00000014   Zero   RW         1917    .bss.xTasksWaitingTermination  tasks.o
    0x20005124        -       0x00000004   Zero   RW         1922    .bss.xTickCount     tasks.o
    0x20005128        -       0x00000004   Zero   RW         1998    .bss.xTimerQueue    timers.o
    0x2000512c        -       0x00000004   Zero   RW         1999    .bss.xTimerTaskHandle  timers.o
    0x20005130        -       0x00000004   Zero   RW         1931    .bss.xYieldPending  tasks.o
    0x20005134        -       0x00000004   Zero   RW           59    .bss.xxHandle       freertos.o
    0x20005138        -       0x00000600   Zero   RW            2    HEAP                startup_stm32f407xx.o
    0x20005738        -       0x00000600   Zero   RW            1    STACK               startup_stm32f407xx.o


==============================================================================

Image component sizes


      Code (inc. data)   RO Data    RW Data    ZI Data      Debug   Object Name

       988         12        281          0         64       5096   a7131.o
       344          0          0          0        168       6879   adc.o
       804          0          0          0       1724      42621   cmsis_os2.o
        54          0          0          0          0       3282   dma.o
         0          0       4096          0          0        366   font.o
       502          0        109          0       1100       4941   freertos.o
       228          0          0          0          0       4006   gpio.o
       676          0          0          0      15389       4730   heap_4.o
       178          0          0          0         84       5112   i2c.o
       150          0          0          0          0       2209   list.o
       268          0          0          0        262       5737   main.o
       340          0          0          0          0       1055   oled.o
       872         16          0          4          5       3818   port.o
      2890          0          0          0         64      22603   queue.o
       186          0          0          0         88       4916   spi.o
        64         26        392          0       3072        832   startup_stm32f407xx.o
       132          0          0          5          4       7301   stm32f4xx_hal.o
      1442          0          0          0          0      10796   stm32f4xx_hal_adc.o
         2          0          0          0          0       8959   stm32f4xx_hal_adc_ex.o
       204          0          0          0          0      10675   stm32f4xx_hal_cortex.o
       888         12          0          0          0       9237   stm32f4xx_hal_dma.o
       442          0          0          0          0       5173   stm32f4xx_hal_gpio.o
      1390          0          0          0          0      39160   stm32f4xx_hal_i2c.o
        70          0          0          0          0       3345   stm32f4xx_hal_msp.o
      1440          0          0          0          0       7299   stm32f4xx_hal_rcc.o
      1794          0          0          0          0      21642   stm32f4xx_hal_spi.o
       922          0          0          0          0      42867   stm32f4xx_hal_tim.o
         4          0          0          0          0      18078   stm32f4xx_hal_tim_ex.o
       142          0          0          0         72       7083   stm32f4xx_hal_timebase_tim.o
       618          0          0          0          0      20754   stm32f4xx_hal_uart.o
        80          0          0          0          0       1374   stm32f4xx_it.o
        18          0         24          4          0       2600   system_stm32f4xx.o
      2990          8          0          0       1280      29928   tasks.o
      1174         26          0          0        300      14821   timers.o
       172          0          0          0         68       4854   usart.o

    ----------------------------------------------------------------------
     22740        100       4940         16      23752     384149   Object Totals
         0          0         32          0          0          0   (incl. Generated)
       272          0          6          3          8          0   (incl. Padding)

    ----------------------------------------------------------------------

      Code (inc. data)   RO Data    RW Data    ZI Data      Debug   Library Member Name

        44          6          0          0          0         84   __2sprintf.o
         8          0          0          0          0         68   __main.o
       104          0          0          0          0         84   __printf.o
         0          0          0          0          0          0   __rtentry.o
        12          0          0          0          0          0   __rtentry2.o
         6          0          0          0          0          0   __rtentry4.o
        52          8          0          0          0          0   __scatter.o
        26          0          0          0          0          0   __scatter_copy.o
        28          0          0          0          0          0   __scatter_zi.o
        48          6          0          0          0         96   _printf_char_common.o
         6          0          0          0          0          0   _printf_d.o
       120         16          0          0          0         92   _printf_dec.o
       178          0          0          0          0         88   _printf_intcommon.o
         0          0          0          0          0          0   _printf_percent.o
         4          0          0          0          0          0   _printf_percent_end.o
        10          0          0          0          0         68   _sputc.o
        16          0          0          0          0         68   aeabi_memset4.o
        18          0          0          0          0         80   exit.o
         6          0          0          0          0        152   heapauxi.o
         0          0          0          0          0          0   indicate_semi.o
         2          0          0          0          0          0   libinit.o
         6          0          0          0          0          0   libinit2.o
         2          0          0          0          0          0   libshutdown.o
         2          0          0          0          0          0   libshutdown2.o
         8          4          0          0         96         68   libspace.o
       240          0          0          0          0        100   lludivv7m.o
        78          0          0          0          0         80   rt_memclr_w.o
       138          0          0          0          0         68   rt_memcpy_v6.o
       100          0          0          0          0         80   rt_memcpy_w.o
         2          0          0          0          0          0   rtexit.o
        10          0          0          0          0          0   rtexit2.o
        12          4          0          0          0         68   sys_exit.o
        74          0          0          0          0         80   sys_stackheap_outer.o
         2          0          0          0          0         68   use_no_semi.o
        26          0          0          0          0        116   fpinit.o

    ----------------------------------------------------------------------
      1396         44          0          0         96       1608   Library Totals
         8          0          0          0          0          0   (incl. Padding)

    ----------------------------------------------------------------------

      Code (inc. data)   RO Data    RW Data    ZI Data      Debug   Library Name

      1362         44          0          0         96       1492   c_w.l
        26          0          0          0          0        116   fz_wm.l

    ----------------------------------------------------------------------
      1396         44          0          0         96       1608   Library Totals

    ----------------------------------------------------------------------

==============================================================================


      Code (inc. data)   RO Data    RW Data    ZI Data      Debug   

     24136        144       4940         16      23848     384517   Grand Totals
     24136        144       4940         16      23848     384517   ELF Image Totals
     24136        144       4940         16          0          0   ROM Totals

==============================================================================

    Total RO  Size (Code + RO Data)                29076 (  28.39kB)
    Total RW  Size (RW Data + ZI Data)             23864 (  23.30kB)
    Total ROM Size (Code + RO Data + RW Data)      29092 (  28.41kB)

==============================================================================

